Component: ARM Compiler 5.06 update 6 (build 750) Tool: armlink [4d35ed]

==============================================================================

Section Cross References

    user_control.o(i.PWM_AD_Speed_Control) refers to mc_ctrl.o(i.User_Motor_Off) for User_Motor_Off
    user_control.o(i.PWM_AD_Speed_Control) refers to fflti.o(.text) for __aeabi_i2f
    user_control.o(i.PWM_AD_Speed_Control) refers to fmul.o(x$fpl$fmul) for __aeabi_fmul
    user_control.o(i.PWM_AD_Speed_Control) refers to faddsub.o(x$fpl$fadd) for __aeabi_fadd
    user_control.o(i.PWM_AD_Speed_Control) refers to ffixi.o(.text) for __aeabi_f2iz
    user_control.o(i.PWM_AD_Speed_Control) refers to mc_ctrl.o(i.User_MotorSpeed_Set) for User_MotorSpeed_Set
    user_control.o(i.PWM_AD_Speed_Control) refers to mc_ctrl.o(i.User_Motor_On) for User_Motor_On
    user_control.o(i.PWM_AD_Speed_Control) refers to mc_ctrl.o(.bss) for Basic
    user_control.o(i.PWM_AD_Speed_Control) refers to user_control.o(.bss) for .bss
    user_control.o(i.PWM_Speed_Control) refers to mc_ctrl.o(i.User_Motor_Off) for User_Motor_Off
    user_control.o(i.PWM_Speed_Control) refers to fflti.o(.text) for __aeabi_ui2f
    user_control.o(i.PWM_Speed_Control) refers to fmul.o(x$fpl$fmul) for __aeabi_fmul
    user_control.o(i.PWM_Speed_Control) refers to faddsub.o(x$fpl$fadd) for __aeabi_fadd
    user_control.o(i.PWM_Speed_Control) refers to ffixi.o(.text) for __aeabi_f2iz
    user_control.o(i.PWM_Speed_Control) refers to mc_ctrl.o(i.User_MotorSpeed_Set) for User_MotorSpeed_Set
    user_control.o(i.PWM_Speed_Control) refers to mc_ctrl.o(i.User_Motor_On) for User_Motor_On
    user_control.o(i.PWM_Speed_Control) refers to user_control.o(.bss) for .bss
    user_control.o(i.PWM_Speed_Control) refers to mc_ctrl.o(.bss) for Basic
    user_control.o(i.User_Sleep_Manage) refers to acmp.o(i.ACMP_Stop) for ACMP_Stop
    user_control.o(i.User_Sleep_Manage) refers to adc.o(i.ADC_Stop) for ADC_Stop
    user_control.o(i.User_Sleep_Manage) refers to pga.o(i.PGA_Stop) for PGA_Stop
    user_control.o(i.User_Sleep_Manage) refers to epwm.o(i.EPWM_DisableOutput) for EPWM_DisableOutput
    user_control.o(i.User_Sleep_Manage) refers to epwm.o(i.EPWM_Stop) for EPWM_Stop
    user_control.o(i.User_Sleep_Manage) refers to dac.o(i.DAC_Stop) for DAC_Stop
    user_control.o(i.User_Sleep_Manage) refers to cgc.o(i.CGC_PER12PeriphClockCmd) for CGC_PER12PeriphClockCmd
    user_control.o(i.User_Sleep_Manage) refers to gpio.o(i.GPIO_Init) for GPIO_Init
    user_control.o(i.User_Sleep_Manage) refers to softinit.o(i.DelayTime_ms) for DelayTime_ms
    user_control.o(i.User_Sleep_Manage) refers to divsqrt.o(i.DIVSQRT_EnableDIVMode) for DIVSQRT_EnableDIVMode
    user_control.o(i.User_Sleep_Manage) refers to divsqrt.o(i.DIVSQRT_EnableSingedMode) for DIVSQRT_EnableSingedMode
    user_control.o(i.User_Sleep_Manage) refers to hardinit.o(i.CCP_Capture_Init) for CCP_Capture_Init
    user_control.o(i.User_Sleep_Manage) refers to hardinit.o(i.CCP_PWM_Init) for CCP_PWM_Init
    user_control.o(i.User_Sleep_Manage) refers to pga.o(i.PGA_Start) for PGA_Start
    user_control.o(i.User_Sleep_Manage) refers to adc.o(i.ADC_Start) for ADC_Start
    user_control.o(i.User_Sleep_Manage) refers to dac.o(i.DAC_Start) for DAC_Start
    user_control.o(i.User_Sleep_Manage) refers to acmp.o(i.ACMP_Start) for ACMP_Start
    user_control.o(i.User_Sleep_Manage) refers to epwm.o(i.EPWM_EnableOutput) for EPWM_EnableOutput
    user_control.o(i.User_Sleep_Manage) refers to epwm.o(i.EPWM_Start) for EPWM_Start
    user_control.o(i.User_Sleep_Manage) refers to mc_ctrl.o(i.System_Modules_off) for System_Modules_off
    user_control.o(i.User_Sleep_Manage) refers to mc_ctrl.o(i.MC_Clear_FaultMessage) for MC_Clear_FaultMessage
    user_control.o(i.User_Sleep_Manage) refers to softinit.o(i.__EI_Set) for __EI_Set
    user_control.o(i.User_Sleep_Manage) refers to mc_ctrl.o(.data) for MOTOR_STATE
    user_control.o(i.User_Sleep_Manage) refers to user_control.o(.data) for .data
    user_control.o(i.User_Sleep_Manage) refers to mc_ctrl.o(.bss) for Basic
    user_control.o(i.User_Sleep_Manage) refers to user_control.o(.bss) for .bss
    user_control.o(i.User_Speed_Capture) refers to ccp.o(i.CCP_DisableRun) for CCP_DisableRun
    user_control.o(i.User_Speed_Capture) refers to ccp.o(i.CCP_EnableRun) for CCP_EnableRun
    user_control.o(i.User_Speed_Capture) refers to gpio.o(i.PORT_GetBit) for PORT_GetBit
    user_control.o(i.User_Speed_Capture) refers to ccp.o(i.CCP_GetCAPMode2Result) for CCP_GetCAPMode2Result
    user_control.o(i.User_Speed_Capture) refers to aeabi_sdivfast.o(.text) for __aeabi_uidivmod
    user_control.o(i.User_Speed_Capture) refers to user_control.o(.bss) for .bss
    user_control.o(i.User_Speed_Control) refers to mc_ctrl.o(i.User_MotorSpeed_Set) for User_MotorSpeed_Set
    user_control.o(i.User_Speed_Control) refers to mc_ctrl.o(i.User_Motor_On) for User_Motor_On
[...]
    i.EPWM_ConfigChannelAsymDuty             0x00001528   Section        0  epwm.o(i.EPWM_ConfigChannelAsymDuty)
    i.EPWM_ConfigChannelClk                  0x0000155c   Section        0  epwm.o(i.EPWM_ConfigChannelClk)
    i.EPWM_ConfigChannelPeriod               0x00001594   Section        0  epwm.o(i.EPWM_ConfigChannelPeriod)
    i.EPWM_ConfigCompareTriger               0x000015c4   Section        0  epwm.o(i.EPWM_ConfigCompareTriger)
    i.EPWM_ConfigFaultBrakeLevel             0x000015f0   Section        0  epwm.o(i.EPWM_ConfigFaultBrakeLevel)
    i.EPWM_ConfigRunMode                     0x00001610   Section        0  epwm.o(i.EPWM_ConfigRunMode)
    i.EPWM_DisableReverseOutput              0x0000163c   Section        0  epwm.o(i.EPWM_DisableReverseOutput)
    i.EPWM_EnableAutoLoadMode                0x0000165c   Section        0  epwm.o(i.EPWM_EnableAutoLoadMode)
    i.EPWM_EnableDeadZone                    0x00001678   Section        0  epwm.o(i.EPWM_EnableDeadZone)
    i.EPWM_EnableFaultBrake                  0x000016fc   Section        0  epwm.o(i.EPWM_EnableFaultBrake)
    i.EPWM_EnableOutput                      0x00001714   Section        0  epwm.o(i.EPWM_EnableOutput)
    i.EPWM_EnableZeroInt                     0x0000172c   Section        0  epwm.o(i.EPWM_EnableZeroInt)
    i.EPWM_IRQHandler                        0x00001744   Section        0  interrupt.o(i.EPWM_IRQHandler)
    i.EPWM_R1_Init                           0x00001800   Section        0  hardinit.o(i.EPWM_R1_Init)
    i.EPWM_Start                             0x00001958   Section        0  epwm.o(i.EPWM_Start)
    i.FMC_IRQHandler                         0x00001974   Section        0  isr.o(i.FMC_IRQHandler)
    i.FOC_Adap_Angle_Init                    0x00001978   Section        0  mc_adaption.o(i.FOC_Adap_Angle_Init)
    i.FOC_Adaption_Angle_Calc                0x000019d4   Section        0  mc_adaption.o(i.FOC_Adaption_Angle_Calc)
    i.FOC_ArcTan_Cal                         0x00001a90   Section        0  mc_pmsm.o(i.FOC_ArcTan_Cal)
    i.FOC_BEMF_Detection                     0x00001bc4   Section        0  mc_foc_ctr.o(i.FOC_BEMF_Detection)
    i.FOC_BEMF_Init                          0x00001df8   Section        0  mc_foc_ctr.o(i.FOC_BEMF_Init)
    i.FOC_BaseParameter_Init                 0x00001e30   Section        0  mc_adaption.o(i.FOC_BaseParameter_Init)
    i.FOC_ControlPara_Init                   0x00001f30   Section        0  mc_foc.o(i.FOC_ControlPara_Init)
    i.FOC_Control_Align                      0x00002038   Section        0  mc_foc.o(i.FOC_Control_Align)
    i.FOC_Control_Process                    0x000021c4   Section        0  mc_foc.o(i.FOC_Control_Process)
    i.FOC_Control_Run                        0x000022e4   Section        0  mc_foc.o(i.FOC_Control_Run)
    i.FOC_Control_Start                      0x000025d8   Section        0  mc_foc.o(i.FOC_Control_Start)
    i.FOC_Control_Stop                       0x000028ec   Section        0  mc_foc.o(i.FOC_Control_Stop)
    i.FOC_Control_Switch                     0x00002b50   Section        0  mc_foc.o(i.FOC_Control_Switch)
    i.FOC_Control_Wind                       0x00002e44   Section        0  mc_foc.o(i.FOC_Control_Wind)
    i.FOC_DQCurrent_PIRegulator              0x00003090   Section        0  mc_foc_ctr.o(i.FOC_DQCurrent_PIRegulator)
    i.FOC_DoubleShunt_Calc                   0x0000316c   Section        0  mc_pmsm.o(i.FOC_DoubleShunt_Calc)
    i.FOC_OpenLoop_Init                      0x00003318   Section        0  mc_openloop.o(i.FOC_OpenLoop_Init)
    i.FOC_PID_Parameter_Init                 0x0000332c   Section        0  mc_pic.o(i.FOC_PID_Parameter_Init)
    i.FOC_Read_Current                       0x000033d0   Section        0  mc_foc.o(i.FOC_Read_Current)
    i.FOC_RotorPosition_Calc                 0x0000345c   Section        0  mc_rfo_est.o(i.FOC_RotorPosition_Calc)
    i.FOC_RotorPosition_Detection            0x00003650   Section        0  mc_foc_ctr.o(i.FOC_RotorPosition_Detection)
    i.FOC_RotorPosition_Init                 0x000037c8   Section        0  mc_adaption.o(i.FOC_RotorPosition_Init)
    i.FOC_Rpd_Angle_Init                     0x000037d4   Section        0  mc_rfo_est.o(i.FOC_Rpd_Angle_Init)
    i.FOC_SingleShunt_Init                   0x00003870   Section        0  mc_single.o(i.FOC_SingleShunt_Init)
    i.FOC_Start_Init                         0x00003888   Section        0  mc_foc.o(i.FOC_Start_Init)
    i.FOC_Stop_Check                         0x000038f4   Section        0  mc_foc.o(i.FOC_Stop_Check)
    i.FOC_User_Control                       0x00003958   Section        0  interrupt.o(i.FOC_User_Control)
    i.GET_ADC_REF_VAL                        0x0000395c   Section        0  softinit.o(i.GET_ADC_REF_VAL)
    i.GPIO_Init                              0x00003a6c   Section        0  gpio.o(i.GPIO_Init)
    i.HWDIV_Div                              0x00003b5c   Section        0  mc_adaption.o(i.HWDIV_Div)
    i.HardFault_Handler                      0x00003b70   Section        0  isr.o(i.HardFault_Handler)
    i.I2C0_IRQHandler                        0x00003b90   Section        0  isr.o(i.I2C0_IRQHandler)
    i.INTP0_IRQHandler                       0x00003b92   Section        0  isr.o(i.INTP0_IRQHandler)
    i.INTP1_IRQHandler                       0x00003b94   Section        0  isr.o(i.INTP1_IRQHandler)
    i.INTP3_IRQHandler                       0x00003b96   Section        0  isr.o(i.INTP3_IRQHandler)
    i.LSITIMER_IRQHandler                    0x00003b98   Section        0  isr.o(i.LSITIMER_IRQHandler)
    i.LVI_IRQHandler                         0x00003b9c   Section        0  system_cms32m6510.o(i.LVI_IRQHandler)
    i.MC_BasePara_Init                       0x00003ba8   Section        0  softinit.o(i.MC_BasePara_Init)
    i.MC_BaseValue_Init                      0x00003c38   Section        0  softinit.o(i.MC_BaseValue_Init)
    i.MC_FOCPara_Init                        0x00003c9c   Section        0  softinit.o(i.MC_FOCPara_Init)
    i.MC_FaultPara_Init                      0x00003e3c   Section        0  softinit.o(i.MC_FaultPara_Init)
    i.MC_MotorFault_Check                    0x00003ea8   Section        0  mc_ctrl.o(i.MC_MotorFault_Check)
    i.MC_MotorInit_Process                   0x00003eb0   Section        0  mc_ctrl.o(i.MC_MotorInit_Process)
    i.MC_MotorSpeed_Calc                     0x00003ed0   Section        0  mc_ctrl.o(i.MC_MotorSpeed_Calc)
    i.MC_OpenLoop_Init                       0x00003f1c   Section        0  softinit.o(i.MC_OpenLoop_Init)
    i.MC_Para_Init                           0x00003f54   Section        0  softinit.o(i.MC_Para_Init)
    i.MC_PhaseLoss_Check                     0x0000406c   Section        0  mc_ctrl.o(i.MC_PhaseLoss_Check)
    i.MC_SampPara_Init                       0x00004154   Section        0  softinit.o(i.MC_SampPara_Init)
    i.MC_Speed_Control                       0x000041b8   Section        0  mc_ctrl.o(i.MC_Speed_Control)
    i.MC_UserPowerSet_Init                   0x00004344   Section        0  softinit.o(i.MC_UserPowerSet_Init)
    i.Motor_Actual_Calculate                 0x00004384   Section        0  mc_ctrl.o(i.Motor_Actual_Calculate)
    i.NMI_Handler                            0x000043c4   Section        0  isr.o(i.NMI_Handler)
    i.PGA0_ConfigResistorPAD                 0x000043c8   Section        0  pga.o(i.PGA0_ConfigResistorPAD)
    i.PGA0_Filter                            0x000043f0   Section        0  pga.o(i.PGA0_Filter)
    i.PGA0_Init                              0x00004410   Section        0  hardinit.o(i.PGA0_Init)
    i.PGA_ConfigGain                         0x0000446c   Section        0  pga.o(i.PGA_ConfigGain)
    i.PGA_EnableOutput                       0x000044b8   Section        0  pga.o(i.PGA_EnableOutput)
    i.PGA_ModeSet                            0x000044fc   Section        0  pga.o(i.PGA_ModeSet)
    i.PGA_Start                              0x00004548   Section        0  pga.o(i.PGA_Start)
    i.PGA_VrefCtrl                           0x00004584   Section        0  pga.o(i.PGA_VrefCtrl)
    i.PID_CALC                               0x000045c8   Section        0  mc_pic.o(i.PID_CALC)
    i.PORT_ClrBit                            0x00004618   Section        0  gpio.o(i.PORT_ClrBit)
    i.PORT_GetBit                            0x0000462c   Section        0  gpio.o(i.PORT_GetBit)
    i.PORT_SetBit                            0x0000464c   Section        0  gpio.o(i.PORT_SetBit)
    i.PendSV_Handler                         0x0000465c   Section        0  isr.o(i.PendSV_Handler)
    i.RESTPinGpio_Set                        0x00004660   Section        0  gpio.o(i.RESTPinGpio_Set)
    i.SSP0_IRQHandler                        0x00004670   Section        0  isr.o(i.SSP0_IRQHandler)
    i.SVC_Handler                            0x00004672   Section        0  isr.o(i.SVC_Handler)
    i.SysTick_1ms                            0x00004674   Section        0  mc_ctrl.o(i.SysTick_1ms)
    i.SysTick_Handler                        0x000046bc   Section        0  interrupt.o(i.SysTick_Handler)
    i.SystemCoreClockUpdate                  0x00004780   Section        0  system_cms32m6510.o(i.SystemCoreClockUpdate)
    i.SystemInit                             0x00004790   Section        0  system_cms32m6510.o(i.SystemInit)
    i.System_Control                         0x00004804   Section        0  mc_ctrl.o(i.System_Control)
    i.System_Init                            0x000048e8   Section        0  hardinit.o(i.System_Init)
    i.System_Modules_off                     0x000049c0   Section        0  mc_ctrl.o(i.System_Modules_off)
    i.TIMER0_IRQHandler                      0x00004a00   Section        0  isr.o(i.TIMER0_IRQHandler)
    i.TIMER1_IRQHandler                      0x00004a04   Section        0  interrupt.o(i.TIMER1_IRQHandler)
    i.TM00_IRQHandler                        0x00004a10   Section        0  isr.o(i.TM00_IRQHandler)
    i.TM01H_IRQHandler                       0x00004a12   Section        0  isr.o(i.TM01H_IRQHandler)
    i.TM01_IRQHandler                        0x00004a14   Section        0  isr.o(i.TM01_IRQHandler)
    i.TM02_IRQHandler                        0x00004a16   Section        0  isr.o(i.TM02_IRQHandler)
    i.TM03_IRQHandler                        0x00004a18   Section        0  isr.o(i.TM03_IRQHandler)
    i.UART0_IRQHandler                       0x00004a1a   Section        0  isr.o(i.UART0_IRQHandler)
    i.User_MotorSpeed_Set                    0x00004a1c   Section        0  mc_ctrl.o(i.User_MotorSpeed_Set)
    i.User_Motor_On                          0x00004a3c   Section        0  mc_ctrl.o(i.User_Motor_On)
    i.User_Speed_Capture                     0x00004a4c   Section        0  user_control.o(i.User_Speed_Capture)
    i.User_Speed_Control                     0x00004b44   Section        0  user_control.o(i.User_Speed_Control)
    i.User_Speed_Out                         0x00004b60   Section        0  user_control.o(i.User_Speed_Out)
    i.WDT_Restart                            0x00004c08   Section        0  wdt.o(i.WDT_Restart)
    i.__EI_Set                               0x00004c14   Section        0  softinit.o(i.__EI_Set)
    i.__NVIC_SetPriority                     0x00004c6c   Section        0  softinit.o(i.__NVIC_SetPriority)
    __NVIC_SetPriority                       0x00004c6d   Thumb Code    60  softinit.o(i.__NVIC_SetPriority)
    i.main                                   0x00004cb0   Section        0  main.o(i.main)
    x$fpl$fmul                               0x00004cd4   Section      176  fmul.o(x$fpl$fmul)
    .constdata                               0x00004d84   Section     1024  mc_math.o(.constdata)
    x$fpl$usenofp                            0x00004d84   Section        0  usenofp.o(x$fpl$usenofp)
    .constdata                               0x00005184   Section      768  mc_pmsm.o(.constdata)
    .constdata                               0x00005484   Section       64  fdiv.o(.constdata)
    fdiv_tab                                 0x00005484   Data          64  fdiv.o(.constdata)
    RAMCODE                                  0x20000000   Section        0  mc_foc_ctr.o(RAMCODE)
    RAMCODE                                  0x200002dc   Section        0  mc_obse.o(RAMCODE)
    RAMCODE                                  0x20000500   Section        0  mc_pmsm.o(RAMCODE)
    RAMCODE                                  0x20000568   Section        0  mc_single.o(RAMCODE)
    .data                                    0x20000940   Section        8  user_control.o(.data)
    .data                                    0x20000948   Section        1  interrupt.o(.data)
    bSampleCount                             0x20000948   Data           1  interrupt.o(.data)
    .data                                    0x2000094c   Section        8  softinit.o(.data)
    Aux_OffsetMin                            0x2000094c   Data           4  softinit.o(.data)
    Aux_OffsetMax                            0x20000950   Data           4  softinit.o(.data)
    .data                                    0x20000954   Section        1  softinit.o(.data)
    .data                                    0x20000958   Section       56  mc_ctrl.o(.data)
    bPhaseLossCount                          0x20000959   Data           1  mc_ctrl.o(.data)
    bSpeedLimitFlag                          0x2000095a   Data           1  mc_ctrl.o(.data)
    wPhaseABCLossCount                       0x2000095c   Data           2  mc_ctrl.o(.data)
    hBlockCount                              0x2000095e   Data           2  mc_ctrl.o(.data)
    hFaultOverCount                          0x20000960   Data           2  mc_ctrl.o(.data)
    hFaultLowerCount                         0x20000962   Data           2  mc_ctrl.o(.data)
    hFaultRecoverCount                       0x20000964   Data           2  mc_ctrl.o(.data)
    hFaultStartOverCount                     0x20000966   Data           2  mc_ctrl.o(.data)
    hFaultStartLowerCount                    0x20000968   Data           2  mc_ctrl.o(.data)
    hOverIbusCount                           0x2000096a   Data           2  mc_ctrl.o(.data)
    hOverTemperatureCount                    0x2000096c   Data           2  mc_ctrl.o(.data)
    hLowerTemperatureCount                   0x2000096e   Data           2  mc_ctrl.o(.data)
    hRechOverTemperatureCount                0x20000970   Data           2  mc_ctrl.o(.data)
    hSpeedTargetBeforeLimit                  0x20000972   Data           2  mc_ctrl.o(.data)
    hIbusLimitCount                          0x20000974   Data           2  mc_ctrl.o(.data)
    .data                                    0x20000990   Section       88  mc_foc.o(.data)
    hStartCount                              0x20000994   Data           2  mc_foc.o(.data)
    v_Status_Count                           0x20000996   Data           2  mc_foc.o(.data)
    hStartCount                              0x20000998   Data           2  mc_foc.o(.data)
    hStartCount                              0x2000099a   Data           2  mc_foc.o(.data)
    wStartFailCount                          0x200009a8   Data           4  mc_foc.o(.data)
    wMotorStopholdCount                      0x200009ac   Data           4  mc_foc.o(.data)
    wKpAddCount                              0x200009b0   Data           4  mc_foc.o(.data)
    wStartFailCount                          0x200009b4   Data           4  mc_foc.o(.data)
    .data                                    0x200009e8   Section        4  system_cms32m6510.o(.data)
    .data                                    0x200009ec   Section       68  mc_foc_ctr.o(.data)
    v_Angle_Ramp                             0x200009ec   Data           1  mc_foc_ctr.o(.data)
    v_Weeken_Cycle                           0x200009ed   Data           1  mc_foc_ctr.o(.data)
    bStatusLast                              0x200009ee   Data           1  mc_foc_ctr.o(.data)
    index                                    0x200009f0   Data           2  mc_foc_ctr.o(.data)
    sum                                      0x20000a14   Data           4  mc_foc_ctr.o(.data)
    .data                                    0x20000a30   Section       12  mc_obse.o(.data)
    bPLLCycle                                0x20000a30   Data           1  mc_obse.o(.data)
    .data                                    0x20000a3c   Section        4  mc_pic.o(.data)
    .data                                    0x20000a40   Section        8  mc_rfo_est.o(.data)
    .bss                                     0x20000a48   Section      104  user_control.o(.bss)
    .bss                                     0x20000ab0   Section      820  mc_ctrl.o(.bss)
    .bss                                     0x20000de4   Section       84  mc_ctrl.o(.bss)
    .bss                                     0x20000e38   Section      204  mc_foc.o(.bss)
    .bss                                     0x20000f04   Section      264  mc_foc_ctr.o(.bss)
    .bss                                     0x2000100c   Section      112  mc_obse.o(.bss)
    .bss                                     0x2000107c   Section       56  mc_openloop.o(.bss)
    .bss                                     0x200010b4   Section       20  mc_single.o(.bss)
    .bss                                     0x200010c8   Section       88  mc_adaption.o(.bss)
    .bss                                     0x20001120   Section      136  mc_rfo_est.o(.bss)
    .bss                                     0x200011a8   Section       96  libspace.o(.bss)
    HEAP                                     0x20001208   Section      256  startup_cms32m6510.o(HEAP)
    Heap_Mem                                 0x20001208   Data         256  startup_cms32m6510.o(HEAP)
    STACK                                    0x20001308   Section     1536  startup_cms32m6510.o(STACK)
    Stack_Mem                                0x20001308   Data        1536  startup_cms32m6510.o(STACK)
    __initial_sp                             0x20001908   Data           0  startup_cms32m6510.o(STACK)

    Global Symbols

    Symbol Name                              Value     Ov Type        Size  Object(Section)

    BuildAttributes$$THM_ISAv3M$S$PE$A:L22$X:L11$S22$IEEE1$IW$USESV6$~STKCKD$USESV7$ENUMINT$~SHL$OTIME$ROPI$EBA8$UX$STANDARDLIB$REQ8$PRES8$EABIv2 0x00000000   Number         0  anon$$obj.o ABSOLUTE
    __ARM_use_no_argv                        0x00000000   Number         0  main.o ABSOLUTE
    __Vectors                                0x00000000   Data           4  startup_cms32m6510.o(RESET)
    _printf_flags                            0x00000000   Number         0  printf_stubs.o ABSOLUTE
    _printf_return_value                     0x00000000   Number         0  printf_stubs.o ABSOLUTE
    _printf_sizespec                         0x00000000   Number         0  printf_stubs.o ABSOLUTE
    _printf_widthprec                        0x00000000   Number         0  printf_stubs.o ABSOLUTE
    __ARM_exceptions_init                     - Undefined Weak Reference
    __alloca_initialize                       - Undefined Weak Reference
    __arm_preinit_                            - Undefined Weak Reference
    __cpp_initialize__aeabi_                  - Undefined Weak Reference
    __cxa_finalize                            - Undefined Weak Reference
    __rt_locale                               - Undefined Weak Reference
    __sigvec_lookup                           - Undefined Weak Reference
    _atexit_init                              - Undefined Weak Reference
    _call_atexit_fns                          - Undefined Weak Reference
    _clock_init                               - Undefined Weak Reference
    _fp_trap_init                             - Undefined Weak Reference
    _fp_trap_shutdown                         - Undefined Weak Reference
    _get_lc_collate                           - Undefined Weak Reference
    _get_lc_ctype                             - Undefined Weak Reference
    _get_lc_monetary                          - Undefined Weak Reference
    _get_lc_numeric                           - Undefined Weak Reference
    _get_lc_time                              - Undefined Weak Reference
    _getenv_init                              - Undefined Weak Reference
    _handle_redirection                       - Undefined Weak Reference
    _init_alloc                               - Undefined Weak Reference
    _init_user_alloc                          - Undefined Weak Reference
    _initio                                   - Undefined Weak Reference
    _printf_truncate_signed                   - Undefined Weak Reference
    _printf_truncate_unsigned                 - Undefined Weak Reference
    _rand_init                                - Undefined Weak Reference
    _signal_finish                            - Undefined Weak Reference
    _signal_init                              - Undefined Weak Reference
    _terminate_alloc                          - Undefined Weak Reference
    _terminate_user_alloc                     - Undefined Weak Reference
    _terminateio                              - Undefined Weak Reference
    user_opt_data                            0x000000c0   Data           4  system_cms32m6510.o(.ARM.__AT_0x000000C0)
    Long Thumb to Thumb Veneer to FOC_SingleCurrent_Calc 0x000000c5   Thumb Code    12  anon$$obj.o(Veneer$$Code)
    Long Thumb to Thumb Veneer to FOC_SinCos_Calc 0x000000d1   Thumb Code    12  anon$$obj.o(Veneer$$Code)
    Long Thumb to Thumb Veneer to FOC_SingleShunt_Calc 0x000000dd   Thumb Code    12  anon$$obj.o(Veneer$$Code)
    Long Thumb to Thumb Veneer to FOC_Control_Weakening 0x000000e9   Thumb Code    12  anon$$obj.o(Veneer$$Code)
    Long Thumb to Thumb Veneer to FOC_MotorSpeed_Filter 0x000000f5   Thumb Code    12  anon$$obj.o(Veneer$$Code)
    Long Thumb to Thumb Veneer to FOC_SMO_Angle_Calc 0x00000101   Thumb Code    12  anon$$obj.o(Veneer$$Code)
    Long Thumb to Thumb Veneer to FOC_CloseLoop_Switch 0x0000010d   Thumb Code    12  anon$$obj.o(Veneer$$Code)
    __main                                   0x00000119   Thumb Code     8  __main.o(!!!main)
    __scatterload                            0x00000121   Thumb Code     0  __scatter.o(!!!scatter)
    __scatterload_rt2                        0x00000121   Thumb Code    52  __scatter.o(!!!scatter)
    __scatterload_rt2_thumb_only             0x00000121   Thumb Code     0  __scatter.o(!!!scatter)
    __scatterload_null                       0x00000131   Thumb Code     0  __scatter.o(!!!scatter)
    __scatterload_copy                       0x0000015d   Thumb Code    26  __scatter_copy.o(!!handler_copy)
    __scatterload_zeroinit                   0x00000179   Thumb Code    28  __scatter_zi.o(!!handler_zi)
    __rt_lib_init                            0x00000195   Thumb Code     0  libinit.o(.ARM.Collect$$libinit$$00000000)
    __rt_lib_init_alloca_1                   0x00000197   Thumb Code     0  libinit2.o(.ARM.Collect$$libinit$$0000002E)
    __rt_lib_init_argv_1                     0x00000197   Thumb Code     0  libinit2.o(.ARM.Collect$$libinit$$0000002C)
    __rt_lib_init_atexit_1                   0x00000197   Thumb Code     0  libinit2.o(.ARM.Collect$$libinit$$0000001B)
    __rt_lib_init_clock_1                    0x00000197   Thumb Code     0  libinit2.o(.ARM.Collect$$libinit$$00000021)
    __rt_lib_init_cpp_1                      0x00000197   Thumb Code     0  libinit2.o(.ARM.Collect$$libinit$$00000032)
    __rt_lib_init_exceptions_1               0x00000197   Thumb Code     0  libinit2.o(.ARM.Collect$$libinit$$00000030)
    __rt_lib_init_fp_1                       0x00000197   Thumb Code     0  libinit2.o(.ARM.Collect$$libinit$$00000002)
    __rt_lib_init_fp_trap_1                  0x00000197   Thumb Code     0  libinit2.o(.ARM.Collect$$libinit$$0000001F)
    __rt_lib_init_getenv_1                   0x00000197   Thumb Code     0  libinit2.o(.ARM.Collect$$libinit$$00000023)
    __rt_lib_init_heap_1                     0x00000197   Thumb Code     0  libinit2.o(.ARM.Collect$$libinit$$0000000A)
    __rt_lib_init_lc_collate_1               0x00000197   Thumb Code     0  libinit2.o(.ARM.Collect$$libinit$$00000011)
    __rt_lib_init_lc_ctype_1                 0x00000197   Thumb Code     0  libinit2.o(.ARM.Collect$$libinit$$00000013)
    __rt_lib_init_lc_monetary_1              0x00000197   Thumb Code     0  libinit2.o(.ARM.Collect$$libinit$$00000015)
    __rt_lib_init_lc_numeric_1               0x00000197   Thumb Code     0  libinit2.o(.ARM.Collect$$libinit$$00000017)
    __rt_lib_init_lc_time_1                  0x00000197   Thumb Code     0  libinit2.o(.ARM.Collect$$libinit$$00000019)
    __rt_lib_init_preinit_1                  0x00000197   Thumb Code     0  libinit2.o(.ARM.Collect$$libinit$$00000004)
    __rt_lib_init_rand_1                     0x00000197   Thumb Code     0  libinit2.o(.ARM.Collect$$libinit$$0000000E)
    __rt_lib_init_return                     0x00000197   Thumb Code     0  libinit2.o(.ARM.Collect$$libinit$$00000033)
    __rt_lib_init_signal_1                   0x00000197   Thumb Code     0  libinit2.o(.ARM.Collect$$libinit$$0000001D)
    __rt_lib_init_stdio_1                    0x00000197   Thumb Code     0  libinit2.o(.ARM.Collect$$libinit$$00000025)
    __rt_lib_init_user_alloc_1               0x00000197   Thumb Code     0  libinit2.o(.ARM.Collect$$libinit$$0000000C)
    __rt_lib_shutdown                        0x00000199   Thumb Code     0  libshutdown.o(.ARM.Collect$$libshutdown$$00000000)
    __rt_lib_shutdown_cpp_1                  0x0000019b   Thumb Code     0  libshutdown2.o(.ARM.Collect$$libshutdown$$00000002)
    __rt_lib_shutdown_fp_trap_1              0x0000019b   Thumb Code     0  libshutdown2.o(.ARM.Collect$$libshutdown$$00000007)
    __rt_lib_shutdown_heap_1                 0x0000019b   Thumb Code     0  libshutdown2.o(.ARM.Collect$$libshutdown$$0000000F)
    __rt_lib_shutdown_return                 0x0000019b   Thumb Code     0  libshutdown2.o(.ARM.Collect$$libshutdown$$00000010)
    __rt_lib_shutdown_signal_1               0x0000019b   Thumb Code     0  libshutdown2.o(.ARM.Collect$$libshutdown$$0000000A)
    __rt_lib_shutdown_stdio_1                0x0000019b   Thumb Code     0  libshutdown2.o(.ARM.Collect$$libshutdown$$00000004)
    __rt_lib_shutdown_user_alloc_1           0x0000019b   Thumb Code     0  libshutdown2.o(.ARM.Collect$$libshutdown$$0000000C)
    __rt_entry                               0x0000019d   Thumb Code     0  __rtentry.o(.ARM.Collect$$rtentry$$00000000)
    __rt_entry_presh_1                       0x0000019d   Thumb Code     0  __rtentry2.o(.ARM.Collect$$rtentry$$00000002)
    __rt_entry_sh                            0x0000019d   Thumb Code     0  __rtentry4.o(.ARM.Collect$$rtentry$$00000004)
    __rt_entry_li                            0x000001a3   Thumb Code     0  __rtentry2.o(.ARM.Collect$$rtentry$$0000000A)
    __rt_entry_postsh_1                      0x000001a3   Thumb Code     0  __rtentry2.o(.ARM.Collect$$rtentry$$00000009)
    __rt_entry_main                          0x000001a7   Thumb Code     0  __rtentry2.o(.ARM.Collect$$rtentry$$0000000D)
    __rt_entry_postli_1                      0x000001a7   Thumb Code     0  __rtentry2.o(.ARM.Collect$$rtentry$$0000000C)
    __rt_exit                                0x000001af   Thumb Code     0  rtexit.o(.ARM.Collect$$rtexit$$00000000)
    __rt_exit_ls                             0x000001b1   Thumb Code     0  rtexit2.o(.ARM.Collect$$rtexit$$00000003)
    __rt_exit_prels_1                        0x000001b1   Thumb Code     0  rtexit2.o(.ARM.Collect$$rtexit$$00000002)
    __rt_exit_exit                           0x000001b5   Thumb Code     0  rtexit2.o(.ARM.Collect$$rtexit$$00000004)
    Reset_Handler                            0x000001bd   Thumb Code     8  startup_cms32m6510.o(.text)
    Reserved_IRQHandler                      0x000001cf   Thumb Code     2  startup_cms32m6510.o(.text)
    INTP2_IRQHandler                         0x000001d1   Thumb Code     0  startup_cms32m6510.o(.text)
    __user_initial_stackheap                 0x000001d5   Thumb Code     0  startup_cms32m6510.o(.text)
    _memset_w                                0x000001f9   Thumb Code    26  rt_memclr.o(.text)
    _memset                                  0x00000213   Thumb Code    30  rt_memclr.o(.text)
    __aeabi_memclr                           0x00000231   Thumb Code     4  rt_memclr.o(.text)
    __rt_memclr                              0x00000231   Thumb Code     0  rt_memclr.o(.text)
    __aeabi_memclr4                          0x00000235   Thumb Code     0  rt_memclr.o(.text)
    __aeabi_memclr8                          0x00000235   Thumb Code     0  rt_memclr.o(.text)
    __rt_memclr_w                            0x00000235   Thumb Code     4  rt_memclr.o(.text)
    __aeabi_uidiv                            0x00000239   Thumb Code     0  aeabi_sdivfast.o(.text)
    __aeabi_uidivmod                         0x00000239   Thumb Code    28  aeabi_sdivfast.o(.text)
    __aeabi_idiv                             0x00000255   Thumb Code     0  aeabi_sdivfast.o(.text)
    __aeabi_idivmod                          0x00000255   Thumb Code   460  aeabi_sdivfast.o(.text)
    __use_two_region_memory                  0x00000421   Thumb Code     2  heapauxi.o(.text)
    __rt_heap_escrow$2region                 0x00000423   Thumb Code     2  heapauxi.o(.text)
    __rt_heap_expand$2region                 0x00000425   Thumb Code     2  heapauxi.o(.text)
    __aeabi_d2f                              0x00000429   Thumb Code     0  d2f.o(.text)
    _d2f                                     0x00000429   Thumb Code   120  d2f.o(.text)
    __aeabi_d2iz                             0x000004a5   Thumb Code     0  dfixi.o(.text)
    _dfix                                    0x000004a5   Thumb Code    98  dfixi.o(.text)
    __aeabi_fdiv                             0x00000511   Thumb Code     0  fdiv.o(.text)
    _fdiv                                    0x00000511   Thumb Code   334  fdiv.o(.text)
    _frdiv                                   0x0000065f   Thumb Code     8  fdiv.o(.text)
    __aeabi_f2iz                             0x00000671   Thumb Code     0  ffixi.o(.text)
    _ffix                                    0x00000671   Thumb Code    76  ffixi.o(.text)
    __aeabi_i2f_normalise                    0x000006bd   Thumb Code    72  fflti.o(.text)
    __aeabi_i2f                              0x00000705   Thumb Code    16  fflti.o(.text)
    _fflt                                    0x00000705   Thumb Code     0  fflti.o(.text)
    __aeabi_ui2f                             0x00000715   Thumb Code     6  fflti.o(.text)
    _ffltu                                   0x00000715   Thumb Code     0  fflti.o(.text)
    __ARM_scalbnf                            0x0000071d   Thumb Code    64  fscalbn.o(.text)
    __user_setup_stackheap                   0x00000761   Thumb Code    62  sys_stackheap_outer.o(.text)
    exit                                     0x0000079f   Thumb Code    16  exit.o(.text)
    __user_libspace                          0x000007b1   Thumb Code     8  libspace.o(.text)
    __user_perproc_libspace                  0x000007b1   Thumb Code     0  libspace.o(.text)
    __user_perthread_libspace                0x000007b1   Thumb Code     0  libspace.o(.text)
    _sys_exit                                0x000007b9   Thumb Code     8  sys_exit.o(.text)
    __I$use$semihosting                      0x000007c5   Thumb Code     0  use_no_semi.o(.text)
    __use_no_semihosting_swi                 0x000007c5   Thumb Code     2  use_no_semi.o(.text)
    ACMP1_Init                               0x000007c7   Thumb Code    86  hardinit.o(i.ACMP1_Init)
    __semihosting_library_function           0x000007c7   Thumb Code     0  indicate_semi.o(.text)
    ACMPOut_Enable                           0x0000081d   Thumb Code    40  acmp.o(i.ACMPOut_Enable)
    ACMP_ClearIntFlag                        0x00000849   Thumb Code    14  acmp.o(i.ACMP_ClearIntFlag)
    ACMP_ConfigEventAndIntMode               0x0000085d   Thumb Code    54  acmp.o(i.ACMP_ConfigEventAndIntMode)
    ACMP_ConfigNegative                      0x00000899   Thumb Code    60  acmp.o(i.ACMP_ConfigNegative)
    ACMP_ConfigPositive                      0x000008d9   Thumb Code    52  acmp.o(i.ACMP_ConfigPositive)
    ACMP_EnableEventOut                      0x00000911   Thumb Code    40  acmp.o(i.ACMP_EnableEventOut)
    ACMP_EnableHYS                           0x0000093d   Thumb Code    62  acmp.o(i.ACMP_EnableHYS)
    ACMP_EnableInt                           0x00000981   Thumb Code    22  acmp.o(i.ACMP_EnableInt)
    ACMP_Filter_Config                       0x0000099d   Thumb Code    76  acmp.o(i.ACMP_Filter_Config)
    ACMP_IRQHandler                          0x000009ed   Thumb Code    44  interrupt.o(i.ACMP_IRQHandler)
    ACMP_Polarity_Config                     0x00000a29   Thumb Code    52  acmp.o(i.ACMP_Polarity_Config)
    ACMP_Start                               0x00000a61   Thumb Code    40  acmp.o(i.ACMP_Start)
    ADCLDO_Disable                           0x00000a8d   Thumb Code    20  adcldo.o(i.ADCLDO_Disable)
    ADCLDO_OutVlotageSel                     0x00000aa5   Thumb Code    24  adcldo.o(i.ADCLDO_OutVlotageSel)
    ADC_ClearAllInt_Flag                     0x00000ac1   Thumb Code    20  softinit.o(i.ADC_ClearAllInt_Flag)
    ADC_ConfigChannelSwitchMode              0x00000ad9   Thumb Code    28  adc.o(i.ADC_ConfigChannelSwitchMode)
    ADC_ConfigRunMode                        0x00000af9   Thumb Code    38  adc.o(i.ADC_ConfigRunMode)
    ADC_ConfigVREF                           0x00000b29   Thumb Code    26  adc.o(i.ADC_ConfigVREF)
    ADC_DisableChargeAndDischarge            0x00000b49   Thumb Code    22  adc.o(i.ADC_DisableChargeAndDischarge)
    ADC_DisableEPWMCmp0TriggerChannel        0x00000b65   Thumb Code    18  adc.o(i.ADC_DisableEPWMCmp0TriggerChannel)
    ADC_DisableEPWMCmp1TriggerChannel        0x00000b7d   Thumb Code    18  adc.o(i.ADC_DisableEPWMCmp1TriggerChannel)
    ADC_DisableEPWMTriggerChannel            0x00000b95   Thumb Code    18  adc.o(i.ADC_DisableEPWMTriggerChannel)
    ADC_EnableEPWMCmp0TriggerChannel         0x00000bad   Thumb Code    18  adc.o(i.ADC_EnableEPWMCmp0TriggerChannel)
    ADC_EnableEPWMCmp1TriggerChannel         0x00000bc5   Thumb Code    18  adc.o(i.ADC_EnableEPWMCmp1TriggerChannel)
    ADC_EnableEPWMTriggerChannel             0x00000bdd   Thumb Code    18  adc.o(i.ADC_EnableEPWMTriggerChannel)
    ADC_EnableHardwareTrigger                0x00000bf5   Thumb Code   212  adc.o(i.ADC_EnableHardwareTrigger)
    ADC_IRQHandler                           0x00000ccd   Thumb Code    42  interrupt.o(i.ADC_IRQHandler)
    ADC_Init                                 0x00000cfd   Thumb Code   114  hardinit.o(i.ADC_Init)
    ADC_Sample                               0x00000d71   Thumb Code   168  mc_ctrl.o(i.ADC_Sample)
    ADC_Start                                0x00000e35   Thumb Code    20  adc.o(i.ADC_Start)
    ADC_TGSAMP_CONFIG                        0x00000e4d   Thumb Code    58  softinit.o(i.ADC_TGSAMP_CONFIG)
    CCP_Capture_Init                         0x00000e91   Thumb Code    86  hardinit.o(i.CCP_Capture_Init)
    CCP_ClearCAPMode2IntFlag                 0x00000ef1   Thumb Code    16  ccp.o(i.CCP_ClearCAPMode2IntFlag)
    CCP_ConfigCAPMode2                       0x00000f05   Thumb Code    36  ccp.o(i.CCP_ConfigCAPMode2)
    CCP_ConfigCLK                            0x00000f2d   Thumb Code    68  ccp.o(i.CCP_ConfigCLK)
    CCP_ConfigCompare                        0x00000f79   Thumb Code   110  ccp.o(i.CCP_ConfigCompare)
    CCP_DisableReverseOutput                 0x00000ff1   Thumb Code    82  ccp.o(i.CCP_DisableReverseOutput)
    CCP_DisableRun                           0x0000104d   Thumb Code    22  ccp.o(i.CCP_DisableRun)
    CCP_EnableCAPMode2                       0x00001069   Thumb Code    22  ccp.o(i.CCP_EnableCAPMode2)
    CCP_EnablePWMMode                        0x00001085   Thumb Code    40  ccp.o(i.CCP_EnablePWMMode)
    CCP_EnableRun                            0x000010b5   Thumb Code    22  ccp.o(i.CCP_EnableRun)
    CCP_GetCAPMode2Result                    0x000010d1   Thumb Code    46  ccp.o(i.CCP_GetCAPMode2Result)
    CCP_IRQHandler                           0x00001105   Thumb Code   194  interrupt.o(i.CCP_IRQHandler)
    CCP_PWM_Config                           0x000011d9   Thumb Code   114  user_control.o(i.CCP_PWM_Config)
    CCP_PWM_GPIO                             0x00001255   Thumb Code    66  hardinit.o(i.CCP_PWM_GPIO)
    CCP_SelCAPMode2Channel                   0x0000129d   Thumb Code   108  ccp.o(i.CCP_SelCAPMode2Channel)
    CCP_Start                                0x0000130d   Thumb Code    40  ccp.o(i.CCP_Start)
    CCP_Stop                                 0x0000133d   Thumb Code    40  ccp.o(i.CCP_Stop)
    CGC_PER11PeriphClockCmd                  0x0000136d   Thumb Code    18  cgc.o(i.CGC_PER11PeriphClockCmd)
    CGC_PER12PeriphClockCmd                  0x00001385   Thumb Code    18  cgc.o(i.CGC_PER12PeriphClockCmd)
    CGC_PER13PeriphClockCmd                  0x0000139d   Thumb Code    18  cgc.o(i.CGC_PER13PeriphClockCmd)
    CLK_GetHocoFreq                          0x000013b5   Thumb Code    90  system_cms32m6510.o(i.CLK_GetHocoFreq)
    DAC_ConfigInput                          0x00001445   Thumb Code    14  dac.o(i.DAC_ConfigInput)
    DAC_Init                                 0x00001459   Thumb Code    52  hardinit.o(i.DAC_Init)
    DAC_Start                                0x00001491   Thumb Code    20  dac.o(i.DAC_Start)
    DIVSQRT_EnableDIVMode                    0x000014a9   Thumb Code    12  divsqrt.o(i.DIVSQRT_EnableDIVMode)
    DIVSQRT_EnableSingedMode                 0x000014b9   Thumb Code    12  divsqrt.o(i.DIVSQRT_EnableSingedMode)
    DelayTime_ms                             0x000014c9   Thumb Code    24  softinit.o(i.DelayTime_ms)
    EPWM_AllBrakeEnable                      0x000014e5   Thumb Code    20  epwm.o(i.EPWM_AllBrakeEnable)
    EPWM_ClearBrake                          0x000014fd   Thumb Code    22  epwm.o(i.EPWM_ClearBrake)
    EPWM_ClearBrakeIntFlag                   0x00001519   Thumb Code    12  epwm.o(i.EPWM_ClearBrakeIntFlag)
    EPWM_ConfigChannelAsymDuty               0x00001529   Thumb Code    42  epwm.o(i.EPWM_ConfigChannelAsymDuty)
    EPWM_ConfigChannelClk                    0x0000155d   Thumb Code    42  epwm.o(i.EPWM_ConfigChannelClk)
    EPWM_ConfigChannelPeriod                 0x00001595   Thumb Code    38  epwm.o(i.EPWM_ConfigChannelPeriod)
    EPWM_ConfigCompareTriger                 0x000015c5   Thumb Code    34  epwm.o(i.EPWM_ConfigCompareTriger)
    EPWM_ConfigFaultBrakeLevel               0x000015f1   Thumb Code    26  epwm.o(i.EPWM_ConfigFaultBrakeLevel)
    EPWM_ConfigRunMode                       0x00001611   Thumb Code    34  epwm.o(i.EPWM_ConfigRunMode)
    EPWM_DisableReverseOutput                0x0000163d   Thumb Code    22  epwm.o(i.EPWM_DisableReverseOutput)
    EPWM_EnableAutoLoadMode                  0x0000165d   Thumb Code    20  epwm.o(i.EPWM_EnableAutoLoadMode)
    EPWM_EnableDeadZone                      0x00001679   Thumb Code   116  epwm.o(i.EPWM_EnableDeadZone)
    EPWM_EnableFaultBrake                    0x000016fd   Thumb Code    18  epwm.o(i.EPWM_EnableFaultBrake)
    EPWM_EnableOutput                        0x00001715   Thumb Code    18  epwm.o(i.EPWM_EnableOutput)
    EPWM_EnableZeroInt                       0x0000172d   Thumb Code    18  epwm.o(i.EPWM_EnableZeroInt)
    EPWM_IRQHandler                          0x00001745   Thumb Code   158  interrupt.o(i.EPWM_IRQHandler)
    EPWM_R1_Init                             0x00001801   Thumb Code   318  hardinit.o(i.EPWM_R1_Init)
    EPWM_Start                               0x00001959   Thumb Code    20  epwm.o(i.EPWM_Start)
    FMC_IRQHandler                           0x00001975   Thumb Code     2  isr.o(i.FMC_IRQHandler)
    FOC_Adap_Angle_Init                      0x00001979   Thumb Code    76  mc_adaption.o(i.FOC_Adap_Angle_Init)
    FOC_Adaption_Angle_Calc                  0x000019d5   Thumb Code   166  mc_adaption.o(i.FOC_Adaption_Angle_Calc)
    FOC_ArcTan_Cal                           0x00001a91   Thumb Code   286  mc_pmsm.o(i.FOC_ArcTan_Cal)
    FOC_BEMF_Detection                       0x00001bc5   Thumb Code   502  mc_foc_ctr.o(i.FOC_BEMF_Detection)
    FOC_BEMF_Init                            0x00001df9   Thumb Code    46  mc_foc_ctr.o(i.FOC_BEMF_Init)
    FOC_BaseParameter_Init                   0x00001e31   Thumb Code   248  mc_adaption.o(i.FOC_BaseParameter_Init)
    FOC_ControlPara_Init                     0x00001f31   Thumb Code   184  mc_foc.o(i.FOC_ControlPara_Init)
    FOC_Control_Align                        0x00002039   Thumb Code   306  mc_foc.o(i.FOC_Control_Align)
    FOC_Control_Process                      0x000021c5   Thumb Code   244  mc_foc.o(i.FOC_Control_Process)
    FOC_Control_Run                          0x000022e5   Thumb Code   660  mc_foc.o(i.FOC_Control_Run)
    FOC_Control_Start                        0x000025d9   Thumb Code   686  mc_foc.o(i.FOC_Control_Start)
    FOC_Control_Stop                         0x000028ed   Thumb Code   556  mc_foc.o(i.FOC_Control_Stop)
    FOC_Control_Switch                       0x00002b51   Thumb Code   660  mc_foc.o(i.FOC_Control_Switch)
    FOC_Control_Wind                         0x00002e45   Thumb Code   482  mc_foc.o(i.FOC_Control_Wind)
    FOC_DQCurrent_PIRegulator                0x00003091   Thumb Code   192  mc_foc_ctr.o(i.FOC_DQCurrent_PIRegulator)
    FOC_DoubleShunt_Calc                     0x0000316d   Thumb Code   398  mc_pmsm.o(i.FOC_DoubleShunt_Calc)
    FOC_OpenLoop_Init                        0x00003319   Thumb Code    14  mc_openloop.o(i.FOC_OpenLoop_Init)
    FOC_PID_Parameter_Init                   0x0000332d   Thumb Code   126  mc_pic.o(i.FOC_PID_Parameter_Init)
    FOC_Read_Current                         0x000033d1   Thumb Code   124  mc_foc.o(i.FOC_Read_Current)
    FOC_RotorPosition_Calc                   0x0000345d   Thumb Code   466  mc_rfo_est.o(i.FOC_RotorPosition_Calc)
    FOC_RotorPosition_Detection              0x00003651   Thumb Code   318  mc_foc_ctr.o(i.FOC_RotorPosition_Detection)
    FOC_RotorPosition_Init                   0x000037c9   Thumb Code    12  mc_adaption.o(i.FOC_RotorPosition_Init)
    FOC_Rpd_Angle_Init                       0x000037d5   Thumb Code   130  mc_rfo_est.o(i.FOC_Rpd_Angle_Init)
    FOC_SingleShunt_Init                     0x00003871   Thumb Code    20  mc_single.o(i.FOC_SingleShunt_Init)
    FOC_Start_Init                           0x00003889   Thumb Code    96  mc_foc.o(i.FOC_Start_Init)
    FOC_Stop_Check                           0x000038f5   Thumb Code    72  mc_foc.o(i.FOC_Stop_Check)
    FOC_User_Control                         0x00003959   Thumb Code     2  interrupt.o(i.FOC_User_Control)
    GET_ADC_REF_VAL                          0x0000395d   Thumb Code   250  softinit.o(i.GET_ADC_REF_VAL)
    GPIO_Init                                0x00003a6d   Thumb Code   226  gpio.o(i.GPIO_Init)
    HWDIV_Div                                0x00003b5d   Thumb Code    16  mc_adaption.o(i.HWDIV_Div)
    HardFault_Handler                        0x00003b71   Thumb Code    28  isr.o(i.HardFault_Handler)
    I2C0_IRQHandler                          0x00003b91   Thumb Code     2  isr.o(i.I2C0_IRQHandler)
    INTP0_IRQHandler                         0x00003b93   Thumb Code     2  isr.o(i.INTP0_IRQHandler)
    INTP1_IRQHandler                         0x00003b95   Thumb Code     2  isr.o(i.INTP1_IRQHandler)
    INTP3_IRQHandler                         0x00003b97   Thumb Code     2  isr.o(i.INTP3_IRQHandler)
    LSITIMER_IRQHandler                      0x00003b99   Thumb Code     2  isr.o(i.LSITIMER_IRQHandler)
    LVI_IRQHandler                           0x00003b9d   Thumb Code     8  system_cms32m6510.o(i.LVI_IRQHandler)
    MC_BasePara_Init                         0x00003ba9   Thumb Code    94  softinit.o(i.MC_BasePara_Init)
    MC_BaseValue_Init                        0x00003c39   Thumb Code    56  softinit.o(i.MC_BaseValue_Init)
    MC_FOCPara_Init                          0x00003c9d   Thumb Code   284  softinit.o(i.MC_FOCPara_Init)
    MC_FaultPara_Init                        0x00003e3d   Thumb Code    60  softinit.o(i.MC_FaultPara_Init)
    MC_MotorFault_Check                      0x00003ea9   Thumb Code     8  mc_ctrl.o(i.MC_MotorFault_Check)
    MC_MotorInit_Process                     0x00003eb1   Thumb Code    22  mc_ctrl.o(i.MC_MotorInit_Process)
    MC_MotorSpeed_Calc                       0x00003ed1   Thumb Code    56  mc_ctrl.o(i.MC_MotorSpeed_Calc)
    MC_OpenLoop_Init                         0x00003f1d   Thumb Code    42  softinit.o(i.MC_OpenLoop_Init)
    MC_Para_Init                             0x00003f55   Thumb Code   232  softinit.o(i.MC_Para_Init)
    MC_PhaseLoss_Check                       0x0000406d   Thumb Code   224  mc_ctrl.o(i.MC_PhaseLoss_Check)
    MC_SampPara_Init                         0x00004155   Thumb Code    58  softinit.o(i.MC_SampPara_Init)
    MC_Speed_Control                         0x000041b9   Thumb Code   350  mc_ctrl.o(i.MC_Speed_Control)
    MC_UserPowerSet_Init                     0x00004345   Thumb Code    38  softinit.o(i.MC_UserPowerSet_Init)
    Motor_Actual_Calculate                   0x00004385   Thumb Code    52  mc_ctrl.o(i.Motor_Actual_Calculate)
    NMI_Handler                              0x000043c5   Thumb Code     2  isr.o(i.NMI_Handler)
    PGA0_ConfigResistorPAD                   0x000043c9   Thumb Code    30  pga.o(i.PGA0_ConfigResistorPAD)
    PGA0_Filter                              0x000043f1   Thumb Code    28  pga.o(i.PGA0_Filter)
    PGA0_Init                                0x00004411   Thumb Code    90  hardinit.o(i.PGA0_Init)
    PGA_ConfigGain                           0x0000446d   Thumb Code    70  pga.o(i.PGA_ConfigGain)
    PGA_EnableOutput                         0x000044b9   Thumb Code    62  pga.o(i.PGA_EnableOutput)
    PGA_ModeSet                              0x000044fd   Thumb Code    72  pga.o(i.PGA_ModeSet)
    PGA_Start                                0x00004549   Thumb Code    54  pga.o(i.PGA_Start)
    PGA_VrefCtrl                             0x00004585   Thumb Code    62  pga.o(i.PGA_VrefCtrl)
    PID_CALC                                 0x000045c9   Thumb Code    80  mc_pic.o(i.PID_CALC)
    PORT_ClrBit                              0x00004619   Thumb Code    16  gpio.o(i.PORT_ClrBit)
    PORT_GetBit                              0x0000462d   Thumb Code    24  gpio.o(i.PORT_GetBit)
    PORT_SetBit                              0x0000464d   Thumb Code    12  gpio.o(i.PORT_SetBit)
    PendSV_Handler                           0x0000465d   Thumb Code     2  isr.o(i.PendSV_Handler)
    RESTPinGpio_Set                          0x00004661   Thumb Code    12  gpio.o(i.RESTPinGpio_Set)
    SSP0_IRQHandler                          0x00004671   Thumb Code     2  isr.o(i.SSP0_IRQHandler)
    SVC_Handler                              0x00004673   Thumb Code     2  isr.o(i.SVC_Handler)
    SysTick_1ms                              0x00004675   Thumb Code    62  mc_ctrl.o(i.SysTick_1ms)
    SysTick_Handler                          0x000046bd   Thumb Code   158  interrupt.o(i.SysTick_Handler)
    SystemCoreClockUpdate                    0x00004781   Thumb Code    12  system_cms32m6510.o(i.SystemCoreClockUpdate)
    SystemInit                               0x00004791   Thumb Code    80  system_cms32m6510.o(i.SystemInit)
    System_Control                           0x00004805   Thumb Code   198  mc_ctrl.o(i.System_Control)
    System_Init                              0x000048e9   Thumb Code   198  hardinit.o(i.System_Init)
    System_Modules_off                       0x000049c1   Thumb Code    48  mc_ctrl.o(i.System_Modules_off)
    TIMER0_IRQHandler                        0x00004a01   Thumb Code     2  isr.o(i.TIMER0_IRQHandler)
    TIMER1_IRQHandler                        0x00004a05   Thumb Code     8  interrupt.o(i.TIMER1_IRQHandler)
    TM00_IRQHandler                          0x00004a11   Thumb Code     2  isr.o(i.TM00_IRQHandler)
    TM01H_IRQHandler                         0x00004a13   Thumb Code     2  isr.o(i.TM01H_IRQHandler)
    TM01_IRQHandler                          0x00004a15   Thumb Code     2  isr.o(i.TM01_IRQHandler)
    TM02_IRQHandler                          0x00004a17   Thumb Code     2  isr.o(i.TM02_IRQHandler)
    TM03_IRQHandler                          0x00004a19   Thumb Code     2  isr.o(i.TM03_IRQHandler)
    UART0_IRQHandler                         0x00004a1b   Thumb Code     2  isr.o(i.UART0_IRQHandler)
    User_MotorSpeed_Set                      0x00004a1d   Thumb Code    24  mc_ctrl.o(i.User_MotorSpeed_Set)
    User_Motor_On                            0x00004a3d   Thumb Code    12  mc_ctrl.o(i.User_Motor_On)
    User_Speed_Capture                       0x00004a4d   Thumb Code   240  user_control.o(i.User_Speed_Capture)
    User_Speed_Control                       0x00004b45   Thumb Code    20  user_control.o(i.User_Speed_Control)
    User_Speed_Out                           0x00004b61   Thumb Code   136  user_control.o(i.User_Speed_Out)
    WDT_Restart                              0x00004c09   Thumb Code     8  wdt.o(i.WDT_Restart)
    __EI_Set                                 0x00004c15   Thumb Code    74  softinit.o(i.__EI_Set)
    main                                     0x00004cb1   Thumb Code    30  main.o(i.main)
    __aeabi_fmul                             0x00004cd5   Thumb Code     0  fmul.o(x$fpl$fmul)
    _fmul                                    0x00004cd5   Thumb Code   172  fmul.o(x$fpl$fmul)
    Q15Sqrt_Table                            0x00004d84   Data        1024  mc_math.o(.constdata)
    __I$use$fp                               0x00004d84   Number         0  usenofp.o(x$fpl$usenofp)
    Sin_Cos_Table                            0x00005184   Data         512  mc_pmsm.o(.constdata)
    ArcTan_Table                             0x00005384   Data         256  mc_pmsm.o(.constdata)
    Region$$Table$$Base                      0x000054c4   Number         0  anon$$obj.o(Region$$Table)
    Region$$Table$$Limit                     0x000054f4   Number         0  anon$$obj.o(Region$$Table)
    FOC_CloseLoop_Switch                     0x20000001   Thumb Code   298  mc_foc_ctr.o(RAMCODE)
    FOC_MotorSpeed_Filter                    0x2000012b   Thumb Code    78  mc_foc_ctr.o(RAMCODE)
    FOC_Control_Weakening                    0x20000179   Thumb Code   294  mc_foc_ctr.o(RAMCODE)
    FOC_SMO_Angle_Calc                       0x200002dd   Thumb Code   510  mc_obse.o(RAMCODE)
    FOC_SinCos_Calc                          0x20000501   Thumb Code    98  mc_pmsm.o(RAMCODE)
    FOC_SingleCurrent_Calc                   0x20000569   Thumb Code   186  mc_single.o(RAMCODE)
    FOC_SingleShunt_Calc                     0x20000623   Thumb Code   742  mc_single.o(RAMCODE)
    Long Thumb to Thumb Veneer to HWDIV_Div  0x20000935   Thumb Code    12  anon$$obj.o(Veneer$$Code)
    Sleep                                    0x20000940   Data           4  user_control.o(.data)
    s32_Debug_Speed                          0x20000944   Data           4  user_control.o(.data)
    Time_Flag                                0x20000954   Data           1  softinit.o(.data)
    u_Fault_Flag                             0x20000958   Data           1  mc_ctrl.o(.data)
    Flag                                     0x20000976   Data           3  mc_ctrl.o(.data)
    SYSTEM_STATE                             0x2000097c   Data           4  mc_ctrl.o(.data)
    MOTOR_STATE                              0x20000980   Data           4  mc_ctrl.o(.data)
    MOTOR_FAULT_CODE                         0x20000984   Data           4  mc_ctrl.o(.data)
    Config                                   0x20000988   Data           8  mc_ctrl.o(.data)
    bFristFlag                               0x20000990   Data           1  mc_foc.o(.data)
    hBrakeDuty                               0x20000992   Data           2  mc_foc.o(.data)
    wSwitchHoldTime                          0x2000099c   Data           4  mc_foc.o(.data)
    wObseFs                                  0x200009a0   Data           4  mc_foc.o(.data)
    wObseGs                                  0x200009a4   Data           4  mc_foc.o(.data)
    stru_SinCos                              0x200009b8   Data           8  mc_foc.o(.data)
    stru_Curr_alphabeta                      0x200009c0   Data           8  mc_foc.o(.data)
    stru_Curr_dq                             0x200009c8   Data           8  mc_foc.o(.data)
    stru_Curr_dq_ref                         0x200009d0   Data           8  mc_foc.o(.data)
    stru_Volt_alphabeta                      0x200009d8   Data           8  mc_foc.o(.data)
    stru_Volt_dq                             0x200009e0   Data           8  mc_foc.o(.data)
    SystemCoreClock                          0x200009e8   Data           4  system_cms32m6510.o(.data)
    FOC_Switch_Ud                            0x200009f4   Data           4  mc_foc_ctr.o(.data)
    FOC_Switch_Uq                            0x200009f8   Data           4  mc_foc_ctr.o(.data)
    FOC_Switch_Id                            0x200009fc   Data           4  mc_foc_ctr.o(.data)
    FOC_Switch_Iq                            0x20000a00   Data           4  mc_foc_ctr.o(.data)
    PI_Proportional                          0x20000a04   Data           4  mc_foc_ctr.o(.data)
    PI_Feedforward                           0x20000a08   Data           4  mc_foc_ctr.o(.data)
    PI_Differential                          0x20000a0c   Data           4  mc_foc_ctr.o(.data)
    PI_SpeedLoop_Kf                          0x20000a10   Data           4  mc_foc_ctr.o(.data)
    s_SinCos_Open                            0x20000a18   Data           8  mc_foc_ctr.o(.data)
    stru_SinCos_bemf                         0x20000a20   Data           8  mc_foc_ctr.o(.data)
    stru_SinCos_weeken                       0x20000a28   Data           8  mc_foc_ctr.o(.data)
    stru_SinCos_PLL                          0x20000a34   Data           8  mc_obse.o(.data)
    PI_SpeedLoop_Kd                          0x20000a3c   Data           4  mc_pic.o(.data)
    stru_SinCos_rfo                          0x20000a40   Data           8  mc_rfo_est.o(.data)
    Capture                                  0x20000a48   Data          72  user_control.o(.bss)
    UserPowerSet                             0x20000a90   Data          32  user_control.o(.bss)
    Basic                                    0x20000ab0   Data         116  mc_ctrl.o(.bss)
    Time                                     0x20000b24   Data          40  mc_ctrl.o(.bss)
    Count                                    0x20000b4c   Data          20  mc_ctrl.o(.bss)
    Fault                                    0x20000b60   Data          80  mc_ctrl.o(.bss)
    Para                                     0x20000bb0   Data         208  mc_ctrl.o(.bss)
    stru_Sample                              0x20000c80   Data         160  mc_ctrl.o(.bss)
    stru_FOC                                 0x20000d20   Data         140  mc_ctrl.o(.bss)
    stru_Speed_Ctrl                          0x20000dac   Data          24  mc_ctrl.o(.bss)
    Motor_Actual                             0x20000dc4   Data          32  mc_ctrl.o(.bss)
    stru_base_value                          0x20000de4   Data          84  mc_ctrl.o(.bss)
    PID_ID                                   0x20000e38   Data          40  mc_foc.o(.bss)
    PID_IQ                                   0x20000e60   Data          40  mc_foc.o(.bss)
    PID_WL                                   0x20000e88   Data          40  mc_foc.o(.bss)
    stru_Curr_abc                            0x20000eb0   Data          12  mc_foc.o(.bss)
    stru_SVM_Calc                            0x20000ebc   Data          72  mc_foc.o(.bss)
    PID_FW                                   0x20000f04   Data          40  mc_foc_ctr.o(.bss)
    stru_bemf                                0x20000f2c   Data          96  mc_foc_ctr.o(.bss)
    buffer                                   0x20000f8c   Data         128  mc_foc_ctr.o(.bss)
    stru_smo_est                             0x2000100c   Data         112  mc_obse.o(.bss)
    stru_OpenLoop                            0x2000107c   Data          56  mc_openloop.o(.bss)
    stru_SingleCurr                          0x200010b4   Data          20  mc_single.o(.bss)
    stru_adap_est                            0x200010c8   Data          88  mc_adaption.o(.bss)
    stru_rpd_est                             0x20001120   Data         136  mc_rfo_est.o(.bss)
    __libspace_start                         0x200011a8   Data          96  libspace.o(.bss)
    __temporary_stack_top$libspace           0x20001208   Data           0  libspace.o(.bss)



==============================================================================

Memory Map of the image

  Image Entry point : 0x00000119

  Load Region LR_IROM1 (Base: 0x00000000, Size: 0x00005f3c, Max: 0x00010000, ABSOLUTE)

    Execution Region ER_IROM1 (Exec base: 0x00000000, Load base: 0x00000000, Size: 0x000054f4, Max: 0x00010000, ABSOLUTE)

    Exec Addr    Load Addr    Size         Type   Attr      Idx    E Section Name        Object

    0x00000000   0x00000000   0x000000c0   Data   RO         3444    RESET               startup_cms32m6510.o
    0x000000c0   0x000000c0   0x00000004   Data   RO         3455    .ARM.__AT_0x000000C0  system_cms32m6510.o
    0x000000c4   0x000000c4   0x0000000c   Ven    RO         3894    Veneer$$Code        anon$$obj.o
    0x000000d0   0x000000d0   0x0000000c   Ven    RO         3895    Veneer$$Code        anon$$obj.o
    0x000000dc   0x000000dc   0x0000000c   Ven    RO         3896    Veneer$$Code        anon$$obj.o
    0x000000e8   0x000000e8   0x0000000c   Ven    RO         3897    Veneer$$Code        anon$$obj.o
    0x000000f4   0x000000f4   0x0000000c   Ven    RO         3898    Veneer$$Code        anon$$obj.o
    0x00000100   0x00000100   0x0000000c   Ven    RO         3899    Veneer$$Code        anon$$obj.o
    0x0000010c   0x0000010c   0x0000000c   Ven    RO         3900    Veneer$$Code        anon$$obj.o
    0x00000118   0x00000118   0x00000008   Code   RO         3676  * !!!main             c_p.l(__main.o)
    0x00000120   0x00000120   0x0000003c   Code   RO         3888    !!!scatter          c_p.l(__scatter.o)
    0x0000015c   0x0000015c   0x0000001a   Code   RO         3890    !!handler_copy      c_p.l(__scatter_copy.o)
    0x00000176   0x00000176   0x00000002   PAD
    0x00000178   0x00000178   0x0000001c   Code   RO         3892    !!handler_zi        c_p.l(__scatter_zi.o)
    0x00000194   0x00000194   0x00000002   Code   RO         3755    .ARM.Collect$$libinit$$00000000  c_p.l(libinit.o)
    0x00000196   0x00000196   0x00000000   Code   RO         3771    .ARM.Collect$$libinit$$00000002  c_p.l(libinit2.o)
    0x00000196   0x00000196   0x00000000   Code   RO         3773    .ARM.Collect$$libinit$$00000004  c_p.l(libinit2.o)
    0x00000196   0x00000196   0x00000000   Code   RO         3776    .ARM.Collect$$libinit$$0000000A  c_p.l(libinit2.o)
    0x00000196   0x00000196   0x00000000   Code   RO         3778    .ARM.Collect$$libinit$$0000000C  c_p.l(libinit2.o)
    0x00000196   0x00000196   0x00000000   Code   RO         3780    .ARM.Collect$$libinit$$0000000E  c_p.l(libinit2.o)
    0x00000196   0x00000196   0x00000000   Code   RO         3783    .ARM.Collect$$libinit$$00000011  c_p.l(libinit2.o)
    0x00000196   0x00000196   0x00000000   Code   RO         3785    .ARM.Collect$$libinit$$00000013  c_p.l(libinit2.o)
    0x00000196   0x00000196   0x00000000   Code   RO         3787    .ARM.Collect$$libinit$$00000015  c_p.l(libinit2.o)
    0x00000196   0x00000196   0x00000000   Code   RO         3789    .ARM.Collect$$libinit$$00000017  c_p.l(libinit2.o)
    0x00000196   0x00000196   0x00000000   Code   RO         3791    .ARM.Collect$$libinit$$00000019  c_p.l(libinit2.o)
    0x00000196   0x00000196   0x00000000   Code   RO         3793    .ARM.Collect$$libinit$$0000001B  c_p.l(libinit2.o)
    0x00000196   0x00000196   0x00000000   Code   RO         3795    .ARM.Collect$$libinit$$0000001D  c_p.l(libinit2.o)
    0x00000196   0x00000196   0x00000000   Code   RO         3797    .ARM.Collect$$libinit$$0000001F  c_p.l(libinit2.o)
    0x00000196   0x00000196   0x00000000   Code   RO         3799    .ARM.Collect$$libinit$$00000021  c_p.l(libinit2.o)
    0x00000196   0x00000196   0x00000000   Code   RO         3801    .ARM.Collect$$libinit$$00000023  c_p.l(libinit2.o)
    0x00000196   0x00000196   0x00000000   Code   RO         3803    .ARM.Collect$$libinit$$00000025  c_p.l(libinit2.o)
    0x00000196   0x00000196   0x00000000   Code   RO         3807    .ARM.Collect$$libinit$$0000002C  c_p.l(libinit2.o)
    0x00000196   0x00000196   0x00000000   Code   RO         3809    .ARM.Collect$$libinit$$0000002E  c_p.l(libinit2.o)
    0x00000196   0x00000196   0x00000000   Code   RO         3811    .ARM.Collect$$libinit$$00000030  c_p.l(libinit2.o)
    0x00000196   0x00000196   0x00000000   Code   RO         3813    .ARM.Collect$$libinit$$00000032  c_p.l(libinit2.o)
    0x00000196   0x00000196   0x00000002   Code   RO         3814    .ARM.Collect$$libinit$$00000033  c_p.l(libinit2.o)
    0x00000198   0x00000198   0x00000002   Code   RO         3845    .ARM.Collect$$libshutdown$$00000000  c_p.l(libshutdown.o)
    0x0000019a   0x0000019a   0x00000000   Code   RO         3871    .ARM.Collect$$libshutdown$$00000002  c_p.l(libshutdown2.o)
    0x0000019a   0x0000019a   0x00000000   Code   RO         3873    .ARM.Collect$$libshutdown$$00000004  c_p.l(libshutdown2.o)
    0x0000019a   0x0000019a   0x00000000   Code   RO         3876    .ARM.Collect$$libshutdown$$00000007  c_p.l(libshutdown2.o)
    0x0000019a   0x0000019a   0x00000000   Code   RO         3879    .ARM.Collect$$libshutdown$$0000000A  c_p.l(libshutdown2.o)
    0x0000019a   0x0000019a   0x00000000   Code   RO         3881    .ARM.Collect$$libshutdown$$0000000C  c_p.l(libshutdown2.o)
    0x0000019a   0x0000019a   0x00000000   Code   RO         3884    .ARM.Collect$$libshutdown$$0000000F  c_p.l(libshutdown2.o)
    0x0000019a   0x0000019a   0x00000002   Code   RO         3885    .ARM.Collect$$libshutdown$$00000010  c_p.l(libshutdown2.o)
    0x0000019c   0x0000019c   0x00000000   Code   RO         3701    .ARM.Collect$$rtentry$$00000000  c_p.l(__rtentry.o)
    0x0000019c   0x0000019c   0x00000000   Code   RO         3719    .ARM.Collect$$rtentry$$00000002  c_p.l(__rtentry2.o)
    0x0000019c   0x0000019c   0x00000006   Code   RO         3731    .ARM.Collect$$rtentry$$00000004  c_p.l(__rtentry4.o)
    0x000001a2   0x000001a2   0x00000000   Code   RO         3721    .ARM.Collect$$rtentry$$00000009  c_p.l(__rtentry2.o)
    0x000001a2   0x000001a2   0x00000004   Code   RO         3722    .ARM.Collect$$rtentry$$0000000A  c_p.l(__rtentry2.o)
    0x000001a6   0x000001a6   0x00000000   Code   RO         3724    .ARM.Collect$$rtentry$$0000000C  c_p.l(__rtentry2.o)
    0x000001a6   0x000001a6   0x00000008   Code   RO         3725    .ARM.Collect$$rtentry$$0000000D  c_p.l(__rtentry2.o)
    0x000001ae   0x000001ae   0x00000002   Code   RO         3762    .ARM.Collect$$rtexit$$00000000  c_p.l(rtexit.o)
    0x000001b0   0x000001b0   0x00000000   Code   RO         3818    .ARM.Collect$$rtexit$$00000002  c_p.l(rtexit2.o)
    0x000001b0   0x000001b0   0x00000004   Code   RO         3819    .ARM.Collect$$rtexit$$00000003  c_p.l(rtexit2.o)
    0x000001b4   0x000001b4   0x00000006   Code   RO         3820    .ARM.Collect$$rtexit$$00000004  c_p.l(rtexit2.o)
    0x000001ba   0x000001ba   0x00000002   PAD
    0x000001bc   0x000001bc   0x0000003c   Code   RO         3445    .text               startup_cms32m6510.o
    0x000001f8   0x000001f8   0x00000040   Code   RO         3668    .text               c_p.l(rt_memclr.o)
    0x00000238   0x00000238   0x000001e8   Code   RO         3670    .text               c_p.l(aeabi_sdivfast.o)
    0x00000420   0x00000420   0x00000006   Code   RO         3674    .text               c_p.l(heapauxi.o)
    0x00000426   0x00000426   0x00000002   PAD
    0x00000428   0x00000428   0x0000007c   Code   RO         3678    .text               fz_ps.l(d2f.o)
    0x000004a4   0x000004a4   0x0000006c   Code   RO         3680    .text               fz_ps.l(dfixi.o)
    0x00000510   0x00000510   0x00000160   Code   RO         3688    .text               fz_ps.l(fdiv.o)
    0x00000670   0x00000670   0x0000004c   Code   RO         3691    .text               fz_ps.l(ffixi.o)
    0x000006bc   0x000006bc   0x0000005e   Code   RO         3693    .text               fz_ps.l(fflti.o)
    0x0000071a   0x0000071a   0x00000002   PAD
    0x0000071c   0x0000071c   0x00000044   Code   RO         3699    .text               fz_ps.l(fscalbn.o)
    0x00000760   0x00000760   0x0000003e   Code   RO         3741    .text               c_p.l(sys_stackheap_outer.o)
    0x0000079e   0x0000079e   0x00000010   Code   RO         3744    .text               c_p.l(exit.o)
    0x000007ae   0x000007ae   0x00000002   PAD
    0x000007b0   0x000007b0   0x00000008   Code   RO         3758    .text               c_p.l(libspace.o)
    0x000007b8   0x000007b8   0x0000000c   Code   RO         3815    .text               c_p.l(sys_exit.o)
    0x000007c4   0x000007c4   0x00000002   Code   RO         3834    .text               c_p.l(use_no_semi.o)
    0x000007c6   0x000007c6   0x00000000   Code   RO         3836    .text               c_p.l(indicate_semi.o)
    0x000007c6   0x000007c6   0x00000056   Code   RO          579    i.ACMP1_Init        hardinit.o
    0x0000081c   0x0000081c   0x0000002c   Code   RO         1173    i.ACMPOut_Enable    acmp.o
    0x00000848   0x00000848   0x00000014   Code   RO         1174    i.ACMP_ClearIntFlag  acmp.o
    0x0000085c   0x0000085c   0x0000003c   Code   RO         1175    i.ACMP_ConfigEventAndIntMode  acmp.o
    0x00000898   0x00000898   0x00000040   Code   RO         1176    i.ACMP_ConfigNegative  acmp.o
    0x000008d8   0x000008d8   0x00000038   Code   RO         1177    i.ACMP_ConfigPositive  acmp.o
    0x00000910   0x00000910   0x0000002c   Code   RO         1181    i.ACMP_EnableEventOut  acmp.o
    0x0000093c   0x0000093c   0x00000044   Code   RO         1182    i.ACMP_EnableHYS    acmp.o
    0x00000980   0x00000980   0x0000001c   Code   RO         1183    i.ACMP_EnableInt    acmp.o
    0x0000099c   0x0000099c   0x00000050   Code   RO         1184    i.ACMP_Filter_Config  acmp.o
    0x000009ec   0x000009ec   0x0000003c   Code   RO          515    i.ACMP_IRQHandler   interrupt.o
    0x00000a28   0x00000a28   0x00000038   Code   RO         1187    i.ACMP_Polarity_Config  acmp.o
    0x00000a60   0x00000a60   0x0000002c   Code   RO         1188    i.ACMP_Start        acmp.o
    0x00000a8c   0x00000a8c   0x00000018   Code   RO         1583    i.ADCLDO_Disable    adcldo.o
    0x00000aa4   0x00000aa4   0x0000001c   Code   RO         1585    i.ADCLDO_OutVlotageSel  adcldo.o
    0x00000ac0   0x00000ac0   0x00000018   Code   RO          708    i.ADC_ClearAllInt_Flag  softinit.o
    0x00000ad8   0x00000ad8   0x00000020   Code   RO         1307    i.ADC_ConfigChannelSwitchMode  adc.o
    0x00000af8   0x00000af8   0x00000030   Code   RO         1309    i.ADC_ConfigRunMode  adc.o
    0x00000b28   0x00000b28   0x00000020   Code   RO         1311    i.ADC_ConfigVREF    adc.o
    0x00000b48   0x00000b48   0x0000001c   Code   RO         1313    i.ADC_DisableChargeAndDischarge  adc.o
    0x00000b64   0x00000b64   0x00000018   Code   RO         1316    i.ADC_DisableEPWMCmp0TriggerChannel  adc.o
    0x00000b7c   0x00000b7c   0x00000018   Code   RO         1318    i.ADC_DisableEPWMCmp1TriggerChannel  adc.o
    0x00000b94   0x00000b94   0x00000018   Code   RO         1320    i.ADC_DisableEPWMTriggerChannel  adc.o
    0x00000bac   0x00000bac   0x00000018   Code   RO         1329    i.ADC_EnableEPWMCmp0TriggerChannel  adc.o
    0x00000bc4   0x00000bc4   0x00000018   Code   RO         1331    i.ADC_EnableEPWMCmp1TriggerChannel  adc.o
    0x00000bdc   0x00000bdc   0x00000018   Code   RO         1333    i.ADC_EnableEPWMTriggerChannel  adc.o
    0x00000bf4   0x00000bf4   0x000000d8   Code   RO         1334    i.ADC_EnableHardwareTrigger  adc.o
    0x00000ccc   0x00000ccc   0x00000030   Code   RO          516    i.ADC_IRQHandler    interrupt.o
    0x00000cfc   0x00000cfc   0x00000072   Code   RO          581    i.ADC_Init          hardinit.o
    0x00000d6e   0x00000d6e   0x00000002   PAD
    0x00000d70   0x00000d70   0x000000c4   Code   RO          859    i.ADC_Sample        mc_ctrl.o
    0x00000e34   0x00000e34   0x00000018   Code   RO         1346    i.ADC_Start         adc.o
    0x00000e4c   0x00000e4c   0x00000044   Code   RO          709    i.ADC_TGSAMP_CONFIG  softinit.o
    0x00000e90   0x00000e90   0x00000060   Code   RO          582    i.CCP_Capture_Init  hardinit.o
    0x00000ef0   0x00000ef0   0x00000014   Code   RO         1622    i.CCP_ClearCAPMode2IntFlag  ccp.o
    0x00000f04   0x00000f04   0x00000028   Code   RO         1627    i.CCP_ConfigCAPMode2  ccp.o
    0x00000f2c   0x00000f2c   0x0000004c   Code   RO         1628    i.CCP_ConfigCLK     ccp.o
    0x00000f78   0x00000f78   0x00000078   Code   RO         1629    i.CCP_ConfigCompare  ccp.o
    0x00000ff0   0x00000ff0   0x0000005c   Code   RO         1639    i.CCP_DisableReverseOutput  ccp.o
    0x0000104c   0x0000104c   0x0000001c   Code   RO         1640    i.CCP_DisableRun    ccp.o
    0x00001068   0x00001068   0x0000001c   Code   RO         1645    i.CCP_EnableCAPMode2  ccp.o
    0x00001084   0x00001084   0x00000030   Code   RO         1651    i.CCP_EnablePWMMode  ccp.o
    0x000010b4   0x000010b4   0x0000001c   Code   RO         1653    i.CCP_EnableRun     ccp.o
    0x000010d0   0x000010d0   0x00000034   Code   RO         1659    i.CCP_GetCAPMode2Result  ccp.o
    0x00001104   0x00001104   0x000000d4   Code   RO          517    i.CCP_IRQHandler    interrupt.o
    0x000011d8   0x000011d8   0x0000007c   Code   RO            3    i.CCP_PWM_Config    user_control.o
    0x00001254   0x00001254   0x00000048   Code   RO          583    i.CCP_PWM_GPIO      hardinit.o
    0x0000129c   0x0000129c   0x00000070   Code   RO         1664    i.CCP_SelCAPMode2Channel  ccp.o
    0x0000130c   0x0000130c   0x00000030   Code   RO         1665    i.CCP_Start         ccp.o
    0x0000133c   0x0000133c   0x00000030   Code   RO         1666    i.CCP_Stop          ccp.o
    0x0000136c   0x0000136c   0x00000018   Code   RO         1936    i.CGC_PER11PeriphClockCmd  cgc.o
    0x00001384   0x00001384   0x00000018   Code   RO         1937    i.CGC_PER12PeriphClockCmd  cgc.o
    0x0000139c   0x0000139c   0x00000018   Code   RO         1938    i.CGC_PER13PeriphClockCmd  cgc.o
    0x000013b4   0x000013b4   0x00000090   Code   RO         3451    i.CLK_GetHocoFreq   system_cms32m6510.o
    0x00001444   0x00001444   0x00000014   Code   RO         2022    i.DAC_ConfigInput   dac.o
    0x00001458   0x00001458   0x00000038   Code   RO          585    i.DAC_Init          hardinit.o
    0x00001490   0x00001490   0x00000018   Code   RO         2023    i.DAC_Start         dac.o
    0x000014a8   0x000014a8   0x00000010   Code   RO         2098    i.DIVSQRT_EnableDIVMode  divsqrt.o
    0x000014b8   0x000014b8   0x00000010   Code   RO         2100    i.DIVSQRT_EnableSingedMode  divsqrt.o
    0x000014c8   0x000014c8   0x0000001c   Code   RO          711    i.DelayTime_ms      softinit.o
    0x000014e4   0x000014e4   0x00000018   Code   RO         2166    i.EPWM_AllBrakeEnable  epwm.o
    0x000014fc   0x000014fc   0x0000001c   Code   RO         2167    i.EPWM_ClearBrake   epwm.o
    0x00001518   0x00001518   0x00000010   Code   RO         2168    i.EPWM_ClearBrakeIntFlag  epwm.o
    0x00001528   0x00001528   0x00000034   Code   RO         2181    i.EPWM_ConfigChannelAsymDuty  epwm.o
    0x0000155c   0x0000155c   0x00000038   Code   RO         2182    i.EPWM_ConfigChannelClk  epwm.o
    0x00001594   0x00001594   0x00000030   Code   RO         2183    i.EPWM_ConfigChannelPeriod  epwm.o
    0x000015c4   0x000015c4   0x0000002c   Code   RO         2185    i.EPWM_ConfigCompareTriger  epwm.o
    0x000015f0   0x000015f0   0x00000020   Code   RO         2186    i.EPWM_ConfigFaultBrakeLevel  epwm.o
    0x00001610   0x00001610   0x0000002c   Code   RO         2188    i.EPWM_ConfigRunMode  epwm.o
    0x0000163c   0x0000163c   0x00000020   Code   RO         2205    i.EPWM_DisableReverseOutput  epwm.o
    0x0000165c   0x0000165c   0x0000001c   Code   RO         2212    i.EPWM_EnableAutoLoadMode  epwm.o
    0x00001678   0x00001678   0x00000084   Code   RO         2217    i.EPWM_EnableDeadZone  epwm.o
    0x000016fc   0x000016fc   0x00000018   Code   RO         2223    i.EPWM_EnableFaultBrake  epwm.o
    0x00001714   0x00001714   0x00000018   Code   RO         2230    i.EPWM_EnableOutput  epwm.o
    0x0000172c   0x0000172c   0x00000018   Code   RO         2235    i.EPWM_EnableZeroInt  epwm.o
    0x00001744   0x00001744   0x000000bc   Code   RO          518    i.EPWM_IRQHandler   interrupt.o
    0x00001800   0x00001800   0x00000158   Code   RO          586    i.EPWM_R1_Init      hardinit.o
    0x00001958   0x00001958   0x0000001c   Code   RO         2247    i.EPWM_Start        epwm.o
    0x00001974   0x00001974   0x00000002   Code   RO          228    i.FMC_IRQHandler    isr.o
    0x00001976   0x00001976   0x00000002   PAD
    0x00001978   0x00001978   0x0000005c   Code   RO         3604    i.FOC_Adap_Angle_Init  CMS_65_FOCB_V220.lib(mc_adaption.o)
    0x000019d4   0x000019d4   0x000000bc   Code   RO         3605    i.FOC_Adaption_Angle_Calc  CMS_65_FOCB_V220.lib(mc_adaption.o)
    0x00001a90   0x00001a90   0x00000134   Code   RO         3572    i.FOC_ArcTan_Cal    CMS_65_FOCB_V220.lib(mc_pmsm.o)
    0x00001bc4   0x00001bc4   0x00000234   Code   RO         3502    i.FOC_BEMF_Detection  CMS_65_FOCB_V220.lib(mc_foc_ctr.o)
    0x00001df8   0x00001df8   0x00000038   Code   RO         3503    i.FOC_BEMF_Init     CMS_65_FOCB_V220.lib(mc_foc_ctr.o)
    0x00001e30   0x00001e30   0x00000100   Code   RO         3606    i.FOC_BaseParameter_Init  CMS_65_FOCB_V220.lib(mc_adaption.o)
    0x00001f30   0x00001f30   0x00000108   Code   RO         1005    i.FOC_ControlPara_Init  mc_foc.o
    0x00002038   0x00002038   0x0000018c   Code   RO         1006    i.FOC_Control_Align  mc_foc.o
    0x000021c4   0x000021c4   0x00000120   Code   RO         1010    i.FOC_Control_Process  mc_foc.o
    0x000022e4   0x000022e4   0x000002f4   Code   RO         1011    i.FOC_Control_Run   mc_foc.o
    0x000025d8   0x000025d8   0x00000314   Code   RO         1012    i.FOC_Control_Start  mc_foc.o
    0x000028ec   0x000028ec   0x00000264   Code   RO         1013    i.FOC_Control_Stop  mc_foc.o
    0x00002b50   0x00002b50   0x000002f4   Code   RO         1014    i.FOC_Control_Switch  mc_foc.o
    0x00002e44   0x00002e44   0x0000024c   Code   RO         1015    i.FOC_Control_Wind  mc_foc.o
    0x00003090   0x00003090   0x000000dc   Code   RO         3504    i.FOC_DQCurrent_PIRegulator  CMS_65_FOCB_V220.lib(mc_foc_ctr.o)
    0x0000316c   0x0000316c   0x000001ac   Code   RO         3574    i.FOC_DoubleShunt_Calc  CMS_65_FOCB_V220.lib(mc_pmsm.o)
    0x00003318   0x00003318   0x00000014   Code   RO         3550    i.FOC_OpenLoop_Init  CMS_65_FOCB_V220.lib(mc_openloop.o)
    0x0000332c   0x0000332c   0x000000a4   Code   RO         3558    i.FOC_PID_Parameter_Init  CMS_65_FOCB_V220.lib(mc_pic.o)
    0x000033d0   0x000033d0   0x0000008c   Code   RO         1017    i.FOC_Read_Current  mc_foc.o
    0x0000345c   0x0000345c   0x000001f4   Code   RO         3624    i.FOC_RotorPosition_Calc  CMS_65_FOCB_V220.lib(mc_rfo_est.o)
    0x00003650   0x00003650   0x00000178   Code   RO         3507    i.FOC_RotorPosition_Detection  CMS_65_FOCB_V220.lib(mc_foc_ctr.o)
    0x000037c8   0x000037c8   0x0000000c   Code   RO         3607    i.FOC_RotorPosition_Init  CMS_65_FOCB_V220.lib(mc_adaption.o)
    0x000037d4   0x000037d4   0x0000009c   Code   RO         3625    i.FOC_Rpd_Angle_Init  CMS_65_FOCB_V220.lib(mc_rfo_est.o)
    0x00003870   0x00003870   0x00000018   Code   RO         3596    i.FOC_SingleShunt_Init  CMS_65_FOCB_V220.lib(mc_single.o)
    0x00003888   0x00003888   0x0000006c   Code   RO         1019    i.FOC_Start_Init    mc_foc.o
    0x000038f4   0x000038f4   0x00000064   Code   RO         1020    i.FOC_Stop_Check    mc_foc.o
    0x00003958   0x00003958   0x00000002   Code   RO          519    i.FOC_User_Control  interrupt.o
    0x0000395a   0x0000395a   0x00000002   PAD
    0x0000395c   0x0000395c   0x00000110   Code   RO          714    i.GET_ADC_REF_VAL   softinit.o
    0x00003a6c   0x00003a6c   0x000000f0   Code   RO         2713    i.GPIO_Init         gpio.o
    0x00003b5c   0x00003b5c   0x00000014   Code   RO         3608    i.HWDIV_Div         CMS_65_FOCB_V220.lib(mc_adaption.o)
    0x00003b70   0x00003b70   0x00000020   Code   RO          229    i.HardFault_Handler  isr.o
    0x00003b90   0x00003b90   0x00000002   Code   RO          230    i.I2C0_IRQHandler   isr.o
    0x00003b92   0x00003b92   0x00000002   Code   RO          231    i.INTP0_IRQHandler  isr.o
    0x00003b94   0x00003b94   0x00000002   Code   RO          232    i.INTP1_IRQHandler  isr.o
    0x00003b96   0x00003b96   0x00000002   Code   RO          233    i.INTP3_IRQHandler  isr.o
    0x00003b98   0x00003b98   0x00000002   Code   RO          234    i.LSITIMER_IRQHandler  isr.o
    0x00003b9a   0x00003b9a   0x00000002   PAD
    0x00003b9c   0x00003b9c   0x0000000c   Code   RO         3452    i.LVI_IRQHandler    system_cms32m6510.o
    0x00003ba8   0x00003ba8   0x00000090   Code   RO          715    i.MC_BasePara_Init  softinit.o
    0x00003c38   0x00003c38   0x00000064   Code   RO          716    i.MC_BaseValue_Init  softinit.o
    0x00003c9c   0x00003c9c   0x000001a0   Code   RO          718    i.MC_FOCPara_Init   softinit.o
    0x00003e3c   0x00003e3c   0x0000006c   Code   RO          719    i.MC_FaultPara_Init  softinit.o
    0x00003ea8   0x00003ea8   0x00000008   Code   RO          864    i.MC_MotorFault_Check  mc_ctrl.o
    0x00003eb0   0x00003eb0   0x00000020   Code   RO          865    i.MC_MotorInit_Process  mc_ctrl.o
    0x00003ed0   0x00003ed0   0x0000004c   Code   RO          866    i.MC_MotorSpeed_Calc  mc_ctrl.o
    0x00003f1c   0x00003f1c   0x00000038   Code   RO          721    i.MC_OpenLoop_Init  softinit.o
    0x00003f54   0x00003f54   0x00000118   Code   RO          722    i.MC_Para_Init      softinit.o
    0x0000406c   0x0000406c   0x000000e8   Code   RO          867    i.MC_PhaseLoss_Check  mc_ctrl.o
    0x00004154   0x00004154   0x00000064   Code   RO          723    i.MC_SampPara_Init  softinit.o
    0x000041b8   0x000041b8   0x0000018c   Code   RO          869    i.MC_Speed_Control  mc_ctrl.o
    0x00004344   0x00004344   0x00000040   Code   RO          725    i.MC_UserPowerSet_Init  softinit.o
    0x00004384   0x00004384   0x00000040   Code   RO          872    i.Motor_Actual_Calculate  mc_ctrl.o
    0x000043c4   0x000043c4   0x00000002   Code   RO          235    i.NMI_Handler       isr.o
    0x000043c6   0x000043c6   0x00000002   PAD
    0x000043c8   0x000043c8   0x00000028   Code   RO         3000    i.PGA0_ConfigResistorPAD  pga.o
    0x000043f0   0x000043f0   0x00000020   Code   RO         3001    i.PGA0_Filter       pga.o
    0x00004410   0x00004410   0x0000005a   Code   RO          589    i.PGA0_Init         hardinit.o
    0x0000446a   0x0000446a   0x00000002   PAD
    0x0000446c   0x0000446c   0x0000004c   Code   RO         3002    i.PGA_ConfigGain    pga.o
    0x000044b8   0x000044b8   0x00000044   Code   RO         3004    i.PGA_EnableOutput  pga.o
    0x000044fc   0x000044fc   0x0000004c   Code   RO         3005    i.PGA_ModeSet       pga.o
    0x00004548   0x00004548   0x0000003c   Code   RO         3006    i.PGA_Start         pga.o
    0x00004584   0x00004584   0x00000044   Code   RO         3008    i.PGA_VrefCtrl      pga.o
    0x000045c8   0x000045c8   0x00000050   Code   RO         3559    i.PID_CALC          CMS_65_FOCB_V220.lib(mc_pic.o)
    0x00004618   0x00004618   0x00000014   Code   RO         2714    i.PORT_ClrBit       gpio.o
    0x0000462c   0x0000462c   0x00000020   Code   RO         2715    i.PORT_GetBit       gpio.o
    0x0000464c   0x0000464c   0x00000010   Code   RO         2717    i.PORT_SetBit       gpio.o
    0x0000465c   0x0000465c   0x00000002   Code   RO          236    i.PendSV_Handler    isr.o
    0x0000465e   0x0000465e   0x00000002   PAD
    0x00004660   0x00004660   0x00000010   Code   RO         2719    i.RESTPinGpio_Set   gpio.o
    0x00004670   0x00004670   0x00000002   Code   RO          237    i.SSP0_IRQHandler   isr.o
    0x00004672   0x00004672   0x00000002   Code   RO          238    i.SVC_Handler       isr.o
    0x00004674   0x00004674   0x00000048   Code   RO          873    i.SysTick_1ms       mc_ctrl.o
    0x000046bc   0x000046bc   0x000000c4   Code   RO          520    i.SysTick_Handler   interrupt.o
    0x00004780   0x00004780   0x00000010   Code   RO         3453    i.SystemCoreClockUpdate  system_cms32m6510.o
    0x00004790   0x00004790   0x00000074   Code   RO         3454    i.SystemInit        system_cms32m6510.o
    0x00004804   0x00004804   0x000000e4   Code   RO          874    i.System_Control    mc_ctrl.o
    0x000048e8   0x000048e8   0x000000d8   Code   RO          595    i.System_Init       hardinit.o
    0x000049c0   0x000049c0   0x00000040   Code   RO          875    i.System_Modules_off  mc_ctrl.o
    0x00004a00   0x00004a00   0x00000002   Code   RO          239    i.TIMER0_IRQHandler  isr.o
    0x00004a02   0x00004a02   0x00000002   PAD
    0x00004a04   0x00004a04   0x0000000c   Code   RO          521    i.TIMER1_IRQHandler  interrupt.o
    0x00004a10   0x00004a10   0x00000002   Code   RO          240    i.TM00_IRQHandler   isr.o
    0x00004a12   0x00004a12   0x00000002   Code   RO          241    i.TM01H_IRQHandler  isr.o
    0x00004a14   0x00004a14   0x00000002   Code   RO          242    i.TM01_IRQHandler   isr.o
    0x00004a16   0x00004a16   0x00000002   Code   RO          243    i.TM02_IRQHandler   isr.o
    0x00004a18   0x00004a18   0x00000002   Code   RO          244    i.TM03_IRQHandler   isr.o
    0x00004a1a   0x00004a1a   0x00000002   Code   RO          245    i.UART0_IRQHandler  isr.o
    0x00004a1c   0x00004a1c   0x00000020   Code   RO          876    i.User_MotorSpeed_Set  mc_ctrl.o
    0x00004a3c   0x00004a3c   0x00000010   Code   RO          879    i.User_Motor_On     mc_ctrl.o
    0x00004a4c   0x00004a4c   0x000000f8   Code   RO            7    i.User_Speed_Capture  user_control.o
    0x00004b44   0x00004b44   0x0000001c   Code   RO            8    i.User_Speed_Control  user_control.o
    0x00004b60   0x00004b60   0x000000a8   Code   RO            9    i.User_Speed_Out    user_control.o
    0x00004c08   0x00004c08   0x0000000c   Code   RO         3424    i.WDT_Restart       wdt.o
    0x00004c14   0x00004c14   0x00000058   Code   RO          727    i.__EI_Set          softinit.o
    0x00004c6c   0x00004c6c   0x00000044   Code   RO          729    i.__NVIC_SetPriority  softinit.o
    0x00004cb0   0x00004cb0   0x00000024   Code   RO          375    i.main              main.o
    0x00004cd4   0x00004cd4   0x000000b0   Code   RO         3695    x$fpl$fmul          fz_ps.l(fmul.o)
    0x00004d84   0x00004d84   0x00000000   Code   RO         3717    x$fpl$usenofp       fz_ps.l(usenofp.o)
    0x00004d84   0x00004d84   0x00000400   Data   RO         3531    .constdata          CMS_65_FOCB_V220.lib(mc_math.o)
    0x00005184   0x00005184   0x00000300   Data   RO         3579    .constdata          CMS_65_FOCB_V220.lib(mc_pmsm.o)
    0x00005484   0x00005484   0x00000040   Data   RO         3689    .constdata          fz_ps.l(fdiv.o)
    0x000054c4   0x000054c4   0x00000030   Data   RO         3886    Region$$Table       anon$$obj.o


    Execution Region RW_IRAM1 (Exec base: 0x20000000, Load base: 0x000054f4, Size: 0x00001908, Max: 0x00002000, ABSOLUTE)

    Exec Addr    Load Addr    Size         Type   Attr      Idx    E Section Name        Object

    0x20000000   0x000054f4   0x000002dc   Code   RO         3501    RAMCODE             CMS_65_FOCB_V220.lib(mc_foc_ctr.o)
    0x200002dc   0x000057d0   0x00000224   Code   RO         3542    RAMCODE             CMS_65_FOCB_V220.lib(mc_obse.o)
    0x20000500   0x000059f4   0x00000068   Code   RO         3569    RAMCODE             CMS_65_FOCB_V220.lib(mc_pmsm.o)
    0x20000568   0x00005a5c   0x000003cc   Code   RO         3595    RAMCODE             CMS_65_FOCB_V220.lib(mc_single.o)
    0x20000934   0x00005e28   0x0000000c   Ven    RO         3901    Veneer$$Code        anon$$obj.o
    0x20000940   0x00005e34   0x00000008   Data   RW           11    .data               user_control.o
    0x20000948   0x00005e3c   0x00000001   Data   RW          523    .data               interrupt.o
    0x20000949   0x00005e3d   0x00000003   PAD
    0x2000094c   0x00005e40   0x00000008   Data   RW          731    .data               softinit.o
    0x20000954   0x00005e48   0x00000001   Data   RW          732    .data               softinit.o
    0x20000955   0x00005e49   0x00000003   PAD
    0x20000958   0x00005e4c   0x00000038   Data   RW          882    .data               mc_ctrl.o
    0x20000990   0x00005e84   0x00000058   Data   RW         1023    .data               mc_foc.o
    0x200009e8   0x00005edc   0x00000004   Data   RW         3456    .data               system_cms32m6510.o
    0x200009ec   0x00005ee0   0x00000044   Data   RW         3511    .data               CMS_65_FOCB_V220.lib(mc_foc_ctr.o)
    0x20000a30   0x00005f24   0x0000000c   Data   RW         3544    .data               CMS_65_FOCB_V220.lib(mc_obse.o)
    0x20000a3c   0x00005f30   0x00000004   Data   RW         3562    .data               CMS_65_FOCB_V220.lib(mc_pic.o)
    0x20000a40   0x00005f34   0x00000008   Data   RW         3627    .data               CMS_65_FOCB_V220.lib(mc_rfo_est.o)
    0x20000a48        -       0x00000068   Zero   RW           10    .bss                user_control.o
    0x20000ab0        -       0x00000334   Zero   RW          880    .bss                mc_ctrl.o
    0x20000de4        -       0x00000054   Zero   RW          881    .bss                mc_ctrl.o
    0x20000e38        -       0x000000cc   Zero   RW         1022    .bss                mc_foc.o
    0x20000f04        -       0x00000108   Zero   RW         3510    .bss                CMS_65_FOCB_V220.lib(mc_foc_ctr.o)
    0x2000100c        -       0x00000070   Zero   RW         3543    .bss                CMS_65_FOCB_V220.lib(mc_obse.o)
    0x2000107c        -       0x00000038   Zero   RW         3552    .bss                CMS_65_FOCB_V220.lib(mc_openloop.o)
    0x200010b4        -       0x00000014   Zero   RW         3597    .bss                CMS_65_FOCB_V220.lib(mc_single.o)
    0x200010c8        -       0x00000058   Zero   RW         3611    .bss                CMS_65_FOCB_V220.lib(mc_adaption.o)
    0x20001120        -       0x00000088   Zero   RW         3626    .bss                CMS_65_FOCB_V220.lib(mc_rfo_est.o)
    0x200011a8        -       0x00000060   Zero   RW         3759    .bss                c_p.l(libspace.o)
    0x20001208        -       0x00000100   Zero   RW         3443    HEAP                startup_cms32m6510.o
    0x20001308        -       0x00000600   Zero   RW         3442    STACK               startup_cms32m6510.o


==============================================================================

Image component sizes


      Code (inc. data)   RO Data    RW Data    ZI Data      Debug   Object Name

       564         52          0          0          0       6687   acmp.o
       524         70          0          0          0       6868   adc.o
        52          8          0          0          0       1088   adcldo.o
       740         94          0          0          0       7885   ccp.o
        72         18          0          0          0       1826   cgc.o
        44         10          0          0          0       1006   dac.o
        32          8          0          0          0       1011   divsqrt.o
       636        134          0          0          0       9320   epwm.o
       324         42          0          0          0       3668   gpio.o
      1074         64          0          0          0       5819   hardinit.o
       718        112          0          1          0       4243   interrupt.o
        66          4          0          0          0      69699   isr.o
        36          6          0          0          0       6247   main.o
      1416        198          0         56        904      19558   mc_ctrl.o
      4796        742          0         88        204      14663   mc_foc.o
       420         42          0          0          0       4756   pga.o
      1816        466          0          9          0      18214   softinit.o
        60         28        192          0       1792        768   startup_cms32m6510.o
       288        112          4          4          0      11379   system_cms32m6510.o
       568         58          0          8        104      15642   user_control.o
        12          4          0          0          0        474   wdt.o

    ----------------------------------------------------------------------
     14370       2304        244        172       3004     210821   Object Totals
        96         32         48          0          0          0   (incl. Generated)
        16          0          0          6          0          0   (incl. Padding)

    ----------------------------------------------------------------------

      Code (inc. data)   RO Data    RW Data    ZI Data      Debug   Library Member Name

       568         50          0          0         88        340   mc_adaption.o
      1948        220          0         68        264        472   mc_foc_ctr.o
         0          0       1024          0          0          0   mc_math.o
       548         38          0         12        112         76   mc_obse.o
        20          6          0          0         56         60   mc_openloop.o
       244         38          0          4          0        132   mc_pic.o
       840         82        768          0          0        232   mc_pmsm.o
       656         60          0          8        136        152   mc_rfo_est.o
       996         72          0          0         20        180   mc_single.o
         8          0          0          0          0         68   __main.o
         0          0          0          0          0          0   __rtentry.o
        12          0          0          0          0          0   __rtentry2.o
         6          0          0          0          0          0   __rtentry4.o
        60          8          0          0          0          0   __scatter.o
        26          0          0          0          0          0   __scatter_copy.o
        28          0          0          0          0          0   __scatter_zi.o
       488          0          0          0          0         92   aeabi_sdivfast.o
        16          0          0          0          0         68   exit.o
         6          0          0          0          0        136   heapauxi.o
         0          0          0          0          0          0   indicate_semi.o
         2          0          0          0          0          0   libinit.o
         2          0          0          0          0          0   libinit2.o
         2          0          0          0          0          0   libshutdown.o
         2          0          0          0          0          0   libshutdown2.o
         8          4          0          0         96         68   libspace.o
        64          0          0          0          0        108   rt_memclr.o
         2          0          0          0          0          0   rtexit.o
        10          0          0          0          0          0   rtexit2.o
        12          4          0          0          0         60   sys_exit.o
        62          0          0          0          0         80   sys_stackheap_outer.o
         2          0          0          0          0         68   use_no_semi.o
       124          4          0          0          0         72   d2f.o
       108         10          0          0          0         72   dfixi.o
       352         10         64          0          0         92   fdiv.o
        76          0          0          0          0         68   ffixi.o
        94          0          0          0          0         92   fflti.o
       176          4          0          0          0         80   fmul.o
        68          4          0          0          0         68   fscalbn.o
         0          0          0          0          0          0   usenofp.o

    ----------------------------------------------------------------------
      7646        614       1856         92        772       2936   Library Totals
        10          0          0          0          0          0   (incl. Padding)

    ----------------------------------------------------------------------

      Code (inc. data)   RO Data    RW Data    ZI Data      Debug   Library Name

      5820        566       1792         92        676       1644   CMS_65_FOCB_V220.lib
       818         16          0          0         96        748   c_p.l
       998         32         64          0          0        544   fz_ps.l

    ----------------------------------------------------------------------
      7646        614       1856         92        772       2936   Library Totals

    ----------------------------------------------------------------------

==============================================================================


      Code (inc. data)   RO Data    RW Data    ZI Data      Debug   

     22016       2918       2100        264       3776     205773   Grand Totals
     22016       2918       2100        264       3776     205773   ELF Image Totals
     22016       2918       2100        264          0          0   ROM Totals

==============================================================================

    Total RO  Size (Code + RO Data)                24116 (  23.55kB)
    Total RW  Size (RW Data + ZI Data)              4040 (   3.95kB)
    Total ROM Size (Code + RO Data + RW Data)      24380 (  23.81kB)

==============================================================================

