Component: ARM Compiler 5.06 update 6 (build 750) Tool: armlink [4d35ed]

==============================================================================

Section Cross References

    user_control.o(i.PWM_AD_Speed_Control) refers to mc_ctrl.o(i.User_Motor_Off) for User_Motor_Off
    user_control.o(i.PWM_AD_Speed_Control) refers to fflti.o(.text) for __aeabi_i2f
    user_control.o(i.PWM_AD_Speed_Control) refers to fmul.o(x$fpl$fmul) for __aeabi_fmul
    user_control.o(i.PWM_AD_Speed_Control) refers to faddsub.o(x$fpl$fadd) for __aeabi_fadd
    user_control.o(i.PWM_AD_Speed_Control) refers to ffixi.o(.text) for __aeabi_f2iz
    user_control.o(i.PWM_AD_Speed_Control) refers to mc_ctrl.o(i.User_MotorSpeed_Set) for User_MotorSpeed_Set
    user_control.o(i.PWM_AD_Speed_Control) refers to mc_ctrl.o(i.User_Motor_On) for User_Motor_On
    user_control.o(i.PWM_AD_Speed_Control) refers to mc_ctrl.o(.bss) for Basic
    user_control.o(i.PWM_AD_Speed_Control) refers to user_control.o(.bss) for .bss
    user_control.o(i.PWM_Speed_Control) refers to mc_ctrl.o(i.User_Motor_Off) for User_Motor_Off
    user_control.o(i.PWM_Speed_Control) refers to fflti.o(.text) for __aeabi_ui2f
    user_control.o(i.PWM_Speed_Control) refers to fmul.o(x$fpl$fmul) for __aeabi_fmul
    user_control.o(i.PWM_Speed_Control) refers to faddsub.o(x$fpl$fadd) for __aeabi_fadd
    user_control.o(i.PWM_Speed_Control) refers to ffixi.o(.text) for __aeabi_f2iz
    user_control.o(i.PWM_Speed_Control) refers to mc_ctrl.o(i.User_MotorSpeed_Set) for User_MotorSpeed_Set
    user_control.o(i.PWM_Speed_Control) refers to mc_ctrl.o(i.User_Motor_On) for User_Motor_On
    user_control.o(i.PWM_Speed_Control) refers to user_control.o(.bss) for .bss
    user_control.o(i.PWM_Speed_Control) refers to mc_ctrl.o(.bss) for Basic
    user_control.o(i.User_Sleep_Manage) refers to acmp.o(i.ACMP_Stop) for ACMP_Stop
    user_control.o(i.User_Sleep_Manage) refers to adc.o(i.ADC_Stop) for ADC_Stop
    user_control.o(i.User_Sleep_Manage) refers to pga.o(i.PGA_Stop) for PGA_Stop
    user_control.o(i.User_Sleep_Manage) refers to epwm.o(i.EPWM_DisableOutput) for EPWM_DisableOutput
    user_control.o(i.User_Sleep_Manage) refers to epwm.o(i.EPWM_Stop) for EPWM_Stop
    user_control.o(i.User_Sleep_Manage) refers to dac.o(i.DAC_Stop) for DAC_Stop
    user_control.o(i.User_Sleep_Manage) refers to cgc.o(i.CGC_PER12PeriphClockCmd) for CGC_PER12PeriphClockCmd
    user_control.o(i.User_Sleep_Manage) refers to gpio.o(i.GPIO_Init) for GPIO_Init
    user_control.o(i.User_Sleep_Manage) refers to softinit.o(i.DelayTime_ms) for DelayTime_ms
    user_control.o(i.User_Sleep_Manage) refers to divsqrt.o(i.DIVSQRT_EnableDIVMode) for DIVSQRT_EnableDIVMode
    user_control.o(i.User_Sleep_Manage) refers to divsqrt.o(i.DIVSQRT_EnableSingedMode) for DIVSQRT_EnableSingedMode
    user_control.o(i.User_Sleep_Manage) refers to hardinit.o(i.CCP_Capture_Init) for CCP_Capture_Init
    user_control.o(i.User_Sleep_Manage) refers to hardinit.o(i.CCP_PWM_Init) for CCP_PWM_Init
    user_control.o(i.User_Sleep_Manage) refers to pga.o(i.PGA_Start) for PGA_Start
    user_control.o(i.User_Sleep_Manage) refers to adc.o(i.ADC_Start) for ADC_Start
    user_control.o(i.User_Sleep_Manage) refers to dac.o(i.DAC_Start) for DAC_Start
    user_control.o(i.User_Sleep_Manage) refers to acmp.o(i.ACMP_Start) for ACMP_Start
    user_control.o(i.User_Sleep_Manage) refers to epwm.o(i.EPWM_EnableOutput) for EPWM_EnableOutput
    user_control.o(i.User_Sleep_Manage) refers to epwm.o(i.EPWM_Start) for EPWM_Start
    user_control.o(i.User_Sleep_Manage) refers to mc_ctrl.o(i.System_Modules_off) for System_Modules_off
    user_control.o(i.User_Sleep_Manage) refers to mc_ctrl.o(i.MC_Clear_FaultMessage) for MC_Clear_FaultMessage
    user_control.o(i.User_Sleep_Manage) refers to softinit.o(i.__EI_Set) for __EI_Set
    user_control.o(i.User_Sleep_Manage) refers to mc_ctrl.o(.data) for MOTOR_STATE
    user_control.o(i.User_Sleep_Manage) refers to user_control.o(.data) for .data
    user_control.o(i.User_Sleep_Manage) refers to mc_ctrl.o(.bss) for Basic
    user_control.o(i.User_Sleep_Manage) refers to user_control.o(.bss) for .bss
    user_control.o(i.User_Speed_Capture) refers to ccp.o(i.CCP_DisableRun) for CCP_DisableRun
    user_control.o(i.User_Speed_Capture) refers to ccp.o(i.CCP_EnableRun) for CCP_EnableRun
    user_control.o(i.User_Speed_Capture) refers to gpio.o(i.PORT_GetBit) for PORT_GetBit
    user_control.o(i.User_Speed_Capture) refers to ccp.o(i.CCP_GetCAPMode2Result) for CCP_GetCAPMode2Result
    user_control.o(i.User_Speed_Capture) refers to aeabi_sdivfast.o(.text) for __aeabi_uidivmod
    user_control.o(i.User_Speed_Capture) refers to user_control.o(.bss) for .bss
    user_control.o(i.User_Speed_Control) refers to user_control.o(i.PWM_AD_Speed_Control) for PWM_AD_Speed_Control
    user_control.o(i.User_Speed_Out) refers to hardinit.o(i.CCP_PWM_GPIO) for CCP_PWM_GPIO
[...]
    i.EPWM_IRQHandler                        0x00001744   Section        0  interrupt.o(i.EPWM_IRQHandler)
    i.EPWM_R1_Init                           0x00001800   Section        0  hardinit.o(i.EPWM_R1_Init)
    i.EPWM_Start                             0x00001958   Section        0  epwm.o(i.EPWM_Start)
    i.FMC_IRQHandler                         0x00001974   Section        0  isr.o(i.FMC_IRQHandler)
    i.FOC_Adap_Angle_Init                    0x00001978   Section        0  mc_adaption.o(i.FOC_Adap_Angle_Init)
    i.FOC_Adaption_Angle_Calc                0x000019d4   Section        0  mc_adaption.o(i.FOC_Adaption_Angle_Calc)
    i.FOC_ArcTan_Cal                         0x00001a90   Section        0  mc_pmsm.o(i.FOC_ArcTan_Cal)
    i.FOC_BEMF_Detection                     0x00001bc4   Section        0  mc_foc_ctr.o(i.FOC_BEMF_Detection)
    i.FOC_BEMF_Init                          0x00001df8   Section        0  mc_foc_ctr.o(i.FOC_BEMF_Init)
    i.FOC_BaseParameter_Init                 0x00001e30   Section        0  mc_adaption.o(i.FOC_BaseParameter_Init)
    i.FOC_ControlPara_Init                   0x00001f30   Section        0  mc_foc.o(i.FOC_ControlPara_Init)
    i.FOC_Control_Align                      0x00002038   Section        0  mc_foc.o(i.FOC_Control_Align)
    i.FOC_Control_Process                    0x000021c4   Section        0  mc_foc.o(i.FOC_Control_Process)
    i.FOC_Control_Run                        0x000022e4   Section        0  mc_foc.o(i.FOC_Control_Run)
    i.FOC_Control_Start                      0x000025d8   Section        0  mc_foc.o(i.FOC_Control_Start)
    i.FOC_Control_Stop                       0x000028ec   Section        0  mc_foc.o(i.FOC_Control_Stop)
    i.FOC_Control_Switch                     0x00002b50   Section        0  mc_foc.o(i.FOC_Control_Switch)
    i.FOC_Control_Wind                       0x00002e44   Section        0  mc_foc.o(i.FOC_Control_Wind)
    i.FOC_DQCurrent_PIRegulator              0x00003090   Section        0  mc_foc_ctr.o(i.FOC_DQCurrent_PIRegulator)
    i.FOC_DoubleShunt_Calc                   0x0000316c   Section        0  mc_pmsm.o(i.FOC_DoubleShunt_Calc)
    i.FOC_OpenLoop_Init                      0x00003318   Section        0  mc_openloop.o(i.FOC_OpenLoop_Init)
    i.FOC_PID_Parameter_Init                 0x0000332c   Section        0  mc_pic.o(i.FOC_PID_Parameter_Init)
    i.FOC_Read_Current                       0x000033d0   Section        0  mc_foc.o(i.FOC_Read_Current)
    i.FOC_RotorPosition_Calc                 0x0000345c   Section        0  mc_rfo_est.o(i.FOC_RotorPosition_Calc)
    i.FOC_RotorPosition_Detection            0x00003650   Section        0  mc_foc_ctr.o(i.FOC_RotorPosition_Detection)
    i.FOC_RotorPosition_Init                 0x000037c8   Section        0  mc_adaption.o(i.FOC_RotorPosition_Init)
    i.FOC_Rpd_Angle_Init                     0x000037d4   Section        0  mc_rfo_est.o(i.FOC_Rpd_Angle_Init)
    i.FOC_SingleShunt_Init                   0x00003870   Section        0  mc_single.o(i.FOC_SingleShunt_Init)
    i.FOC_Start_Init                         0x00003888   Section        0  mc_foc.o(i.FOC_Start_Init)
    i.FOC_Stop_Check                         0x000038f8   Section        0  mc_foc.o(i.FOC_Stop_Check)
    i.FOC_User_Control                       0x0000395c   Section        0  interrupt.o(i.FOC_User_Control)
    i.GET_ADC_REF_VAL                        0x00003960   Section        0  softinit.o(i.GET_ADC_REF_VAL)
    i.GPIO_Init                              0x00003a70   Section        0  gpio.o(i.GPIO_Init)
    i.HWDIV_Div                              0x00003b60   Section        0  mc_adaption.o(i.HWDIV_Div)
    i.HardFault_Handler                      0x00003b74   Section        0  isr.o(i.HardFault_Handler)
    i.I2C0_IRQHandler                        0x00003b94   Section        0  isr.o(i.I2C0_IRQHandler)
    i.INTP0_IRQHandler                       0x00003b96   Section        0  isr.o(i.INTP0_IRQHandler)
    i.INTP1_IRQHandler                       0x00003b98   Section        0  isr.o(i.INTP1_IRQHandler)
    i.INTP3_IRQHandler                       0x00003b9a   Section        0  isr.o(i.INTP3_IRQHandler)
    i.LSITIMER_IRQHandler                    0x00003b9c   Section        0  isr.o(i.LSITIMER_IRQHandler)
    i.LVI_IRQHandler                         0x00003ba0   Section        0  system_cms32m6510.o(i.LVI_IRQHandler)
    i.MC_BasePara_Init                       0x00003bac   Section        0  softinit.o(i.MC_BasePara_Init)
    i.MC_BaseValue_Init                      0x00003c3c   Section        0  softinit.o(i.MC_BaseValue_Init)
    i.MC_FOCPara_Init                        0x00003ca0   Section        0  softinit.o(i.MC_FOCPara_Init)
    i.MC_FaultPara_Init                      0x00003e40   Section        0  softinit.o(i.MC_FaultPara_Init)
    i.MC_MotorFault_Check                    0x00003eac   Section        0  mc_ctrl.o(i.MC_MotorFault_Check)
    i.MC_MotorInit_Process                   0x00003eb4   Section        0  mc_ctrl.o(i.MC_MotorInit_Process)
    i.MC_MotorSpeed_Calc                     0x00003ed4   Section        0  mc_ctrl.o(i.MC_MotorSpeed_Calc)
    i.MC_OpenLoop_Init                       0x00003f20   Section        0  softinit.o(i.MC_OpenLoop_Init)
    i.MC_Para_Init                           0x00003f58   Section        0  softinit.o(i.MC_Para_Init)
    i.MC_PhaseLoss_Check                     0x00004070   Section        0  mc_ctrl.o(i.MC_PhaseLoss_Check)
    i.MC_SampPara_Init                       0x00004158   Section        0  softinit.o(i.MC_SampPara_Init)
    i.MC_Speed_Control                       0x000041bc   Section        0  mc_ctrl.o(i.MC_Speed_Control)
    i.MC_UserPowerSet_Init                   0x00004348   Section        0  softinit.o(i.MC_UserPowerSet_Init)
    i.Motor_Actual_Calculate                 0x00004388   Section        0  mc_ctrl.o(i.Motor_Actual_Calculate)
    i.NMI_Handler                            0x000043c8   Section        0  isr.o(i.NMI_Handler)
    i.PGA0_ConfigResistorPAD                 0x000043cc   Section        0  pga.o(i.PGA0_ConfigResistorPAD)
    i.PGA0_Filter                            0x000043f4   Section        0  pga.o(i.PGA0_Filter)
    i.PGA0_Init                              0x00004414   Section        0  hardinit.o(i.PGA0_Init)
    i.PGA_ConfigGain                         0x00004470   Section        0  pga.o(i.PGA_ConfigGain)
    i.PGA_EnableOutput                       0x000044bc   Section        0  pga.o(i.PGA_EnableOutput)
    i.PGA_ModeSet                            0x00004500   Section        0  pga.o(i.PGA_ModeSet)
    i.PGA_Start                              0x0000454c   Section        0  pga.o(i.PGA_Start)
    i.PGA_VrefCtrl                           0x00004588   Section        0  pga.o(i.PGA_VrefCtrl)
    i.PID_CALC                               0x000045cc   Section        0  mc_pic.o(i.PID_CALC)
    i.PORT_ClrBit                            0x0000461c   Section        0  gpio.o(i.PORT_ClrBit)
    i.PORT_GetBit                            0x00004630   Section        0  gpio.o(i.PORT_GetBit)
    i.PORT_SetBit                            0x00004650   Section        0  gpio.o(i.PORT_SetBit)
    i.PWM_AD_Speed_Control                   0x00004660   Section        0  user_control.o(i.PWM_AD_Speed_Control)
    i.PendSV_Handler                         0x000046d0   Section        0  isr.o(i.PendSV_Handler)
    i.RESTPinGpio_Set                        0x000046d4   Section        0  gpio.o(i.RESTPinGpio_Set)
    i.SSP0_IRQHandler                        0x000046e4   Section        0  isr.o(i.SSP0_IRQHandler)
    i.SVC_Handler                            0x000046e6   Section        0  isr.o(i.SVC_Handler)
    i.SysTick_1ms                            0x000046e8   Section        0  mc_ctrl.o(i.SysTick_1ms)
    i.SysTick_Handler                        0x00004730   Section        0  interrupt.o(i.SysTick_Handler)
    i.SystemCoreClockUpdate                  0x000047f4   Section        0  system_cms32m6510.o(i.SystemCoreClockUpdate)
    i.SystemInit                             0x00004804   Section        0  system_cms32m6510.o(i.SystemInit)
    i.System_Control                         0x00004878   Section        0  mc_ctrl.o(i.System_Control)
    i.System_Init                            0x0000495c   Section        0  hardinit.o(i.System_Init)
    i.System_Modules_off                     0x00004a34   Section        0  mc_ctrl.o(i.System_Modules_off)
    i.TIMER0_IRQHandler                      0x00004a74   Section        0  isr.o(i.TIMER0_IRQHandler)
    i.TIMER1_IRQHandler                      0x00004a78   Section        0  interrupt.o(i.TIMER1_IRQHandler)
    i.TM00_IRQHandler                        0x00004a84   Section        0  isr.o(i.TM00_IRQHandler)
    i.TM01H_IRQHandler                       0x00004a86   Section        0  isr.o(i.TM01H_IRQHandler)
    i.TM01_IRQHandler                        0x00004a88   Section        0  isr.o(i.TM01_IRQHandler)
    i.TM02_IRQHandler                        0x00004a8a   Section        0  isr.o(i.TM02_IRQHandler)
    i.TM03_IRQHandler                        0x00004a8c   Section        0  isr.o(i.TM03_IRQHandler)
    i.UART0_IRQHandler                       0x00004a8e   Section        0  isr.o(i.UART0_IRQHandler)
    i.User_MotorSpeed_Set                    0x00004a90   Section        0  mc_ctrl.o(i.User_MotorSpeed_Set)
    i.User_Motor_Off                         0x00004ab0   Section        0  mc_ctrl.o(i.User_Motor_Off)
    i.User_Motor_On                          0x00004ac0   Section        0  mc_ctrl.o(i.User_Motor_On)
    i.User_Speed_Capture                     0x00004ad0   Section        0  user_control.o(i.User_Speed_Capture)
    i.User_Speed_Control                     0x00004bc8   Section        0  user_control.o(i.User_Speed_Control)
    i.User_Speed_Out                         0x00004bd0   Section        0  user_control.o(i.User_Speed_Out)
    i.WDT_Restart                            0x00004c78   Section        0  wdt.o(i.WDT_Restart)
    i.__EI_Set                               0x00004c84   Section        0  softinit.o(i.__EI_Set)
    i.__NVIC_SetPriority                     0x00004cdc   Section        0  softinit.o(i.__NVIC_SetPriority)
    __NVIC_SetPriority                       0x00004cdd   Thumb Code    60  softinit.o(i.__NVIC_SetPriority)
    i.main                                   0x00004d20   Section        0  main.o(i.main)
    x$fpl$fadd                               0x00004d44   Section      140  faddsub.o(x$fpl$fadd)
    _fadd1                                   0x00004d51   Thumb Code     0  faddsub.o(x$fpl$fadd)
    x$fpl$fmul                               0x00004dd0   Section      176  fmul.o(x$fpl$fmul)
    x$fpl$fsub                               0x00004e80   Section      208  faddsub.o(x$fpl$fsub)
    _fsub1                                   0x00004e8d   Thumb Code     0  faddsub.o(x$fpl$fsub)
    .constdata                               0x00004f50   Section     1024  mc_math.o(.constdata)
    x$fpl$usenofp                            0x00004f50   Section        0  usenofp.o(x$fpl$usenofp)
    .constdata                               0x00005350   Section      768  mc_pmsm.o(.constdata)
    .constdata                               0x00005650   Section       64  fdiv.o(.constdata)
    fdiv_tab                                 0x00005650   Data          64  fdiv.o(.constdata)
    RAMCODE                                  0x20000000   Section        0  mc_foc_ctr.o(RAMCODE)
    RAMCODE                                  0x200002dc   Section        0  mc_obse.o(RAMCODE)
    RAMCODE                                  0x20000500   Section        0  mc_pmsm.o(RAMCODE)
    RAMCODE                                  0x20000568   Section        0  mc_single.o(RAMCODE)
    .data                                    0x20000940   Section        1  interrupt.o(.data)
    bSampleCount                             0x20000940   Data           1  interrupt.o(.data)
    .data                                    0x20000944   Section        8  softinit.o(.data)
    Aux_OffsetMin                            0x20000944   Data           4  softinit.o(.data)
    Aux_OffsetMax                            0x20000948   Data           4  softinit.o(.data)
    .data                                    0x2000094c   Section        1  softinit.o(.data)
    .data                                    0x20000950   Section       56  mc_ctrl.o(.data)
    bPhaseLossCount                          0x20000951   Data           1  mc_ctrl.o(.data)
    bSpeedLimitFlag                          0x20000952   Data           1  mc_ctrl.o(.data)
    wPhaseABCLossCount                       0x20000954   Data           2  mc_ctrl.o(.data)
    hBlockCount                              0x20000956   Data           2  mc_ctrl.o(.data)
    hFaultOverCount                          0x20000958   Data           2  mc_ctrl.o(.data)
    hFaultLowerCount                         0x2000095a   Data           2  mc_ctrl.o(.data)
    hFaultRecoverCount                       0x2000095c   Data           2  mc_ctrl.o(.data)
    hFaultStartOverCount                     0x2000095e   Data           2  mc_ctrl.o(.data)
    hFaultStartLowerCount                    0x20000960   Data           2  mc_ctrl.o(.data)
    hOverIbusCount                           0x20000962   Data           2  mc_ctrl.o(.data)
    hOverTemperatureCount                    0x20000964   Data           2  mc_ctrl.o(.data)
    hLowerTemperatureCount                   0x20000966   Data           2  mc_ctrl.o(.data)
    hRechOverTemperatureCount                0x20000968   Data           2  mc_ctrl.o(.data)
    hSpeedTargetBeforeLimit                  0x2000096a   Data           2  mc_ctrl.o(.data)
    hIbusLimitCount                          0x2000096c   Data           2  mc_ctrl.o(.data)
    .data                                    0x20000988   Section       88  mc_foc.o(.data)
    hStartCount                              0x2000098c   Data           2  mc_foc.o(.data)
    v_Status_Count                           0x2000098e   Data           2  mc_foc.o(.data)
    hStartCount                              0x20000990   Data           2  mc_foc.o(.data)
    hStartCount                              0x20000992   Data           2  mc_foc.o(.data)
    wStartFailCount                          0x200009a0   Data           4  mc_foc.o(.data)
    wMotorStopholdCount                      0x200009a4   Data           4  mc_foc.o(.data)
    wKpAddCount                              0x200009a8   Data           4  mc_foc.o(.data)
    wStartFailCount                          0x200009ac   Data           4  mc_foc.o(.data)
    .data                                    0x200009e0   Section        4  system_cms32m6510.o(.data)
    .data                                    0x200009e4   Section       68  mc_foc_ctr.o(.data)
    v_Angle_Ramp                             0x200009e4   Data           1  mc_foc_ctr.o(.data)
    v_Weeken_Cycle                           0x200009e5   Data           1  mc_foc_ctr.o(.data)
    bStatusLast                              0x200009e6   Data           1  mc_foc_ctr.o(.data)
    index                                    0x200009e8   Data           2  mc_foc_ctr.o(.data)
    sum                                      0x20000a0c   Data           4  mc_foc_ctr.o(.data)
    .data                                    0x20000a28   Section       12  mc_obse.o(.data)
    bPLLCycle                                0x20000a28   Data           1  mc_obse.o(.data)
    .data                                    0x20000a34   Section        4  mc_pic.o(.data)
    .data                                    0x20000a38   Section        8  mc_rfo_est.o(.data)
    .bss                                     0x20000a40   Section      104  user_control.o(.bss)
    .bss                                     0x20000aa8   Section      820  mc_ctrl.o(.bss)
    .bss                                     0x20000ddc   Section       84  mc_ctrl.o(.bss)
    .bss                                     0x20000e30   Section      204  mc_foc.o(.bss)
    .bss                                     0x20000efc   Section      264  mc_foc_ctr.o(.bss)
    .bss                                     0x20001004   Section      112  mc_obse.o(.bss)
    .bss                                     0x20001074   Section       56  mc_openloop.o(.bss)
    .bss                                     0x200010ac   Section       20  mc_single.o(.bss)
    .bss                                     0x200010c0   Section       88  mc_adaption.o(.bss)
    .bss                                     0x20001118   Section      136  mc_rfo_est.o(.bss)
    .bss                                     0x200011a0   Section       96  libspace.o(.bss)
    HEAP                                     0x20001200   Section      256  startup_cms32m6510.o(HEAP)
    Heap_Mem                                 0x20001200   Data         256  startup_cms32m6510.o(HEAP)
    STACK                                    0x20001300   Section     1536  startup_cms32m6510.o(STACK)
    Stack_Mem                                0x20001300   Data        1536  startup_cms32m6510.o(STACK)
    __initial_sp                             0x20001900   Data           0  startup_cms32m6510.o(STACK)

    Global Symbols

    Symbol Name                              Value     Ov Type        Size  Object(Section)

    BuildAttributes$$THM_ISAv3M$S$PE$A:L22$X:L11$S22$IEEE1$IW$USESV6$~STKCKD$USESV7$ENUMINT$~SHL$OTIME$ROPI$EBA8$UX$STANDARDLIB$REQ8$PRES8$EABIv2 0x00000000   Number         0  anon$$obj.o ABSOLUTE
    __ARM_use_no_argv                        0x00000000   Number         0  main.o ABSOLUTE
    __Vectors                                0x00000000   Data           4  startup_cms32m6510.o(RESET)
    _printf_flags                            0x00000000   Number         0  printf_stubs.o ABSOLUTE
    _printf_return_value                     0x00000000   Number         0  printf_stubs.o ABSOLUTE
    _printf_sizespec                         0x00000000   Number         0  printf_stubs.o ABSOLUTE
    _printf_widthprec                        0x00000000   Number         0  printf_stubs.o ABSOLUTE
    __ARM_exceptions_init                     - Undefined Weak Reference
    __alloca_initialize                       - Undefined Weak Reference
    __arm_preinit_                            - Undefined Weak Reference
    __cpp_initialize__aeabi_                  - Undefined Weak Reference
    __cxa_finalize                            - Undefined Weak Reference
    __rt_locale                               - Undefined Weak Reference
    __sigvec_lookup                           - Undefined Weak Reference
    _atexit_init                              - Undefined Weak Reference
    _call_atexit_fns                          - Undefined Weak Reference
    _clock_init                               - Undefined Weak Reference
    _fp_trap_init                             - Undefined Weak Reference
    _fp_trap_shutdown                         - Undefined Weak Reference
    _get_lc_collate                           - Undefined Weak Reference
    _get_lc_ctype                             - Undefined Weak Reference
    _get_lc_monetary                          - Undefined Weak Reference
    _get_lc_numeric                           - Undefined Weak Reference
    _get_lc_time                              - Undefined Weak Reference
    _getenv_init                              - Undefined Weak Reference
    _handle_redirection                       - Undefined Weak Reference
    _init_alloc                               - Undefined Weak Reference
    _init_user_alloc                          - Undefined Weak Reference
    _initio                                   - Undefined Weak Reference
    _printf_truncate_signed                   - Undefined Weak Reference
    _printf_truncate_unsigned                 - Undefined Weak Reference
    _rand_init                                - Undefined Weak Reference
    _signal_finish                            - Undefined Weak Reference
    _signal_init                              - Undefined Weak Reference
    _terminate_alloc                          - Undefined Weak Reference
    _terminate_user_alloc                     - Undefined Weak Reference
    _terminateio                              - Undefined Weak Reference
    user_opt_data                            0x000000c0   Data           4  system_cms32m6510.o(.ARM.__AT_0x000000C0)
    Long Thumb to Thumb Veneer to FOC_SingleCurrent_Calc 0x000000c5   Thumb Code    12  anon$$obj.o(Veneer$$Code)
    Long Thumb to Thumb Veneer to FOC_SinCos_Calc 0x000000d1   Thumb Code    12  anon$$obj.o(Veneer$$Code)
    Long Thumb to Thumb Veneer to FOC_SingleShunt_Calc 0x000000dd   Thumb Code    12  anon$$obj.o(Veneer$$Code)
    Long Thumb to Thumb Veneer to FOC_Control_Weakening 0x000000e9   Thumb Code    12  anon$$obj.o(Veneer$$Code)
    Long Thumb to Thumb Veneer to FOC_MotorSpeed_Filter 0x000000f5   Thumb Code    12  anon$$obj.o(Veneer$$Code)
    Long Thumb to Thumb Veneer to FOC_SMO_Angle_Calc 0x00000101   Thumb Code    12  anon$$obj.o(Veneer$$Code)
    Long Thumb to Thumb Veneer to FOC_CloseLoop_Switch 0x0000010d   Thumb Code    12  anon$$obj.o(Veneer$$Code)
    __main                                   0x00000119   Thumb Code     8  __main.o(!!!main)
    __scatterload                            0x00000121   Thumb Code     0  __scatter.o(!!!scatter)
    __scatterload_rt2                        0x00000121   Thumb Code    52  __scatter.o(!!!scatter)
    __scatterload_rt2_thumb_only             0x00000121   Thumb Code     0  __scatter.o(!!!scatter)
    __scatterload_null                       0x00000131   Thumb Code     0  __scatter.o(!!!scatter)
    __scatterload_copy                       0x0000015d   Thumb Code    26  __scatter_copy.o(!!handler_copy)
    __scatterload_zeroinit                   0x00000179   Thumb Code    28  __scatter_zi.o(!!handler_zi)
    __rt_lib_init                            0x00000195   Thumb Code     0  libinit.o(.ARM.Collect$$libinit$$00000000)
    __rt_lib_init_alloca_1                   0x00000197   Thumb Code     0  libinit2.o(.ARM.Collect$$libinit$$0000002E)
    __rt_lib_init_argv_1                     0x00000197   Thumb Code     0  libinit2.o(.ARM.Collect$$libinit$$0000002C)
    __rt_lib_init_atexit_1                   0x00000197   Thumb Code     0  libinit2.o(.ARM.Collect$$libinit$$0000001B)
    __rt_lib_init_clock_1                    0x00000197   Thumb Code     0  libinit2.o(.ARM.Collect$$libinit$$00000021)
    __rt_lib_init_cpp_1                      0x00000197   Thumb Code     0  libinit2.o(.ARM.Collect$$libinit$$00000032)
    __rt_lib_init_exceptions_1               0x00000197   Thumb Code     0  libinit2.o(.ARM.Collect$$libinit$$00000030)
    __rt_lib_init_fp_1                       0x00000197   Thumb Code     0  libinit2.o(.ARM.Collect$$libinit$$00000002)
    __rt_lib_init_fp_trap_1                  0x00000197   Thumb Code     0  libinit2.o(.ARM.Collect$$libinit$$0000001F)
    __rt_lib_init_getenv_1                   0x00000197   Thumb Code     0  libinit2.o(.ARM.Collect$$libinit$$00000023)
    __rt_lib_init_heap_1                     0x00000197   Thumb Code     0  libinit2.o(.ARM.Collect$$libinit$$0000000A)
    __rt_lib_init_lc_collate_1               0x00000197   Thumb Code     0  libinit2.o(.ARM.Collect$$libinit$$00000011)
    __rt_lib_init_lc_ctype_1                 0x00000197   Thumb Code     0  libinit2.o(.ARM.Collect$$libinit$$00000013)
    __rt_lib_init_lc_monetary_1              0x00000197   Thumb Code     0  libinit2.o(.ARM.Collect$$libinit$$00000015)
    __rt_lib_init_lc_numeric_1               0x00000197   Thumb Code     0  libinit2.o(.ARM.Collect$$libinit$$00000017)
    __rt_lib_init_lc_time_1                  0x00000197   Thumb Code     0  libinit2.o(.ARM.Collect$$libinit$$00000019)
    __rt_lib_init_preinit_1                  0x00000197   Thumb Code     0  libinit2.o(.ARM.Collect$$libinit$$00000004)
    __rt_lib_init_rand_1                     0x00000197   Thumb Code     0  libinit2.o(.ARM.Collect$$libinit$$0000000E)
    __rt_lib_init_return                     0x00000197   Thumb Code     0  libinit2.o(.ARM.Collect$$libinit$$00000033)
    __rt_lib_init_signal_1                   0x00000197   Thumb Code     0  libinit2.o(.ARM.Collect$$libinit$$0000001D)
    __rt_lib_init_stdio_1                    0x00000197   Thumb Code     0  libinit2.o(.ARM.Collect$$libinit$$00000025)
    __rt_lib_init_user_alloc_1               0x00000197   Thumb Code     0  libinit2.o(.ARM.Collect$$libinit$$0000000C)
    __rt_lib_shutdown                        0x00000199   Thumb Code     0  libshutdown.o(.ARM.Collect$$libshutdown$$00000000)
    __rt_lib_shutdown_cpp_1                  0x0000019b   Thumb Code     0  libshutdown2.o(.ARM.Collect$$libshutdown$$00000002)
    __rt_lib_shutdown_fp_trap_1              0x0000019b   Thumb Code     0  libshutdown2.o(.ARM.Collect$$libshutdown$$00000007)
    __rt_lib_shutdown_heap_1                 0x0000019b   Thumb Code     0  libshutdown2.o(.ARM.Collect$$libshutdown$$0000000F)
    __rt_lib_shutdown_return                 0x0000019b   Thumb Code     0  libshutdown2.o(.ARM.Collect$$libshutdown$$00000010)
    __rt_lib_shutdown_signal_1               0x0000019b   Thumb Code     0  libshutdown2.o(.ARM.Collect$$libshutdown$$0000000A)
    __rt_lib_shutdown_stdio_1                0x0000019b   Thumb Code     0  libshutdown2.o(.ARM.Collect$$libshutdown$$00000004)
    __rt_lib_shutdown_user_alloc_1           0x0000019b   Thumb Code     0  libshutdown2.o(.ARM.Collect$$libshutdown$$0000000C)
    __rt_entry                               0x0000019d   Thumb Code     0  __rtentry.o(.ARM.Collect$$rtentry$$00000000)
    __rt_entry_presh_1                       0x0000019d   Thumb Code     0  __rtentry2.o(.ARM.Collect$$rtentry$$00000002)
    __rt_entry_sh                            0x0000019d   Thumb Code     0  __rtentry4.o(.ARM.Collect$$rtentry$$00000004)
    __rt_entry_li                            0x000001a3   Thumb Code     0  __rtentry2.o(.ARM.Collect$$rtentry$$0000000A)
    __rt_entry_postsh_1                      0x000001a3   Thumb Code     0  __rtentry2.o(.ARM.Collect$$rtentry$$00000009)
    __rt_entry_main                          0x000001a7   Thumb Code     0  __rtentry2.o(.ARM.Collect$$rtentry$$0000000D)
    __rt_entry_postli_1                      0x000001a7   Thumb Code     0  __rtentry2.o(.ARM.Collect$$rtentry$$0000000C)
    __rt_exit                                0x000001af   Thumb Code     0  rtexit.o(.ARM.Collect$$rtexit$$00000000)
    __rt_exit_ls                             0x000001b1   Thumb Code     0  rtexit2.o(.ARM.Collect$$rtexit$$00000003)
    __rt_exit_prels_1                        0x000001b1   Thumb Code     0  rtexit2.o(.ARM.Collect$$rtexit$$00000002)
    __rt_exit_exit                           0x000001b5   Thumb Code     0  rtexit2.o(.ARM.Collect$$rtexit$$00000004)
    Reset_Handler                            0x000001bd   Thumb Code     8  startup_cms32m6510.o(.text)
    Reserved_IRQHandler                      0x000001cf   Thumb Code     2  startup_cms32m6510.o(.text)
    INTP2_IRQHandler                         0x000001d1   Thumb Code     0  startup_cms32m6510.o(.text)
    __user_initial_stackheap                 0x000001d5   Thumb Code     0  startup_cms32m6510.o(.text)
    _memset_w                                0x000001f9   Thumb Code    26  rt_memclr.o(.text)
    _memset                                  0x00000213   Thumb Code    30  rt_memclr.o(.text)
    __aeabi_memclr                           0x00000231   Thumb Code     4  rt_memclr.o(.text)
    __rt_memclr                              0x00000231   Thumb Code     0  rt_memclr.o(.text)
    __aeabi_memclr4                          0x00000235   Thumb Code     0  rt_memclr.o(.text)
    __aeabi_memclr8                          0x00000235   Thumb Code     0  rt_memclr.o(.text)
    __rt_memclr_w                            0x00000235   Thumb Code     4  rt_memclr.o(.text)
    __aeabi_uidiv                            0x00000239   Thumb Code     0  aeabi_sdivfast.o(.text)
    __aeabi_uidivmod                         0x00000239   Thumb Code    28  aeabi_sdivfast.o(.text)
    __aeabi_idiv                             0x00000255   Thumb Code     0  aeabi_sdivfast.o(.text)
    __aeabi_idivmod                          0x00000255   Thumb Code   460  aeabi_sdivfast.o(.text)
    __use_two_region_memory                  0x00000421   Thumb Code     2  heapauxi.o(.text)
    __rt_heap_escrow$2region                 0x00000423   Thumb Code     2  heapauxi.o(.text)
    __rt_heap_expand$2region                 0x00000425   Thumb Code     2  heapauxi.o(.text)
    __aeabi_d2f                              0x00000429   Thumb Code     0  d2f.o(.text)
    _d2f                                     0x00000429   Thumb Code   120  d2f.o(.text)
    __aeabi_d2iz                             0x000004a5   Thumb Code     0  dfixi.o(.text)
    _dfix                                    0x000004a5   Thumb Code    98  dfixi.o(.text)
    __aeabi_fdiv                             0x00000511   Thumb Code     0  fdiv.o(.text)
    _fdiv                                    0x00000511   Thumb Code   334  fdiv.o(.text)
    _frdiv                                   0x0000065f   Thumb Code     8  fdiv.o(.text)
    __aeabi_f2iz                             0x00000671   Thumb Code     0  ffixi.o(.text)
    _ffix                                    0x00000671   Thumb Code    76  ffixi.o(.text)
    __aeabi_i2f_normalise                    0x000006bd   Thumb Code    72  fflti.o(.text)
    __aeabi_i2f                              0x00000705   Thumb Code    16  fflti.o(.text)
    _fflt                                    0x00000705   Thumb Code     0  fflti.o(.text)
    __aeabi_ui2f                             0x00000715   Thumb Code     6  fflti.o(.text)
    _ffltu                                   0x00000715   Thumb Code     0  fflti.o(.text)
    __ARM_scalbnf                            0x0000071d   Thumb Code    64  fscalbn.o(.text)
    __user_setup_stackheap                   0x00000761   Thumb Code    62  sys_stackheap_outer.o(.text)
    exit                                     0x0000079f   Thumb Code    16  exit.o(.text)
    __user_libspace                          0x000007b1   Thumb Code     8  libspace.o(.text)
    __user_perproc_libspace                  0x000007b1   Thumb Code     0  libspace.o(.text)
    __user_perthread_libspace                0x000007b1   Thumb Code     0  libspace.o(.text)
    _sys_exit                                0x000007b9   Thumb Code     8  sys_exit.o(.text)
    __I$use$semihosting                      0x000007c5   Thumb Code     0  use_no_semi.o(.text)
    __use_no_semihosting_swi                 0x000007c5   Thumb Code     2  use_no_semi.o(.text)
    ACMP1_Init                               0x000007c7   Thumb Code    86  hardinit.o(i.ACMP1_Init)
    __semihosting_library_function           0x000007c7   Thumb Code     0  indicate_semi.o(.text)
    ACMPOut_Enable                           0x0000081d   Thumb Code    40  acmp.o(i.ACMPOut_Enable)
    ACMP_ClearIntFlag                        0x00000849   Thumb Code    14  acmp.o(i.ACMP_ClearIntFlag)
    ACMP_ConfigEventAndIntMode               0x0000085d   Thumb Code    54  acmp.o(i.ACMP_ConfigEventAndIntMode)
    ACMP_ConfigNegative                      0x00000899   Thumb Code    60  acmp.o(i.ACMP_ConfigNegative)
    ACMP_ConfigPositive                      0x000008d9   Thumb Code    52  acmp.o(i.ACMP_ConfigPositive)
    ACMP_EnableEventOut                      0x00000911   Thumb Code    40  acmp.o(i.ACMP_EnableEventOut)
    ACMP_EnableHYS                           0x0000093d   Thumb Code    62  acmp.o(i.ACMP_EnableHYS)
    ACMP_EnableInt                           0x00000981   Thumb Code    22  acmp.o(i.ACMP_EnableInt)
    ACMP_Filter_Config                       0x0000099d   Thumb Code    76  acmp.o(i.ACMP_Filter_Config)
    ACMP_IRQHandler                          0x000009ed   Thumb Code    44  interrupt.o(i.ACMP_IRQHandler)
    ACMP_Polarity_Config                     0x00000a29   Thumb Code    52  acmp.o(i.ACMP_Polarity_Config)
    ACMP_Start                               0x00000a61   Thumb Code    40  acmp.o(i.ACMP_Start)
    ADCLDO_Disable                           0x00000a8d   Thumb Code    20  adcldo.o(i.ADCLDO_Disable)
    ADCLDO_OutVlotageSel                     0x00000aa5   Thumb Code    24  adcldo.o(i.ADCLDO_OutVlotageSel)
    ADC_ClearAllInt_Flag                     0x00000ac1   Thumb Code    20  softinit.o(i.ADC_ClearAllInt_Flag)
    ADC_ConfigChannelSwitchMode              0x00000ad9   Thumb Code    28  adc.o(i.ADC_ConfigChannelSwitchMode)
    ADC_ConfigRunMode                        0x00000af9   Thumb Code    38  adc.o(i.ADC_ConfigRunMode)
    ADC_ConfigVREF                           0x00000b29   Thumb Code    26  adc.o(i.ADC_ConfigVREF)
    ADC_DisableChargeAndDischarge            0x00000b49   Thumb Code    22  adc.o(i.ADC_DisableChargeAndDischarge)
    ADC_DisableEPWMCmp0TriggerChannel        0x00000b65   Thumb Code    18  adc.o(i.ADC_DisableEPWMCmp0TriggerChannel)
    ADC_DisableEPWMCmp1TriggerChannel        0x00000b7d   Thumb Code    18  adc.o(i.ADC_DisableEPWMCmp1TriggerChannel)
    ADC_DisableEPWMTriggerChannel            0x00000b95   Thumb Code    18  adc.o(i.ADC_DisableEPWMTriggerChannel)
    ADC_EnableEPWMCmp0TriggerChannel         0x00000bad   Thumb Code    18  adc.o(i.ADC_EnableEPWMCmp0TriggerChannel)
    ADC_EnableEPWMCmp1TriggerChannel         0x00000bc5   Thumb Code    18  adc.o(i.ADC_EnableEPWMCmp1TriggerChannel)
    ADC_EnableEPWMTriggerChannel             0x00000bdd   Thumb Code    18  adc.o(i.ADC_EnableEPWMTriggerChannel)
    ADC_EnableHardwareTrigger                0x00000bf5   Thumb Code   212  adc.o(i.ADC_EnableHardwareTrigger)
    ADC_IRQHandler                           0x00000ccd   Thumb Code    42  interrupt.o(i.ADC_IRQHandler)
    ADC_Init                                 0x00000cfd   Thumb Code   114  hardinit.o(i.ADC_Init)
    ADC_Sample                               0x00000d71   Thumb Code   168  mc_ctrl.o(i.ADC_Sample)
    ADC_Start                                0x00000e35   Thumb Code    20  adc.o(i.ADC_Start)
    ADC_TGSAMP_CONFIG                        0x00000e4d   Thumb Code    58  softinit.o(i.ADC_TGSAMP_CONFIG)
    CCP_Capture_Init                         0x00000e91   Thumb Code    86  hardinit.o(i.CCP_Capture_Init)
    CCP_ClearCAPMode2IntFlag                 0x00000ef1   Thumb Code    16  ccp.o(i.CCP_ClearCAPMode2IntFlag)
    CCP_ConfigCAPMode2                       0x00000f05   Thumb Code    36  ccp.o(i.CCP_ConfigCAPMode2)
    CCP_ConfigCLK                            0x00000f2d   Thumb Code    68  ccp.o(i.CCP_ConfigCLK)
    CCP_ConfigCompare                        0x00000f79   Thumb Code   110  ccp.o(i.CCP_ConfigCompare)
    CCP_DisableReverseOutput                 0x00000ff1   Thumb Code    82  ccp.o(i.CCP_DisableReverseOutput)
    CCP_DisableRun                           0x0000104d   Thumb Code    22  ccp.o(i.CCP_DisableRun)
    CCP_EnableCAPMode2                       0x00001069   Thumb Code    22  ccp.o(i.CCP_EnableCAPMode2)
    CCP_EnablePWMMode                        0x00001085   Thumb Code    40  ccp.o(i.CCP_EnablePWMMode)
    CCP_EnableRun                            0x000010b5   Thumb Code    22  ccp.o(i.CCP_EnableRun)
    CCP_GetCAPMode2Result                    0x000010d1   Thumb Code    46  ccp.o(i.CCP_GetCAPMode2Result)
    CCP_IRQHandler                           0x00001105   Thumb Code   194  interrupt.o(i.CCP_IRQHandler)
    CCP_PWM_Config                           0x000011d9   Thumb Code   114  user_control.o(i.CCP_PWM_Config)
    CCP_PWM_GPIO                             0x00001255   Thumb Code    66  hardinit.o(i.CCP_PWM_GPIO)
    CCP_SelCAPMode2Channel                   0x0000129d   Thumb Code   108  ccp.o(i.CCP_SelCAPMode2Channel)
    CCP_Start                                0x0000130d   Thumb Code    40  ccp.o(i.CCP_Start)
    CCP_Stop                                 0x0000133d   Thumb Code    40  ccp.o(i.CCP_Stop)
    CGC_PER11PeriphClockCmd                  0x0000136d   Thumb Code    18  cgc.o(i.CGC_PER11PeriphClockCmd)
    CGC_PER12PeriphClockCmd                  0x00001385   Thumb Code    18  cgc.o(i.CGC_PER12PeriphClockCmd)
    CGC_PER13PeriphClockCmd                  0x0000139d   Thumb Code    18  cgc.o(i.CGC_PER13PeriphClockCmd)
    CLK_GetHocoFreq                          0x000013b5   Thumb Code    90  system_cms32m6510.o(i.CLK_GetHocoFreq)
    DAC_ConfigInput                          0x00001445   Thumb Code    14  dac.o(i.DAC_ConfigInput)
    DAC_Init                                 0x00001459   Thumb Code    52  hardinit.o(i.DAC_Init)
    DAC_Start                                0x00001491   Thumb Code    20  dac.o(i.DAC_Start)
    DIVSQRT_EnableDIVMode                    0x000014a9   Thumb Code    12  divsqrt.o(i.DIVSQRT_EnableDIVMode)
    DIVSQRT_EnableSingedMode                 0x000014b9   Thumb Code    12  divsqrt.o(i.DIVSQRT_EnableSingedMode)
    DelayTime_ms                             0x000014c9   Thumb Code    24  softinit.o(i.DelayTime_ms)
    EPWM_AllBrakeEnable                      0x000014e5   Thumb Code    20  epwm.o(i.EPWM_AllBrakeEnable)
    EPWM_ClearBrake                          0x000014fd   Thumb Code    22  epwm.o(i.EPWM_ClearBrake)
    EPWM_ClearBrakeIntFlag                   0x00001519   Thumb Code    12  epwm.o(i.EPWM_ClearBrakeIntFlag)
    EPWM_ConfigChannelAsymDuty               0x00001529   Thumb Code    42  epwm.o(i.EPWM_ConfigChannelAsymDuty)
    EPWM_ConfigChannelClk                    0x0000155d   Thumb Code    42  epwm.o(i.EPWM_ConfigChannelClk)
    EPWM_ConfigChannelPeriod                 0x00001595   Thumb Code    38  epwm.o(i.EPWM_ConfigChannelPeriod)
    EPWM_ConfigCompareTriger                 0x000015c5   Thumb Code    34  epwm.o(i.EPWM_ConfigCompareTriger)
    EPWM_ConfigFaultBrakeLevel               0x000015f1   Thumb Code    26  epwm.o(i.EPWM_ConfigFaultBrakeLevel)
    EPWM_ConfigRunMode                       0x00001611   Thumb Code    34  epwm.o(i.EPWM_ConfigRunMode)
    EPWM_DisableReverseOutput                0x0000163d   Thumb Code    22  epwm.o(i.EPWM_DisableReverseOutput)
    EPWM_EnableAutoLoadMode                  0x0000165d   Thumb Code    20  epwm.o(i.EPWM_EnableAutoLoadMode)
    EPWM_EnableDeadZone                      0x00001679   Thumb Code   116  epwm.o(i.EPWM_EnableDeadZone)
    EPWM_EnableFaultBrake                    0x000016fd   Thumb Code    18  epwm.o(i.EPWM_EnableFaultBrake)
    EPWM_EnableOutput                        0x00001715   Thumb Code    18  epwm.o(i.EPWM_EnableOutput)
    EPWM_EnableZeroInt                       0x0000172d   Thumb Code    18  epwm.o(i.EPWM_EnableZeroInt)
    EPWM_IRQHandler                          0x00001745   Thumb Code   158  interrupt.o(i.EPWM_IRQHandler)
    EPWM_R1_Init                             0x00001801   Thumb Code   318  hardinit.o(i.EPWM_R1_Init)
    EPWM_Start                               0x00001959   Thumb Code    20  epwm.o(i.EPWM_Start)
    FMC_IRQHandler                           0x00001975   Thumb Code     2  isr.o(i.FMC_IRQHandler)
    FOC_Adap_Angle_Init                      0x00001979   Thumb Code    76  mc_adaption.o(i.FOC_Adap_Angle_Init)
    FOC_Adaption_Angle_Calc                  0x000019d5   Thumb Code   166  mc_adaption.o(i.FOC_Adaption_Angle_Calc)
    FOC_ArcTan_Cal                           0x00001a91   Thumb Code   286  mc_pmsm.o(i.FOC_ArcTan_Cal)
    FOC_BEMF_Detection                       0x00001bc5   Thumb Code   502  mc_foc_ctr.o(i.FOC_BEMF_Detection)
    FOC_BEMF_Init                            0x00001df9   Thumb Code    46  mc_foc_ctr.o(i.FOC_BEMF_Init)
    FOC_BaseParameter_Init                   0x00001e31   Thumb Code   248  mc_adaption.o(i.FOC_BaseParameter_Init)
    FOC_ControlPara_Init                     0x00001f31   Thumb Code   184  mc_foc.o(i.FOC_ControlPara_Init)
    FOC_Control_Align                        0x00002039   Thumb Code   306  mc_foc.o(i.FOC_Control_Align)
    FOC_Control_Process                      0x000021c5   Thumb Code   244  mc_foc.o(i.FOC_Control_Process)
    FOC_Control_Run                          0x000022e5   Thumb Code   660  mc_foc.o(i.FOC_Control_Run)
    FOC_Control_Start                        0x000025d9   Thumb Code   686  mc_foc.o(i.FOC_Control_Start)
    FOC_Control_Stop                         0x000028ed   Thumb Code   556  mc_foc.o(i.FOC_Control_Stop)
    FOC_Control_Switch                       0x00002b51   Thumb Code   660  mc_foc.o(i.FOC_Control_Switch)
    FOC_Control_Wind                         0x00002e45   Thumb Code   482  mc_foc.o(i.FOC_Control_Wind)
    FOC_DQCurrent_PIRegulator                0x00003091   Thumb Code   192  mc_foc_ctr.o(i.FOC_DQCurrent_PIRegulator)
    FOC_DoubleShunt_Calc                     0x0000316d   Thumb Code   398  mc_pmsm.o(i.FOC_DoubleShunt_Calc)
    FOC_OpenLoop_Init                        0x00003319   Thumb Code    14  mc_openloop.o(i.FOC_OpenLoop_Init)
    FOC_PID_Parameter_Init                   0x0000332d   Thumb Code   126  mc_pic.o(i.FOC_PID_Parameter_Init)
    FOC_Read_Current                         0x000033d1   Thumb Code   124  mc_foc.o(i.FOC_Read_Current)
    FOC_RotorPosition_Calc                   0x0000345d   Thumb Code   466  mc_rfo_est.o(i.FOC_RotorPosition_Calc)
    FOC_RotorPosition_Detection              0x00003651   Thumb Code   318  mc_foc_ctr.o(i.FOC_RotorPosition_Detection)
    FOC_RotorPosition_Init                   0x000037c9   Thumb Code    12  mc_adaption.o(i.FOC_RotorPosition_Init)
    FOC_Rpd_Angle_Init                       0x000037d5   Thumb Code   130  mc_rfo_est.o(i.FOC_Rpd_Angle_Init)
    FOC_SingleShunt_Init                     0x00003871   Thumb Code    20  mc_single.o(i.FOC_SingleShunt_Init)
    FOC_Start_Init                           0x00003889   Thumb Code    92  mc_foc.o(i.FOC_Start_Init)
    FOC_Stop_Check                           0x000038f9   Thumb Code    72  mc_foc.o(i.FOC_Stop_Check)
    FOC_User_Control                         0x0000395d   Thumb Code     2  interrupt.o(i.FOC_User_Control)
    GET_ADC_REF_VAL                          0x00003961   Thumb Code   250  softinit.o(i.GET_ADC_REF_VAL)
    GPIO_Init                                0x00003a71   Thumb Code   226  gpio.o(i.GPIO_Init)
    HWDIV_Div                                0x00003b61   Thumb Code    16  mc_adaption.o(i.HWDIV_Div)
    HardFault_Handler                        0x00003b75   Thumb Code    28  isr.o(i.HardFault_Handler)
    I2C0_IRQHandler                          0x00003b95   Thumb Code     2  isr.o(i.I2C0_IRQHandler)
    INTP0_IRQHandler                         0x00003b97   Thumb Code     2  isr.o(i.INTP0_IRQHandler)
    INTP1_IRQHandler                         0x00003b99   Thumb Code     2  isr.o(i.INTP1_IRQHandler)
    INTP3_IRQHandler                         0x00003b9b   Thumb Code     2  isr.o(i.INTP3_IRQHandler)
    LSITIMER_IRQHandler                      0x00003b9d   Thumb Code     2  isr.o(i.LSITIMER_IRQHandler)
    LVI_IRQHandler                           0x00003ba1   Thumb Code     8  system_cms32m6510.o(i.LVI_IRQHandler)
    MC_BasePara_Init                         0x00003bad   Thumb Code    96  softinit.o(i.MC_BasePara_Init)
    MC_BaseValue_Init                        0x00003c3d   Thumb Code    56  softinit.o(i.MC_BaseValue_Init)
    MC_FOCPara_Init                          0x00003ca1   Thumb Code   284  softinit.o(i.MC_FOCPara_Init)
    MC_FaultPara_Init                        0x00003e41   Thumb Code    60  softinit.o(i.MC_FaultPara_Init)
    MC_MotorFault_Check                      0x00003ead   Thumb Code     8  mc_ctrl.o(i.MC_MotorFault_Check)
    MC_MotorInit_Process                     0x00003eb5   Thumb Code    22  mc_ctrl.o(i.MC_MotorInit_Process)
    MC_MotorSpeed_Calc                       0x00003ed5   Thumb Code    56  mc_ctrl.o(i.MC_MotorSpeed_Calc)
    MC_OpenLoop_Init                         0x00003f21   Thumb Code    42  softinit.o(i.MC_OpenLoop_Init)
    MC_Para_Init                             0x00003f59   Thumb Code   232  softinit.o(i.MC_Para_Init)
    MC_PhaseLoss_Check                       0x00004071   Thumb Code   224  mc_ctrl.o(i.MC_PhaseLoss_Check)
    MC_SampPara_Init                         0x00004159   Thumb Code    58  softinit.o(i.MC_SampPara_Init)
    MC_Speed_Control                         0x000041bd   Thumb Code   350  mc_ctrl.o(i.MC_Speed_Control)
    MC_UserPowerSet_Init                     0x00004349   Thumb Code    38  softinit.o(i.MC_UserPowerSet_Init)
    Motor_Actual_Calculate                   0x00004389   Thumb Code    52  mc_ctrl.o(i.Motor_Actual_Calculate)
    NMI_Handler                              0x000043c9   Thumb Code     2  isr.o(i.NMI_Handler)
    PGA0_ConfigResistorPAD                   0x000043cd   Thumb Code    30  pga.o(i.PGA0_ConfigResistorPAD)
    PGA0_Filter                              0x000043f5   Thumb Code    28  pga.o(i.PGA0_Filter)
    PGA0_Init                                0x00004415   Thumb Code    90  hardinit.o(i.PGA0_Init)
    PGA_ConfigGain                           0x00004471   Thumb Code    70  pga.o(i.PGA_ConfigGain)
    PGA_EnableOutput                         0x000044bd   Thumb Code    62  pga.o(i.PGA_EnableOutput)
    PGA_ModeSet                              0x00004501   Thumb Code    72  pga.o(i.PGA_ModeSet)
    PGA_Start                                0x0000454d   Thumb Code    54  pga.o(i.PGA_Start)
    PGA_VrefCtrl                             0x00004589   Thumb Code    62  pga.o(i.PGA_VrefCtrl)
    PID_CALC                                 0x000045cd   Thumb Code    80  mc_pic.o(i.PID_CALC)
    PORT_ClrBit                              0x0000461d   Thumb Code    16  gpio.o(i.PORT_ClrBit)
    PORT_GetBit                              0x00004631   Thumb Code    24  gpio.o(i.PORT_GetBit)
    PORT_SetBit                              0x00004651   Thumb Code    12  gpio.o(i.PORT_SetBit)
    PWM_AD_Speed_Control                     0x00004661   Thumb Code   104  user_control.o(i.PWM_AD_Speed_Control)
    PendSV_Handler                           0x000046d1   Thumb Code     2  isr.o(i.PendSV_Handler)
    RESTPinGpio_Set                          0x000046d5   Thumb Code    12  gpio.o(i.RESTPinGpio_Set)
    SSP0_IRQHandler                          0x000046e5   Thumb Code     2  isr.o(i.SSP0_IRQHandler)
    SVC_Handler                              0x000046e7   Thumb Code     2  isr.o(i.SVC_Handler)
    SysTick_1ms                              0x000046e9   Thumb Code    62  mc_ctrl.o(i.SysTick_1ms)
    SysTick_Handler                          0x00004731   Thumb Code   158  interrupt.o(i.SysTick_Handler)
    SystemCoreClockUpdate                    0x000047f5   Thumb Code    12  system_cms32m6510.o(i.SystemCoreClockUpdate)
    SystemInit                               0x00004805   Thumb Code    80  system_cms32m6510.o(i.SystemInit)
    System_Control                           0x00004879   Thumb Code   198  mc_ctrl.o(i.System_Control)
    System_Init                              0x0000495d   Thumb Code   198  hardinit.o(i.System_Init)
    System_Modules_off                       0x00004a35   Thumb Code    48  mc_ctrl.o(i.System_Modules_off)
    TIMER0_IRQHandler                        0x00004a75   Thumb Code     2  isr.o(i.TIMER0_IRQHandler)
    TIMER1_IRQHandler                        0x00004a79   Thumb Code     8  interrupt.o(i.TIMER1_IRQHandler)
    TM00_IRQHandler                          0x00004a85   Thumb Code     2  isr.o(i.TM00_IRQHandler)
    TM01H_IRQHandler                         0x00004a87   Thumb Code     2  isr.o(i.TM01H_IRQHandler)
    TM01_IRQHandler                          0x00004a89   Thumb Code     2  isr.o(i.TM01_IRQHandler)
    TM02_IRQHandler                          0x00004a8b   Thumb Code     2  isr.o(i.TM02_IRQHandler)
    TM03_IRQHandler                          0x00004a8d   Thumb Code     2  isr.o(i.TM03_IRQHandler)
    UART0_IRQHandler                         0x00004a8f   Thumb Code     2  isr.o(i.UART0_IRQHandler)
    User_MotorSpeed_Set                      0x00004a91   Thumb Code    24  mc_ctrl.o(i.User_MotorSpeed_Set)
    User_Motor_Off                           0x00004ab1   Thumb Code    12  mc_ctrl.o(i.User_Motor_Off)
    User_Motor_On                            0x00004ac1   Thumb Code    12  mc_ctrl.o(i.User_Motor_On)
    User_Speed_Capture                       0x00004ad1   Thumb Code   240  user_control.o(i.User_Speed_Capture)
    User_Speed_Control                       0x00004bc9   Thumb Code     8  user_control.o(i.User_Speed_Control)
    User_Speed_Out                           0x00004bd1   Thumb Code   136  user_control.o(i.User_Speed_Out)
    WDT_Restart                              0x00004c79   Thumb Code     8  wdt.o(i.WDT_Restart)
    __EI_Set                                 0x00004c85   Thumb Code    74  softinit.o(i.__EI_Set)
    main                                     0x00004d21   Thumb Code    30  main.o(i.main)
    __aeabi_fadd                             0x00004d45   Thumb Code     0  faddsub.o(x$fpl$fadd)
    _fadd                                    0x00004d45   Thumb Code   134  faddsub.o(x$fpl$fadd)
    __aeabi_fmul                             0x00004dd1   Thumb Code     0  fmul.o(x$fpl$fmul)
    _fmul                                    0x00004dd1   Thumb Code   172  fmul.o(x$fpl$fmul)
    __aeabi_fsub                             0x00004e81   Thumb Code     0  faddsub.o(x$fpl$fsub)
    _fsub                                    0x00004e81   Thumb Code   204  faddsub.o(x$fpl$fsub)
    Q15Sqrt_Table                            0x00004f50   Data        1024  mc_math.o(.constdata)
    __I$use$fp                               0x00004f50   Number         0  usenofp.o(x$fpl$usenofp)
    Sin_Cos_Table                            0x00005350   Data         512  mc_pmsm.o(.constdata)
    ArcTan_Table                             0x00005550   Data         256  mc_pmsm.o(.constdata)
    Region$$Table$$Base                      0x00005690   Number         0  anon$$obj.o(Region$$Table)
    Region$$Table$$Limit                     0x000056c0   Number         0  anon$$obj.o(Region$$Table)
    FOC_CloseLoop_Switch                     0x20000001   Thumb Code   298  mc_foc_ctr.o(RAMCODE)
    FOC_MotorSpeed_Filter                    0x2000012b   Thumb Code    78  mc_foc_ctr.o(RAMCODE)
    FOC_Control_Weakening                    0x20000179   Thumb Code   294  mc_foc_ctr.o(RAMCODE)
    FOC_SMO_Angle_Calc                       0x200002dd   Thumb Code   510  mc_obse.o(RAMCODE)
    FOC_SinCos_Calc                          0x20000501   Thumb Code    98  mc_pmsm.o(RAMCODE)
    FOC_SingleCurrent_Calc                   0x20000569   Thumb Code   186  mc_single.o(RAMCODE)
    FOC_SingleShunt_Calc                     0x20000623   Thumb Code   742  mc_single.o(RAMCODE)
    Long Thumb to Thumb Veneer to HWDIV_Div  0x20000935   Thumb Code    12  anon$$obj.o(Veneer$$Code)
    Time_Flag                                0x2000094c   Data           1  softinit.o(.data)
    u_Fault_Flag                             0x20000950   Data           1  mc_ctrl.o(.data)
    Flag                                     0x2000096e   Data           3  mc_ctrl.o(.data)
    SYSTEM_STATE                             0x20000974   Data           4  mc_ctrl.o(.data)
    MOTOR_STATE                              0x20000978   Data           4  mc_ctrl.o(.data)
    MOTOR_FAULT_CODE                         0x2000097c   Data           4  mc_ctrl.o(.data)
    Config                                   0x20000980   Data           8  mc_ctrl.o(.data)
    bFristFlag                               0x20000988   Data           1  mc_foc.o(.data)
    hBrakeDuty                               0x2000098a   Data           2  mc_foc.o(.data)
    wSwitchHoldTime                          0x20000994   Data           4  mc_foc.o(.data)
    wObseFs                                  0x20000998   Data           4  mc_foc.o(.data)
    wObseGs                                  0x2000099c   Data           4  mc_foc.o(.data)
    stru_SinCos                              0x200009b0   Data           8  mc_foc.o(.data)
    stru_Curr_alphabeta                      0x200009b8   Data           8  mc_foc.o(.data)
    stru_Curr_dq                             0x200009c0   Data           8  mc_foc.o(.data)
    stru_Curr_dq_ref                         0x200009c8   Data           8  mc_foc.o(.data)
    stru_Volt_alphabeta                      0x200009d0   Data           8  mc_foc.o(.data)
    stru_Volt_dq                             0x200009d8   Data           8  mc_foc.o(.data)
    SystemCoreClock                          0x200009e0   Data           4  system_cms32m6510.o(.data)
    FOC_Switch_Ud                            0x200009ec   Data           4  mc_foc_ctr.o(.data)
    FOC_Switch_Uq                            0x200009f0   Data           4  mc_foc_ctr.o(.data)
    FOC_Switch_Id                            0x200009f4   Data           4  mc_foc_ctr.o(.data)
    FOC_Switch_Iq                            0x200009f8   Data           4  mc_foc_ctr.o(.data)
    PI_Proportional                          0x200009fc   Data           4  mc_foc_ctr.o(.data)
    PI_Feedforward                           0x20000a00   Data           4  mc_foc_ctr.o(.data)
    PI_Differential                          0x20000a04   Data           4  mc_foc_ctr.o(.data)
    PI_SpeedLoop_Kf                          0x20000a08   Data           4  mc_foc_ctr.o(.data)
    s_SinCos_Open                            0x20000a10   Data           8  mc_foc_ctr.o(.data)
    stru_SinCos_bemf                         0x20000a18   Data           8  mc_foc_ctr.o(.data)
    stru_SinCos_weeken                       0x20000a20   Data           8  mc_foc_ctr.o(.data)
    stru_SinCos_PLL                          0x20000a2c   Data           8  mc_obse.o(.data)
    PI_SpeedLoop_Kd                          0x20000a34   Data           4  mc_pic.o(.data)
    stru_SinCos_rfo                          0x20000a38   Data           8  mc_rfo_est.o(.data)
    Capture                                  0x20000a40   Data          72  user_control.o(.bss)
    UserPowerSet                             0x20000a88   Data          32  user_control.o(.bss)
    Basic                                    0x20000aa8   Data         116  mc_ctrl.o(.bss)
    Time                                     0x20000b1c   Data          40  mc_ctrl.o(.bss)
    Count                                    0x20000b44   Data          20  mc_ctrl.o(.bss)
    Fault                                    0x20000b58   Data          80  mc_ctrl.o(.bss)
    Para                                     0x20000ba8   Data         208  mc_ctrl.o(.bss)
    stru_Sample                              0x20000c78   Data         160  mc_ctrl.o(.bss)
    stru_FOC                                 0x20000d18   Data         140  mc_ctrl.o(.bss)
    stru_Speed_Ctrl                          0x20000da4   Data          24  mc_ctrl.o(.bss)
    Motor_Actual                             0x20000dbc   Data          32  mc_ctrl.o(.bss)
    stru_base_value                          0x20000ddc   Data          84  mc_ctrl.o(.bss)
    PID_ID                                   0x20000e30   Data          40  mc_foc.o(.bss)
    PID_IQ                                   0x20000e58   Data          40  mc_foc.o(.bss)
    PID_WL                                   0x20000e80   Data          40  mc_foc.o(.bss)
    stru_Curr_abc                            0x20000ea8   Data          12  mc_foc.o(.bss)
    stru_SVM_Calc                            0x20000eb4   Data          72  mc_foc.o(.bss)
    PID_FW                                   0x20000efc   Data          40  mc_foc_ctr.o(.bss)
    stru_bemf                                0x20000f24   Data          96  mc_foc_ctr.o(.bss)
    buffer                                   0x20000f84   Data         128  mc_foc_ctr.o(.bss)
    stru_smo_est                             0x20001004   Data         112  mc_obse.o(.bss)
    stru_OpenLoop                            0x20001074   Data          56  mc_openloop.o(.bss)
    stru_SingleCurr                          0x200010ac   Data          20  mc_single.o(.bss)
    stru_adap_est                            0x200010c0   Data          88  mc_adaption.o(.bss)
    stru_rpd_est                             0x20001118   Data         136  mc_rfo_est.o(.bss)
    __libspace_start                         0x200011a0   Data          96  libspace.o(.bss)
    __temporary_stack_top$libspace           0x20001200   Data           0  libspace.o(.bss)



==============================================================================

Memory Map of the image

  Image Entry point : 0x00000119

  Load Region LR_IROM1 (Base: 0x00000000, Size: 0x00006100, Max: 0x00010000, ABSOLUTE)

    Execution Region ER_IROM1 (Exec base: 0x00000000, Load base: 0x00000000, Size: 0x000056c0, Max: 0x00010000, ABSOLUTE)

    Exec Addr    Load Addr    Size         Type   Attr      Idx    E Section Name        Object

    0x00000000   0x00000000   0x000000c0   Data   RO         3313    RESET               startup_cms32m6510.o
    0x000000c0   0x000000c0   0x00000004   Data   RO         3324    .ARM.__AT_0x000000C0  system_cms32m6510.o
    0x000000c4   0x000000c4   0x0000000c   Ven    RO         3763    Veneer$$Code        anon$$obj.o
    0x000000d0   0x000000d0   0x0000000c   Ven    RO         3764    Veneer$$Code        anon$$obj.o
    0x000000dc   0x000000dc   0x0000000c   Ven    RO         3765    Veneer$$Code        anon$$obj.o
    0x000000e8   0x000000e8   0x0000000c   Ven    RO         3766    Veneer$$Code        anon$$obj.o
    0x000000f4   0x000000f4   0x0000000c   Ven    RO         3767    Veneer$$Code        anon$$obj.o
    0x00000100   0x00000100   0x0000000c   Ven    RO         3768    Veneer$$Code        anon$$obj.o
    0x0000010c   0x0000010c   0x0000000c   Ven    RO         3769    Veneer$$Code        anon$$obj.o
    0x00000118   0x00000118   0x00000008   Code   RO         3545  * !!!main             c_p.l(__main.o)
    0x00000120   0x00000120   0x0000003c   Code   RO         3757    !!!scatter          c_p.l(__scatter.o)
    0x0000015c   0x0000015c   0x0000001a   Code   RO         3759    !!handler_copy      c_p.l(__scatter_copy.o)
    0x00000176   0x00000176   0x00000002   PAD
    0x00000178   0x00000178   0x0000001c   Code   RO         3761    !!handler_zi        c_p.l(__scatter_zi.o)
    0x00000194   0x00000194   0x00000002   Code   RO         3624    .ARM.Collect$$libinit$$00000000  c_p.l(libinit.o)
    0x00000196   0x00000196   0x00000000   Code   RO         3640    .ARM.Collect$$libinit$$00000002  c_p.l(libinit2.o)
    0x00000196   0x00000196   0x00000000   Code   RO         3642    .ARM.Collect$$libinit$$00000004  c_p.l(libinit2.o)
    0x00000196   0x00000196   0x00000000   Code   RO         3645    .ARM.Collect$$libinit$$0000000A  c_p.l(libinit2.o)
    0x00000196   0x00000196   0x00000000   Code   RO         3647    .ARM.Collect$$libinit$$0000000C  c_p.l(libinit2.o)
    0x00000196   0x00000196   0x00000000   Code   RO         3649    .ARM.Collect$$libinit$$0000000E  c_p.l(libinit2.o)
    0x00000196   0x00000196   0x00000000   Code   RO         3652    .ARM.Collect$$libinit$$00000011  c_p.l(libinit2.o)
    0x00000196   0x00000196   0x00000000   Code   RO         3654    .ARM.Collect$$libinit$$00000013  c_p.l(libinit2.o)
    0x00000196   0x00000196   0x00000000   Code   RO         3656    .ARM.Collect$$libinit$$00000015  c_p.l(libinit2.o)
    0x00000196   0x00000196   0x00000000   Code   RO         3658    .ARM.Collect$$libinit$$00000017  c_p.l(libinit2.o)
    0x00000196   0x00000196   0x00000000   Code   RO         3660    .ARM.Collect$$libinit$$00000019  c_p.l(libinit2.o)
    0x00000196   0x00000196   0x00000000   Code   RO         3662    .ARM.Collect$$libinit$$0000001B  c_p.l(libinit2.o)
    0x00000196   0x00000196   0x00000000   Code   RO         3664    .ARM.Collect$$libinit$$0000001D  c_p.l(libinit2.o)
    0x00000196   0x00000196   0x00000000   Code   RO         3666    .ARM.Collect$$libinit$$0000001F  c_p.l(libinit2.o)
    0x00000196   0x00000196   0x00000000   Code   RO         3668    .ARM.Collect$$libinit$$00000021  c_p.l(libinit2.o)
    0x00000196   0x00000196   0x00000000   Code   RO         3670    .ARM.Collect$$libinit$$00000023  c_p.l(libinit2.o)
    0x00000196   0x00000196   0x00000000   Code   RO         3672    .ARM.Collect$$libinit$$00000025  c_p.l(libinit2.o)
    0x00000196   0x00000196   0x00000000   Code   RO         3676    .ARM.Collect$$libinit$$0000002C  c_p.l(libinit2.o)
    0x00000196   0x00000196   0x00000000   Code   RO         3678    .ARM.Collect$$libinit$$0000002E  c_p.l(libinit2.o)
    0x00000196   0x00000196   0x00000000   Code   RO         3680    .ARM.Collect$$libinit$$00000030  c_p.l(libinit2.o)
    0x00000196   0x00000196   0x00000000   Code   RO         3682    .ARM.Collect$$libinit$$00000032  c_p.l(libinit2.o)
    0x00000196   0x00000196   0x00000002   Code   RO         3683    .ARM.Collect$$libinit$$00000033  c_p.l(libinit2.o)
    0x00000198   0x00000198   0x00000002   Code   RO         3714    .ARM.Collect$$libshutdown$$00000000  c_p.l(libshutdown.o)
    0x0000019a   0x0000019a   0x00000000   Code   RO         3740    .ARM.Collect$$libshutdown$$00000002  c_p.l(libshutdown2.o)
    0x0000019a   0x0000019a   0x00000000   Code   RO         3742    .ARM.Collect$$libshutdown$$00000004  c_p.l(libshutdown2.o)
    0x0000019a   0x0000019a   0x00000000   Code   RO         3745    .ARM.Collect$$libshutdown$$00000007  c_p.l(libshutdown2.o)
    0x0000019a   0x0000019a   0x00000000   Code   RO         3748    .ARM.Collect$$libshutdown$$0000000A  c_p.l(libshutdown2.o)
    0x0000019a   0x0000019a   0x00000000   Code   RO         3750    .ARM.Collect$$libshutdown$$0000000C  c_p.l(libshutdown2.o)
    0x0000019a   0x0000019a   0x00000000   Code   RO         3753    .ARM.Collect$$libshutdown$$0000000F  c_p.l(libshutdown2.o)
    0x0000019a   0x0000019a   0x00000002   Code   RO         3754    .ARM.Collect$$libshutdown$$00000010  c_p.l(libshutdown2.o)
    0x0000019c   0x0000019c   0x00000000   Code   RO         3570    .ARM.Collect$$rtentry$$00000000  c_p.l(__rtentry.o)
    0x0000019c   0x0000019c   0x00000000   Code   RO         3588    .ARM.Collect$$rtentry$$00000002  c_p.l(__rtentry2.o)
    0x0000019c   0x0000019c   0x00000006   Code   RO         3600    .ARM.Collect$$rtentry$$00000004  c_p.l(__rtentry4.o)
    0x000001a2   0x000001a2   0x00000000   Code   RO         3590    .ARM.Collect$$rtentry$$00000009  c_p.l(__rtentry2.o)
    0x000001a2   0x000001a2   0x00000004   Code   RO         3591    .ARM.Collect$$rtentry$$0000000A  c_p.l(__rtentry2.o)
    0x000001a6   0x000001a6   0x00000000   Code   RO         3593    .ARM.Collect$$rtentry$$0000000C  c_p.l(__rtentry2.o)
    0x000001a6   0x000001a6   0x00000008   Code   RO         3594    .ARM.Collect$$rtentry$$0000000D  c_p.l(__rtentry2.o)
    0x000001ae   0x000001ae   0x00000002   Code   RO         3631    .ARM.Collect$$rtexit$$00000000  c_p.l(rtexit.o)
    0x000001b0   0x000001b0   0x00000000   Code   RO         3687    .ARM.Collect$$rtexit$$00000002  c_p.l(rtexit2.o)
    0x000001b0   0x000001b0   0x00000004   Code   RO         3688    .ARM.Collect$$rtexit$$00000003  c_p.l(rtexit2.o)
    0x000001b4   0x000001b4   0x00000006   Code   RO         3689    .ARM.Collect$$rtexit$$00000004  c_p.l(rtexit2.o)
    0x000001ba   0x000001ba   0x00000002   PAD
    0x000001bc   0x000001bc   0x0000003c   Code   RO         3314    .text               startup_cms32m6510.o
    0x000001f8   0x000001f8   0x00000040   Code   RO         3537    .text               c_p.l(rt_memclr.o)
    0x00000238   0x00000238   0x000001e8   Code   RO         3539    .text               c_p.l(aeabi_sdivfast.o)
    0x00000420   0x00000420   0x00000006   Code   RO         3543    .text               c_p.l(heapauxi.o)
    0x00000426   0x00000426   0x00000002   PAD
    0x00000428   0x00000428   0x0000007c   Code   RO         3547    .text               fz_ps.l(d2f.o)
    0x000004a4   0x000004a4   0x0000006c   Code   RO         3549    .text               fz_ps.l(dfixi.o)
    0x00000510   0x00000510   0x00000160   Code   RO         3557    .text               fz_ps.l(fdiv.o)
    0x00000670   0x00000670   0x0000004c   Code   RO         3560    .text               fz_ps.l(ffixi.o)
    0x000006bc   0x000006bc   0x0000005e   Code   RO         3562    .text               fz_ps.l(fflti.o)
    0x0000071a   0x0000071a   0x00000002   PAD
    0x0000071c   0x0000071c   0x00000044   Code   RO         3568    .text               fz_ps.l(fscalbn.o)
    0x00000760   0x00000760   0x0000003e   Code   RO         3610    .text               c_p.l(sys_stackheap_outer.o)
    0x0000079e   0x0000079e   0x00000010   Code   RO         3613    .text               c_p.l(exit.o)
    0x000007ae   0x000007ae   0x00000002   PAD
    0x000007b0   0x000007b0   0x00000008   Code   RO         3627    .text               c_p.l(libspace.o)
    0x000007b8   0x000007b8   0x0000000c   Code   RO         3684    .text               c_p.l(sys_exit.o)
    0x000007c4   0x000007c4   0x00000002   Code   RO         3703    .text               c_p.l(use_no_semi.o)
    0x000007c6   0x000007c6   0x00000000   Code   RO         3705    .text               c_p.l(indicate_semi.o)
    0x000007c6   0x000007c6   0x00000056   Code   RO          448    i.ACMP1_Init        hardinit.o
    0x0000081c   0x0000081c   0x0000002c   Code   RO         1042    i.ACMPOut_Enable    acmp.o
    0x00000848   0x00000848   0x00000014   Code   RO         1043    i.ACMP_ClearIntFlag  acmp.o
    0x0000085c   0x0000085c   0x0000003c   Code   RO         1044    i.ACMP_ConfigEventAndIntMode  acmp.o
    0x00000898   0x00000898   0x00000040   Code   RO         1045    i.ACMP_ConfigNegative  acmp.o
    0x000008d8   0x000008d8   0x00000038   Code   RO         1046    i.ACMP_ConfigPositive  acmp.o
    0x00000910   0x00000910   0x0000002c   Code   RO         1050    i.ACMP_EnableEventOut  acmp.o
    0x0000093c   0x0000093c   0x00000044   Code   RO         1051    i.ACMP_EnableHYS    acmp.o
    0x00000980   0x00000980   0x0000001c   Code   RO         1052    i.ACMP_EnableInt    acmp.o
    0x0000099c   0x0000099c   0x00000050   Code   RO         1053    i.ACMP_Filter_Config  acmp.o
    0x000009ec   0x000009ec   0x0000003c   Code   RO          384    i.ACMP_IRQHandler   interrupt.o
    0x00000a28   0x00000a28   0x00000038   Code   RO         1056    i.ACMP_Polarity_Config  acmp.o
    0x00000a60   0x00000a60   0x0000002c   Code   RO         1057    i.ACMP_Start        acmp.o
    0x00000a8c   0x00000a8c   0x00000018   Code   RO         1452    i.ADCLDO_Disable    adcldo.o
    0x00000aa4   0x00000aa4   0x0000001c   Code   RO         1454    i.ADCLDO_OutVlotageSel  adcldo.o
    0x00000ac0   0x00000ac0   0x00000018   Code   RO          577    i.ADC_ClearAllInt_Flag  softinit.o
    0x00000ad8   0x00000ad8   0x00000020   Code   RO         1176    i.ADC_ConfigChannelSwitchMode  adc.o
    0x00000af8   0x00000af8   0x00000030   Code   RO         1178    i.ADC_ConfigRunMode  adc.o
    0x00000b28   0x00000b28   0x00000020   Code   RO         1180    i.ADC_ConfigVREF    adc.o
    0x00000b48   0x00000b48   0x0000001c   Code   RO         1182    i.ADC_DisableChargeAndDischarge  adc.o
    0x00000b64   0x00000b64   0x00000018   Code   RO         1185    i.ADC_DisableEPWMCmp0TriggerChannel  adc.o
    0x00000b7c   0x00000b7c   0x00000018   Code   RO         1187    i.ADC_DisableEPWMCmp1TriggerChannel  adc.o
    0x00000b94   0x00000b94   0x00000018   Code   RO         1189    i.ADC_DisableEPWMTriggerChannel  adc.o
    0x00000bac   0x00000bac   0x00000018   Code   RO         1198    i.ADC_EnableEPWMCmp0TriggerChannel  adc.o
    0x00000bc4   0x00000bc4   0x00000018   Code   RO         1200    i.ADC_EnableEPWMCmp1TriggerChannel  adc.o
    0x00000bdc   0x00000bdc   0x00000018   Code   RO         1202    i.ADC_EnableEPWMTriggerChannel  adc.o
    0x00000bf4   0x00000bf4   0x000000d8   Code   RO         1203    i.ADC_EnableHardwareTrigger  adc.o
    0x00000ccc   0x00000ccc   0x00000030   Code   RO          385    i.ADC_IRQHandler    interrupt.o
    0x00000cfc   0x00000cfc   0x00000072   Code   RO          450    i.ADC_Init          hardinit.o
    0x00000d6e   0x00000d6e   0x00000002   PAD
    0x00000d70   0x00000d70   0x000000c4   Code   RO          728    i.ADC_Sample        mc_ctrl.o
    0x00000e34   0x00000e34   0x00000018   Code   RO         1215    i.ADC_Start         adc.o
    0x00000e4c   0x00000e4c   0x00000044   Code   RO          578    i.ADC_TGSAMP_CONFIG  softinit.o
    0x00000e90   0x00000e90   0x00000060   Code   RO          451    i.CCP_Capture_Init  hardinit.o
    0x00000ef0   0x00000ef0   0x00000014   Code   RO         1491    i.CCP_ClearCAPMode2IntFlag  ccp.o
    0x00000f04   0x00000f04   0x00000028   Code   RO         1496    i.CCP_ConfigCAPMode2  ccp.o
    0x00000f2c   0x00000f2c   0x0000004c   Code   RO         1497    i.CCP_ConfigCLK     ccp.o
    0x00000f78   0x00000f78   0x00000078   Code   RO         1498    i.CCP_ConfigCompare  ccp.o
    0x00000ff0   0x00000ff0   0x0000005c   Code   RO         1508    i.CCP_DisableReverseOutput  ccp.o
    0x0000104c   0x0000104c   0x0000001c   Code   RO         1509    i.CCP_DisableRun    ccp.o
    0x00001068   0x00001068   0x0000001c   Code   RO         1514    i.CCP_EnableCAPMode2  ccp.o
    0x00001084   0x00001084   0x00000030   Code   RO         1520    i.CCP_EnablePWMMode  ccp.o
    0x000010b4   0x000010b4   0x0000001c   Code   RO         1522    i.CCP_EnableRun     ccp.o
    0x000010d0   0x000010d0   0x00000034   Code   RO         1528    i.CCP_GetCAPMode2Result  ccp.o
    0x00001104   0x00001104   0x000000d4   Code   RO          386    i.CCP_IRQHandler    interrupt.o
    0x000011d8   0x000011d8   0x0000007c   Code   RO            3    i.CCP_PWM_Config    user_control.o
    0x00001254   0x00001254   0x00000048   Code   RO          452    i.CCP_PWM_GPIO      hardinit.o
    0x0000129c   0x0000129c   0x00000070   Code   RO         1533    i.CCP_SelCAPMode2Channel  ccp.o
    0x0000130c   0x0000130c   0x00000030   Code   RO         1534    i.CCP_Start         ccp.o
    0x0000133c   0x0000133c   0x00000030   Code   RO         1535    i.CCP_Stop          ccp.o
    0x0000136c   0x0000136c   0x00000018   Code   RO         1805    i.CGC_PER11PeriphClockCmd  cgc.o
    0x00001384   0x00001384   0x00000018   Code   RO         1806    i.CGC_PER12PeriphClockCmd  cgc.o
    0x0000139c   0x0000139c   0x00000018   Code   RO         1807    i.CGC_PER13PeriphClockCmd  cgc.o
    0x000013b4   0x000013b4   0x00000090   Code   RO         3320    i.CLK_GetHocoFreq   system_cms32m6510.o
    0x00001444   0x00001444   0x00000014   Code   RO         1891    i.DAC_ConfigInput   dac.o
    0x00001458   0x00001458   0x00000038   Code   RO          454    i.DAC_Init          hardinit.o
    0x00001490   0x00001490   0x00000018   Code   RO         1892    i.DAC_Start         dac.o
    0x000014a8   0x000014a8   0x00000010   Code   RO         1967    i.DIVSQRT_EnableDIVMode  divsqrt.o
    0x000014b8   0x000014b8   0x00000010   Code   RO         1969    i.DIVSQRT_EnableSingedMode  divsqrt.o
    0x000014c8   0x000014c8   0x0000001c   Code   RO          580    i.DelayTime_ms      softinit.o
    0x000014e4   0x000014e4   0x00000018   Code   RO         2035    i.EPWM_AllBrakeEnable  epwm.o
    0x000014fc   0x000014fc   0x0000001c   Code   RO         2036    i.EPWM_ClearBrake   epwm.o
    0x00001518   0x00001518   0x00000010   Code   RO         2037    i.EPWM_ClearBrakeIntFlag  epwm.o
    0x00001528   0x00001528   0x00000034   Code   RO         2050    i.EPWM_ConfigChannelAsymDuty  epwm.o
    0x0000155c   0x0000155c   0x00000038   Code   RO         2051    i.EPWM_ConfigChannelClk  epwm.o
    0x00001594   0x00001594   0x00000030   Code   RO         2052    i.EPWM_ConfigChannelPeriod  epwm.o
    0x000015c4   0x000015c4   0x0000002c   Code   RO         2054    i.EPWM_ConfigCompareTriger  epwm.o
    0x000015f0   0x000015f0   0x00000020   Code   RO         2055    i.EPWM_ConfigFaultBrakeLevel  epwm.o
    0x00001610   0x00001610   0x0000002c   Code   RO         2057    i.EPWM_ConfigRunMode  epwm.o
    0x0000163c   0x0000163c   0x00000020   Code   RO         2074    i.EPWM_DisableReverseOutput  epwm.o
    0x0000165c   0x0000165c   0x0000001c   Code   RO         2081    i.EPWM_EnableAutoLoadMode  epwm.o
    0x00001678   0x00001678   0x00000084   Code   RO         2086    i.EPWM_EnableDeadZone  epwm.o
    0x000016fc   0x000016fc   0x00000018   Code   RO         2092    i.EPWM_EnableFaultBrake  epwm.o
    0x00001714   0x00001714   0x00000018   Code   RO         2099    i.EPWM_EnableOutput  epwm.o
    0x0000172c   0x0000172c   0x00000018   Code   RO         2104    i.EPWM_EnableZeroInt  epwm.o
    0x00001744   0x00001744   0x000000bc   Code   RO          387    i.EPWM_IRQHandler   interrupt.o
    0x00001800   0x00001800   0x00000158   Code   RO          455    i.EPWM_R1_Init      hardinit.o
    0x00001958   0x00001958   0x0000001c   Code   RO         2116    i.EPWM_Start        epwm.o
    0x00001974   0x00001974   0x00000002   Code   RO          229    i.FMC_IRQHandler    isr.o
    0x00001976   0x00001976   0x00000002   PAD
    0x00001978   0x00001978   0x0000005c   Code   RO         3473    i.FOC_Adap_Angle_Init  CMS_65_FOCB_V220.lib(mc_adaption.o)
    0x000019d4   0x000019d4   0x000000bc   Code   RO         3474    i.FOC_Adaption_Angle_Calc  CMS_65_FOCB_V220.lib(mc_adaption.o)
    0x00001a90   0x00001a90   0x00000134   Code   RO         3441    i.FOC_ArcTan_Cal    CMS_65_FOCB_V220.lib(mc_pmsm.o)
    0x00001bc4   0x00001bc4   0x00000234   Code   RO         3371    i.FOC_BEMF_Detection  CMS_65_FOCB_V220.lib(mc_foc_ctr.o)
    0x00001df8   0x00001df8   0x00000038   Code   RO         3372    i.FOC_BEMF_Init     CMS_65_FOCB_V220.lib(mc_foc_ctr.o)
    0x00001e30   0x00001e30   0x00000100   Code   RO         3475    i.FOC_BaseParameter_Init  CMS_65_FOCB_V220.lib(mc_adaption.o)
    0x00001f30   0x00001f30   0x00000108   Code   RO          874    i.FOC_ControlPara_Init  mc_foc.o
    0x00002038   0x00002038   0x0000018c   Code   RO          875    i.FOC_Control_Align  mc_foc.o
    0x000021c4   0x000021c4   0x00000120   Code   RO          879    i.FOC_Control_Process  mc_foc.o
    0x000022e4   0x000022e4   0x000002f4   Code   RO          880    i.FOC_Control_Run   mc_foc.o
    0x000025d8   0x000025d8   0x00000314   Code   RO          881    i.FOC_Control_Start  mc_foc.o
    0x000028ec   0x000028ec   0x00000264   Code   RO          882    i.FOC_Control_Stop  mc_foc.o
    0x00002b50   0x00002b50   0x000002f4   Code   RO          883    i.FOC_Control_Switch  mc_foc.o
    0x00002e44   0x00002e44   0x0000024c   Code   RO          884    i.FOC_Control_Wind  mc_foc.o
    0x00003090   0x00003090   0x000000dc   Code   RO         3373    i.FOC_DQCurrent_PIRegulator  CMS_65_FOCB_V220.lib(mc_foc_ctr.o)
    0x0000316c   0x0000316c   0x000001ac   Code   RO         3443    i.FOC_DoubleShunt_Calc  CMS_65_FOCB_V220.lib(mc_pmsm.o)
    0x00003318   0x00003318   0x00000014   Code   RO         3419    i.FOC_OpenLoop_Init  CMS_65_FOCB_V220.lib(mc_openloop.o)
    0x0000332c   0x0000332c   0x000000a4   Code   RO         3427    i.FOC_PID_Parameter_Init  CMS_65_FOCB_V220.lib(mc_pic.o)
    0x000033d0   0x000033d0   0x0000008c   Code   RO          886    i.FOC_Read_Current  mc_foc.o
    0x0000345c   0x0000345c   0x000001f4   Code   RO         3493    i.FOC_RotorPosition_Calc  CMS_65_FOCB_V220.lib(mc_rfo_est.o)
    0x00003650   0x00003650   0x00000178   Code   RO         3376    i.FOC_RotorPosition_Detection  CMS_65_FOCB_V220.lib(mc_foc_ctr.o)
    0x000037c8   0x000037c8   0x0000000c   Code   RO         3476    i.FOC_RotorPosition_Init  CMS_65_FOCB_V220.lib(mc_adaption.o)
    0x000037d4   0x000037d4   0x0000009c   Code   RO         3494    i.FOC_Rpd_Angle_Init  CMS_65_FOCB_V220.lib(mc_rfo_est.o)
    0x00003870   0x00003870   0x00000018   Code   RO         3465    i.FOC_SingleShunt_Init  CMS_65_FOCB_V220.lib(mc_single.o)
    0x00003888   0x00003888   0x00000070   Code   RO          888    i.FOC_Start_Init    mc_foc.o
    0x000038f8   0x000038f8   0x00000064   Code   RO          889    i.FOC_Stop_Check    mc_foc.o
    0x0000395c   0x0000395c   0x00000002   Code   RO          388    i.FOC_User_Control  interrupt.o
    0x0000395e   0x0000395e   0x00000002   PAD
    0x00003960   0x00003960   0x00000110   Code   RO          583    i.GET_ADC_REF_VAL   softinit.o
    0x00003a70   0x00003a70   0x000000f0   Code   RO         2582    i.GPIO_Init         gpio.o
    0x00003b60   0x00003b60   0x00000014   Code   RO         3477    i.HWDIV_Div         CMS_65_FOCB_V220.lib(mc_adaption.o)
    0x00003b74   0x00003b74   0x00000020   Code   RO          230    i.HardFault_Handler  isr.o
    0x00003b94   0x00003b94   0x00000002   Code   RO          231    i.I2C0_IRQHandler   isr.o
    0x00003b96   0x00003b96   0x00000002   Code   RO          232    i.INTP0_IRQHandler  isr.o
    0x00003b98   0x00003b98   0x00000002   Code   RO          233    i.INTP1_IRQHandler  isr.o
    0x00003b9a   0x00003b9a   0x00000002   Code   RO          234    i.INTP3_IRQHandler  isr.o
    0x00003b9c   0x00003b9c   0x00000002   Code   RO          235    i.LSITIMER_IRQHandler  isr.o
    0x00003b9e   0x00003b9e   0x00000002   PAD
    0x00003ba0   0x00003ba0   0x0000000c   Code   RO         3321    i.LVI_IRQHandler    system_cms32m6510.o
    0x00003bac   0x00003bac   0x00000090   Code   RO          584    i.MC_BasePara_Init  softinit.o
    0x00003c3c   0x00003c3c   0x00000064   Code   RO          585    i.MC_BaseValue_Init  softinit.o
    0x00003ca0   0x00003ca0   0x000001a0   Code   RO          587    i.MC_FOCPara_Init   softinit.o
    0x00003e40   0x00003e40   0x0000006c   Code   RO          588    i.MC_FaultPara_Init  softinit.o
    0x00003eac   0x00003eac   0x00000008   Code   RO          733    i.MC_MotorFault_Check  mc_ctrl.o
    0x00003eb4   0x00003eb4   0x00000020   Code   RO          734    i.MC_MotorInit_Process  mc_ctrl.o
    0x00003ed4   0x00003ed4   0x0000004c   Code   RO          735    i.MC_MotorSpeed_Calc  mc_ctrl.o
    0x00003f20   0x00003f20   0x00000038   Code   RO          590    i.MC_OpenLoop_Init  softinit.o
    0x00003f58   0x00003f58   0x00000118   Code   RO          591    i.MC_Para_Init      softinit.o
    0x00004070   0x00004070   0x000000e8   Code   RO          736    i.MC_PhaseLoss_Check  mc_ctrl.o
    0x00004158   0x00004158   0x00000064   Code   RO          592    i.MC_SampPara_Init  softinit.o
    0x000041bc   0x000041bc   0x0000018c   Code   RO          738    i.MC_Speed_Control  mc_ctrl.o
    0x00004348   0x00004348   0x00000040   Code   RO          594    i.MC_UserPowerSet_Init  softinit.o
    0x00004388   0x00004388   0x00000040   Code   RO          741    i.Motor_Actual_Calculate  mc_ctrl.o
    0x000043c8   0x000043c8   0x00000002   Code   RO          236    i.NMI_Handler       isr.o
    0x000043ca   0x000043ca   0x00000002   PAD
    0x000043cc   0x000043cc   0x00000028   Code   RO         2869    i.PGA0_ConfigResistorPAD  pga.o
    0x000043f4   0x000043f4   0x00000020   Code   RO         2870    i.PGA0_Filter       pga.o
    0x00004414   0x00004414   0x0000005a   Code   RO          458    i.PGA0_Init         hardinit.o
    0x0000446e   0x0000446e   0x00000002   PAD
    0x00004470   0x00004470   0x0000004c   Code   RO         2871    i.PGA_ConfigGain    pga.o
    0x000044bc   0x000044bc   0x00000044   Code   RO         2873    i.PGA_EnableOutput  pga.o
    0x00004500   0x00004500   0x0000004c   Code   RO         2874    i.PGA_ModeSet       pga.o
    0x0000454c   0x0000454c   0x0000003c   Code   RO         2875    i.PGA_Start         pga.o
    0x00004588   0x00004588   0x00000044   Code   RO         2877    i.PGA_VrefCtrl      pga.o
    0x000045cc   0x000045cc   0x00000050   Code   RO         3428    i.PID_CALC          CMS_65_FOCB_V220.lib(mc_pic.o)
    0x0000461c   0x0000461c   0x00000014   Code   RO         2583    i.PORT_ClrBit       gpio.o
    0x00004630   0x00004630   0x00000020   Code   RO         2584    i.PORT_GetBit       gpio.o
    0x00004650   0x00004650   0x00000010   Code   RO         2586    i.PORT_SetBit       gpio.o
    0x00004660   0x00004660   0x00000070   Code   RO            4    i.PWM_AD_Speed_Control  user_control.o
    0x000046d0   0x000046d0   0x00000002   Code   RO          237    i.PendSV_Handler    isr.o
    0x000046d2   0x000046d2   0x00000002   PAD
    0x000046d4   0x000046d4   0x00000010   Code   RO         2588    i.RESTPinGpio_Set   gpio.o
    0x000046e4   0x000046e4   0x00000002   Code   RO          238    i.SSP0_IRQHandler   isr.o
    0x000046e6   0x000046e6   0x00000002   Code   RO          239    i.SVC_Handler       isr.o
    0x000046e8   0x000046e8   0x00000048   Code   RO          742    i.SysTick_1ms       mc_ctrl.o
    0x00004730   0x00004730   0x000000c4   Code   RO          389    i.SysTick_Handler   interrupt.o
    0x000047f4   0x000047f4   0x00000010   Code   RO         3322    i.SystemCoreClockUpdate  system_cms32m6510.o
    0x00004804   0x00004804   0x00000074   Code   RO         3323    i.SystemInit        system_cms32m6510.o
    0x00004878   0x00004878   0x000000e4   Code   RO          743    i.System_Control    mc_ctrl.o
    0x0000495c   0x0000495c   0x000000d8   Code   RO          464    i.System_Init       hardinit.o
    0x00004a34   0x00004a34   0x00000040   Code   RO          744    i.System_Modules_off  mc_ctrl.o
    0x00004a74   0x00004a74   0x00000002   Code   RO          240    i.TIMER0_IRQHandler  isr.o
    0x00004a76   0x00004a76   0x00000002   PAD
    0x00004a78   0x00004a78   0x0000000c   Code   RO          390    i.TIMER1_IRQHandler  interrupt.o
    0x00004a84   0x00004a84   0x00000002   Code   RO          241    i.TM00_IRQHandler   isr.o
    0x00004a86   0x00004a86   0x00000002   Code   RO          242    i.TM01H_IRQHandler  isr.o
    0x00004a88   0x00004a88   0x00000002   Code   RO          243    i.TM01_IRQHandler   isr.o
    0x00004a8a   0x00004a8a   0x00000002   Code   RO          244    i.TM02_IRQHandler   isr.o
    0x00004a8c   0x00004a8c   0x00000002   Code   RO          245    i.TM03_IRQHandler   isr.o
    0x00004a8e   0x00004a8e   0x00000002   Code   RO          246    i.UART0_IRQHandler  isr.o
    0x00004a90   0x00004a90   0x00000020   Code   RO          745    i.User_MotorSpeed_Set  mc_ctrl.o
    0x00004ab0   0x00004ab0   0x00000010   Code   RO          747    i.User_Motor_Off    mc_ctrl.o
    0x00004ac0   0x00004ac0   0x00000010   Code   RO          748    i.User_Motor_On     mc_ctrl.o
    0x00004ad0   0x00004ad0   0x000000f8   Code   RO            7    i.User_Speed_Capture  user_control.o
    0x00004bc8   0x00004bc8   0x00000008   Code   RO            8    i.User_Speed_Control  user_control.o
    0x00004bd0   0x00004bd0   0x000000a8   Code   RO            9    i.User_Speed_Out    user_control.o
    0x00004c78   0x00004c78   0x0000000c   Code   RO         3293    i.WDT_Restart       wdt.o
    0x00004c84   0x00004c84   0x00000058   Code   RO          596    i.__EI_Set          softinit.o
    0x00004cdc   0x00004cdc   0x00000044   Code   RO          598    i.__NVIC_SetPriority  softinit.o
    0x00004d20   0x00004d20   0x00000024   Code   RO          360    i.main              main.o
    0x00004d44   0x00004d44   0x0000008c   Code   RO         3551    x$fpl$fadd          fz_ps.l(faddsub.o)
    0x00004dd0   0x00004dd0   0x000000b0   Code   RO         3564    x$fpl$fmul          fz_ps.l(fmul.o)
    0x00004e80   0x00004e80   0x000000d0   Code   RO         3553    x$fpl$fsub          fz_ps.l(faddsub.o)
    0x00004f50   0x00004f50   0x00000000   Code   RO         3586    x$fpl$usenofp       fz_ps.l(usenofp.o)
    0x00004f50   0x00004f50   0x00000400   Data   RO         3400    .constdata          CMS_65_FOCB_V220.lib(mc_math.o)
    0x00005350   0x00005350   0x00000300   Data   RO         3448    .constdata          CMS_65_FOCB_V220.lib(mc_pmsm.o)
    0x00005650   0x00005650   0x00000040   Data   RO         3558    .constdata          fz_ps.l(fdiv.o)
    0x00005690   0x00005690   0x00000030   Data   RO         3755    Region$$Table       anon$$obj.o


    Execution Region RW_IRAM1 (Exec base: 0x20000000, Load base: 0x000056c0, Size: 0x00001900, Max: 0x00002000, ABSOLUTE)

    Exec Addr    Load Addr    Size         Type   Attr      Idx    E Section Name        Object

    0x20000000   0x000056c0   0x000002dc   Code   RO         3370    RAMCODE             CMS_65_FOCB_V220.lib(mc_foc_ctr.o)
    0x200002dc   0x0000599c   0x00000224   Code   RO         3411    RAMCODE             CMS_65_FOCB_V220.lib(mc_obse.o)
    0x20000500   0x00005bc0   0x00000068   Code   RO         3438    RAMCODE             CMS_65_FOCB_V220.lib(mc_pmsm.o)
    0x20000568   0x00005c28   0x000003cc   Code   RO         3464    RAMCODE             CMS_65_FOCB_V220.lib(mc_single.o)
    0x20000934   0x00005ff4   0x0000000c   Ven    RO         3770    Veneer$$Code        anon$$obj.o
    0x20000940   0x00006000   0x00000001   Data   RW          392    .data               interrupt.o
    0x20000941   0x00006001   0x00000003   PAD
    0x20000944   0x00006004   0x00000008   Data   RW          600    .data               softinit.o
    0x2000094c   0x0000600c   0x00000001   Data   RW          601    .data               softinit.o
    0x2000094d   0x0000600d   0x00000003   PAD
    0x20000950   0x00006010   0x00000038   Data   RW          751    .data               mc_ctrl.o
    0x20000988   0x00006048   0x00000058   Data   RW          892    .data               mc_foc.o
    0x200009e0   0x000060a0   0x00000004   Data   RW         3325    .data               system_cms32m6510.o
    0x200009e4   0x000060a4   0x00000044   Data   RW         3380    .data               CMS_65_FOCB_V220.lib(mc_foc_ctr.o)
    0x20000a28   0x000060e8   0x0000000c   Data   RW         3413    .data               CMS_65_FOCB_V220.lib(mc_obse.o)
    0x20000a34   0x000060f4   0x00000004   Data   RW         3431    .data               CMS_65_FOCB_V220.lib(mc_pic.o)
    0x20000a38   0x000060f8   0x00000008   Data   RW         3496    .data               CMS_65_FOCB_V220.lib(mc_rfo_est.o)
    0x20000a40        -       0x00000068   Zero   RW           10    .bss                user_control.o
    0x20000aa8        -       0x00000334   Zero   RW          749    .bss                mc_ctrl.o
    0x20000ddc        -       0x00000054   Zero   RW          750    .bss                mc_ctrl.o
    0x20000e30        -       0x000000cc   Zero   RW          891    .bss                mc_foc.o
    0x20000efc        -       0x00000108   Zero   RW         3379    .bss                CMS_65_FOCB_V220.lib(mc_foc_ctr.o)
    0x20001004        -       0x00000070   Zero   RW         3412    .bss                CMS_65_FOCB_V220.lib(mc_obse.o)
    0x20001074        -       0x00000038   Zero   RW         3421    .bss                CMS_65_FOCB_V220.lib(mc_openloop.o)
    0x200010ac        -       0x00000014   Zero   RW         3466    .bss                CMS_65_FOCB_V220.lib(mc_single.o)
    0x200010c0        -       0x00000058   Zero   RW         3480    .bss                CMS_65_FOCB_V220.lib(mc_adaption.o)
    0x20001118        -       0x00000088   Zero   RW         3495    .bss                CMS_65_FOCB_V220.lib(mc_rfo_est.o)
    0x200011a0        -       0x00000060   Zero   RW         3628    .bss                c_p.l(libspace.o)
    0x20001200        -       0x00000100   Zero   RW         3312    HEAP                startup_cms32m6510.o
    0x20001300        -       0x00000600   Zero   RW         3311    STACK               startup_cms32m6510.o


==============================================================================

Image component sizes


      Code (inc. data)   RO Data    RW Data    ZI Data      Debug   Object Name

       564         52          0          0          0       6287   acmp.o
       524         70          0          0          0       6420   adc.o
        52          8          0          0          0       1016   adcldo.o
       740         94          0          0          0       7413   ccp.o
        72         18          0          0          0       1718   cgc.o
        44         10          0          0          0        934   dac.o
        32          8          0          0          0        935   divsqrt.o
       636        134          0          0          0       8732   epwm.o
       324         42          0          0          0       3444   gpio.o
      1074         64          0          0          0       5487   hardinit.o
       718        112          0          1          0       3987   interrupt.o
        66          4          0          0          0       8275   isr.o
        36          6          0          0          0        495   main.o
      1432        202          0         56        904      19262   mc_ctrl.o
      4800        750          0         88        204      14015   mc_foc.o
       420         42          0          0          0       4496   pga.o
      1816        464          0          9          0      17546   softinit.o
        60         28        192          0       1792        744   startup_cms32m6510.o
       288        112          4          4          0      11119   system_cms32m6510.o
       660         58          0          0        104      82557   user_control.o
        12          4          0          0          0        438   wdt.o

    ----------------------------------------------------------------------
     14482       2314        244        164       3004     205320   Object Totals
        96         32         48          0          0          0   (incl. Generated)
        16          0          0          6          0          0   (incl. Padding)

    ----------------------------------------------------------------------

      Code (inc. data)   RO Data    RW Data    ZI Data      Debug   Library Member Name

       568         50          0          0         88        340   mc_adaption.o
      1948        220          0         68        264        472   mc_foc_ctr.o
         0          0       1024          0          0          0   mc_math.o
       548         38          0         12        112         76   mc_obse.o
        20          6          0          0         56         60   mc_openloop.o
       244         38          0          4          0        132   mc_pic.o
       840         82        768          0          0        232   mc_pmsm.o
       656         60          0          8        136        152   mc_rfo_est.o
       996         72          0          0         20        180   mc_single.o
         8          0          0          0          0         68   __main.o
         0          0          0          0          0          0   __rtentry.o
        12          0          0          0          0          0   __rtentry2.o
         6          0          0          0          0          0   __rtentry4.o
        60          8          0          0          0          0   __scatter.o
        26          0          0          0          0          0   __scatter_copy.o
        28          0          0          0          0          0   __scatter_zi.o
       488          0          0          0          0         92   aeabi_sdivfast.o
        16          0          0          0          0         68   exit.o
         6          0          0          0          0        136   heapauxi.o
         0          0          0          0          0          0   indicate_semi.o
         2          0          0          0          0          0   libinit.o
         2          0          0          0          0          0   libinit2.o
         2          0          0          0          0          0   libshutdown.o
         2          0          0          0          0          0   libshutdown2.o
         8          4          0          0         96         68   libspace.o
        64          0          0          0          0        108   rt_memclr.o
         2          0          0          0          0          0   rtexit.o
        10          0          0          0          0          0   rtexit2.o
        12          4          0          0          0         60   sys_exit.o
        62          0          0          0          0         80   sys_stackheap_outer.o
         2          0          0          0          0         68   use_no_semi.o
       124          4          0          0          0         72   d2f.o
       108         10          0          0          0         72   dfixi.o
       348          8          0          0          0        160   faddsub.o
       352         10         64          0          0         92   fdiv.o
        76          0          0          0          0         68   ffixi.o
        94          0          0          0          0         92   fflti.o
       176          4          0          0          0         80   fmul.o
        68          4          0          0          0         68   fscalbn.o
         0          0          0          0          0          0   usenofp.o

    ----------------------------------------------------------------------
      7994        622       1856         92        772       3096   Library Totals
        10          0          0          0          0          0   (incl. Padding)

    ----------------------------------------------------------------------

      Code (inc. data)   RO Data    RW Data    ZI Data      Debug   Library Name

      5820        566       1792         92        676       1644   CMS_65_FOCB_V220.lib
       818         16          0          0         96        748   c_p.l
      1346         40         64          0          0        704   fz_ps.l

    ----------------------------------------------------------------------
      7994        622       1856         92        772       3096   Library Totals

    ----------------------------------------------------------------------

==============================================================================


      Code (inc. data)   RO Data    RW Data    ZI Data      Debug   

     22476       2936       2100        256       3776     200240   Grand Totals
     22476       2936       2100        256       3776     200240   ELF Image Totals
     22476       2936       2100        256          0          0   ROM Totals

==============================================================================

    Total RO  Size (Code + RO Data)                24576 (  24.00kB)
    Total RW  Size (RW Data + ZI Data)              4032 (   3.94kB)
    Total ROM Size (Code + RO Data + RW Data)      24832 (  24.25kB)

==============================================================================

